Error:   1) .ai/qa/tests/admin/TC-ADMIN-011.spec.ts:53:7 › TC-ADMIN-011: User Widget Override And Dashboard Enablement › should enable widgets for current admin user and switch them on in dashboard 
    Test timeout of 20000ms exceeded.
Error:   1) .ai/qa/tests/admin/TC-ADMIN-011.spec.ts:53:7 › TC-ADMIN-011: User Widget Override And Dashboard Enablement › should enable widgets for current admin user and switch them on in dashboard 
    Error: locator.check: Test timeout of 20000ms exceeded.
    Call log:
      - waiting for getByRole('checkbox', { name: /New Orders/i })


      110 |       await expect(page.getByText('Dashboard Widgets')).toBeVisible();
      111 |       await page.getByRole('radio', { name: 'Override for this user' }).check();
    > 112 |       await page.getByRole('checkbox', { name: /New Orders/i }).check();
          |                                                                 ^
      113 |       await page.getByRole('checkbox', { name: /New Quotes/i }).check();
      114 |       await page.getByRole('button', { name: 'Save widgets' }).click();
      115 |       await expect(page.getByText('Dashboard widgets updated').first()).toBeVisible();
        at /home/runner/work/open-mercato/open-mercato/.ai/qa/tests/admin
Error:   1) .ai/qa/tests/admin/TC-ADMIN-011.spec.ts:53:7 › TC-ADMIN-011: User Widget Override And Dashboard Enablement › should enable widgets for current admin user and switch them on in dashboard 

    Retry #1 ───────────────────────────────────────────────────────────────────────────────────────
    Test timeout of 20000ms exceeded.
Error:   1) .ai/qa/tests/admin/TC-ADMIN-011.spec.ts:53:7 › TC-ADMIN-011: User Widget Override And Dashboard Enablement › should enable widgets for current admin user and switch them on in dashboard 

    Retry #1 ───────────────────────────────────────────────────────────────────────────────────────
    Error: locator.check: Test timeout of 20000ms exceeded.
    Call log:
      - waiting for getByRole('checkbox', { name: /New Orders/i })


      110 |       await expect(page.getByText('Dashboard Widgets')).toBeVisible();
      111 |       await page.getByRole('radio', { name: 'Override for this user' }).check();
    > 112 |       await page.getByRole('checkbox', { name: /New Orders/i }).check();
          |                                                                 ^
      113 |       await page.getByRole('checkbox', { name: /New Quotes/i }).check();
      114 |       await page.getByRole('button', { name: 'Save widgets' }).click();
      115 |       await expect(page.getByText('Dashboard widgets updat
Error:   2) .ai/qa/tests/integration/TC-INT-006.spec.ts:9:7 › TC-INT-006: Embedded Settings Headings on Resource and Team Member Detail › should render embedded settings sections without the old edit-form header rows 
    Error: Resource fixture should be created

    expect(received).toBeTruthy()

    Received: false

      24 |         data: { name: resourceName },
      25 |       });
    > 26 |       expect(resourceCreateResponse.ok(), 'Resource fixture should be created').toBeTruthy();
         |                                                                                 ^
      27 |       const resourceCreateBody = (await resourceCreateResponse.json()) as { id?: string | null };
      28 |       resourceId = typeof resourceCreateBody.id === 'string' ? resourceCreateBody.id : null;
      29 |       expect(resourceId, 'Resource id should be returned by create response').toBeTruthy();
        at /home/runner/work/open-mercato/open-mercato/.ai/qa/tests/integration/TC-INT-006.spec.ts:26:81
Error:   2) .ai/qa/tests/integration/TC-INT-006.spec.ts:9:7 › TC-INT-006: Embedded Settings Headings on Resource and Team Member Detail › should render embedded settings sections without the old edit-form header rows 

    Retry #1 ───────────────────────────────────────────────────────────────────────────────────────
    Error: Resource fixture should be created

    expect(received).toBeTruthy()

    Received: false

      24 |         data: { name: resourceName },
      25 |       });
    > 26 |       expect(resourceCreateResponse.ok(), 'Resource fixture should be created').toBeTruthy();
         |                                                                                 ^
      27 |       const resourceCreateBody = (await resourceCreateResponse.json()) as { id?: string | null };
      28 |       resourceId = typeof resourceCreateBody.id === 'string' ? resourceCreateBody.id : null;
      29 |       expect(resourceId, 'Resource id should be returned by create response').toBeTruthy();
        at /hom
Error:   3) apps/mercato/src/modules/example/__integration__/TC-UMES-002.spec.ts:41:3 › TC-UMES-002: Response Enrichers › TC-UMES-R01: GET single person includes enriched _example fields 
    Error: Failed POST /api/customers/people: 404

    expect(received).toBeTruthy()

    Received: false

       at packages/core/src/helpers/integration/crmFixtures.ts:41

      39 |   const response = await apiRequest(request, 'POST', path, { token, data });
      40 |   const payload = await readJsonSafe(response);
    > 41 |   expect(response.ok(), `Failed POST ${path}: ${response.status()}`).toBeTruthy();
         |                                                                      ^
      42 |   const id = findStringByKeys(payload, idKeys);
      43 |   expect(id, `No id in ${path} response`).toBeTruthy();
      44 |   return id as string;
        at createEntity (/home/runner/work/open-mercato/open-mercato/packages/core/src/helpers/integration/crmFixtures.ts:41:70)
        at /home/runner/work/open-mercato/open-m
Error:   3) apps/mercato/src/modules/example/__integration__/TC-UMES-002.spec.ts:41:3 › TC-UMES-002: Response Enrichers › TC-UMES-R01: GET single person includes enriched _example fields 

    Retry #1 ───────────────────────────────────────────────────────────────────────────────────────
    Error: Failed POST /api/customers/people: 404

    expect(received).toBeTruthy()

    Received: false

       at packages/core/src/helpers/integration/crmFixtures.ts:41

      39 |   const response = await apiRequest(request, 'POST', path, { token, data });
      40 |   const payload = await readJsonSafe(response);
    > 41 |   expect(response.ok(), `Failed POST ${path}: ${response.status()}`).toBeTruthy();
         |                                                                      ^
      42 |   const id = findStringByKeys(payload, idKeys);
      43 |   expect(id, `No id in ${path} response`).toBeTruthy();
      44 |   return id as string;
        at createEntity (/home/runner/work/open-mercato/open-mercato/packag
Error:   4) apps/mercato/src/modules/example/__integration__/TC-UMES-002.spec.ts:84:3 › TC-UMES-002: Response Enrichers › TC-UMES-R02: GET person list enriches all records via enrichMany 
    Error: expect(received).toBeTruthy()

    Received: false

      89 |       token,
      90 |     })
    > 91 |     expect(getResponse.ok()).toBeTruthy()
         |                              ^
      92 |     const body = await getResponse.json()
      93 |     const items = body?.items ?? body?.data ?? []
      94 |
        at /home/runner/work/open-mercato/open-mercato/apps/mercato/src/modules/example/__integration__/TC-UMES-002.spec.ts:91:30
Error:   4) apps/mercato/src/modules/example/__integration__/TC-UMES-002.spec.ts:84:3 › TC-UMES-002: Response Enrichers › TC-UMES-R02: GET person list enriches all records via enrichMany 

    Retry #1 ───────────────────────────────────────────────────────────────────────────────────────
    Error: expect(received).toBeTruthy()

    Received: false

      89 |       token,
      90 |     })
    > 91 |     expect(getResponse.ok()).toBeTruthy()
         |                              ^
      92 |     const body = await getResponse.json()
      93 |     const items = body?.items ?? body?.data ?? []
      94 |
        at /home/runner/work/open-mercato/open-mercato/apps/mercato/src/modules/example/__integration__/TC-UMES-002.spec.ts:91:30
Error:   5) apps/mercato/src/modules/example/__integration__/TC-UMES-002.spec.ts:105:3 › TC-UMES-002: Response Enrichers › TC-UMES-R07: multi-id query returns only requested IDs with enrichment metadata 
    Error: Failed POST /api/customers/people: 404

    expect(received).toBeTruthy()

    Received: false

       at packages/core/src/helpers/integration/crmFixtures.ts:41

      39 |   const response = await apiRequest(request, 'POST', path, { token, data });
      40 |   const payload = await readJsonSafe(response);
    > 41 |   expect(response.ok(), `Failed POST ${path}: ${response.status()}`).toBeTruthy();
         |                                                                      ^
      42 |   const id = findStringByKeys(payload, idKeys);
      43 |   expect(id, `No id in ${path} response`).toBeTruthy();
      44 |   return id as string;
        at createEntity (/home/runner/work/open-mercato/open-mercato/packages/core/src/helpers/integration/crmFixtures.ts:41:70)
        at /home/runner/work/ope
Error:   5) apps/mercato/src/modules/example/__integration__/TC-UMES-002.spec.ts:105:3 › TC-UMES-002: Response Enrichers › TC-UMES-R07: multi-id query returns only requested IDs with enrichment metadata 

    Retry #1 ───────────────────────────────────────────────────────────────────────────────────────
    Error: Failed POST /api/customers/people: 404

    expect(received).toBeTruthy()

    Received: false

       at packages/core/src/helpers/integration/crmFixtures.ts:41

      39 |   const response = await apiRequest(request, 'POST', path, { token, data });
      40 |   const payload = await readJsonSafe(response);
    > 41 |   expect(response.ok(), `Failed POST ${path}: ${response.status()}`).toBeTruthy();
         |                                                                      ^
      42 |   const id = findStringByKeys(payload, idKeys);
      43 |   expect(id, `No id in ${path} response`).toBeTruthy();
      44 |   return id as string;
        at createEntity (/home/runner/work/open-mercato/ope
Error:   6) apps/mercato/src/modules/example/__integration__/TC-UMES-002.spec.ts:144:3 › TC-UMES-002: Response Enrichers › TC-UMES-R04: Core fields remain unchanged after enrichment 
    Error: Failed POST /api/customers/people: 404

    expect(received).toBeTruthy()

    Received: false

       at packages/core/src/helpers/integration/crmFixtures.ts:41

      39 |   const response = await apiRequest(request, 'POST', path, { token, data });
      40 |   const payload = await readJsonSafe(response);
    > 41 |   expect(response.ok(), `Failed POST ${path}: ${response.status()}`).toBeTruthy();
         |                                                                      ^
      42 |   const id = findStringByKeys(payload, idKeys);
      43 |   expect(id, `No id in ${path} response`).toBeTruthy();
      44 |   return id as string;
        at createEntity (/home/runner/work/open-mercato/open-mercato/packages/core/src/helpers/integration/crmFixtures.ts:41:70)
        at /home/runner/work/open-mercato/open-mercat
Error:   6) apps/mercato/src/modules/example/__integration__/TC-UMES-002.spec.ts:144:3 › TC-UMES-002: Response Enrichers › TC-UMES-R04: Core fields remain unchanged after enrichment 

    Retry #1 ───────────────────────────────────────────────────────────────────────────────────────
    Error: Failed POST /api/customers/people: 404

    expect(received).toBeTruthy()

    Received: false

       at packages/core/src/helpers/integration/crmFixtures.ts:41

      39 |   const response = await apiRequest(request, 'POST', path, { token, data });
      40 |   const payload = await readJsonSafe(response);
    > 41 |   expect(response.ok(), `Failed POST ${path}: ${response.status()}`).toBeTruthy();
         |                                                                      ^
      42 |   const id = findStringByKeys(payload, idKeys);
      43 |   expect(id, `No id in ${path} response`).toBeTruthy();
      44 |   return id as string;
        at createEntity (/home/runner/work/open-mercato/open-mercato/packages/co
Error:   7) apps/mercato/src/modules/example/__integration__/TC-UMES-002.spec.ts:176:3 › TC-UMES-002: Response Enrichers › TC-UMES-R05: Response includes _meta.enrichedBy with enricher ID 
    Error: Failed POST /api/customers/people: 404

    expect(received).toBeTruthy()

    Received: false

       at packages/core/src/helpers/integration/crmFixtures.ts:41

      39 |   const response = await apiRequest(request, 'POST', path, { token, data });
      40 |   const payload = await readJsonSafe(response);
    > 41 |   expect(response.ok(), `Failed POST ${path}: ${response.status()}`).toBeTruthy();
         |                                                                      ^
      42 |   const id = findStringByKeys(payload, idKeys);
      43 |   expect(id, `No id in ${path} response`).toBeTruthy();
      44 |   return id as string;
        at createEntity (/home/runner/work/open-mercato/open-mercato/packages/core/src/helpers/integration/crmFixtures.ts:41:70)
        at /home/runner/work/open-mercato/open-
Error:   7) apps/mercato/src/modules/example/__integration__/TC-UMES-002.spec.ts:176:3 › TC-UMES-002: Response Enrichers › TC-UMES-R05: Response includes _meta.enrichedBy with enricher ID 

    Retry #1 ───────────────────────────────────────────────────────────────────────────────────────
    Error: Failed POST /api/customers/people: 404

    expect(received).toBeTruthy()

    Received: false

       at packages/core/src/helpers/integration/crmFixtures.ts:41

      39 |   const response = await apiRequest(request, 'POST', path, { token, data });
      40 |   const payload = await readJsonSafe(response);
    > 41 |   expect(response.ok(), `Failed POST ${path}: ${response.status()}`).toBeTruthy();
         |                                                                      ^
      42 |   const id = findStringByKeys(payload, idKeys);
      43 |   expect(id, `No id in ${path} response`).toBeTruthy();
      44 |   return id as string;
        at createEntity (/home/runner/work/open-mercato/open-mercato/packa
Error:   8) apps/mercato/src/modules/example/__integration__/TC-UMES-002.spec.ts:203:3 › TC-UMES-002: Response Enrichers › TC-UMES-R03: Enricher respects ACL features 
    Error: Failed POST /api/customers/people: 404

    expect(received).toBeTruthy()

    Received: false

       at packages/core/src/helpers/integration/crmFixtures.ts:41

      39 |   const response = await apiRequest(request, 'POST', path, { token, data });
      40 |   const payload = await readJsonSafe(response);
    > 41 |   expect(response.ok(), `Failed POST ${path}: ${response.status()}`).toBeTruthy();
         |                                                                      ^
      42 |   const id = findStringByKeys(payload, idKeys);
      43 |   expect(id, `No id in ${path} response`).toBeTruthy();
      44 |   return id as string;
        at createEntity (/home/runner/work/open-mercato/open-mercato/packages/core/src/helpers/integration/crmFixtures.ts:41:70)
        at /home/runner/work/open-mercato/open-mercato/apps/mercato/
Error:   8) apps/mercato/src/modules/example/__integration__/TC-UMES-002.spec.ts:203:3 › TC-UMES-002: Response Enrichers › TC-UMES-R03: Enricher respects ACL features 

    Retry #1 ───────────────────────────────────────────────────────────────────────────────────────
    Error: Failed POST /api/customers/people: 404

    expect(received).toBeTruthy()

    Received: false

       at packages/core/src/helpers/integration/crmFixtures.ts:41

      39 |   const response = await apiRequest(request, 'POST', path, { token, data });
      40 |   const payload = await readJsonSafe(response);
    > 41 |   expect(response.ok(), `Failed POST ${path}: ${response.status()}`).toBeTruthy();
         |                                                                      ^
      42 |   const id = findStringByKeys(payload, idKeys);
      43 |   expect(id, `No id in ${path} response`).toBeTruthy();
      44 |   return id as string;
        at createEntity (/home/runner/work/open-mercato/open-mercato/packages/core/src/helpers/
Error:   9) apps/mercato/src/modules/example/__integration__/TC-UMES-002.spec.ts:237:3 › TC-UMES-002: Response Enrichers › TC-UMES-R06: Enricher is tenant-scoped — no cross-org leakage 
    Error: Failed POST /api/customers/people: 404

    expect(received).toBeTruthy()

    Received: false

       at packages/core/src/helpers/integration/crmFixtures.ts:41

      39 |   const response = await apiRequest(request, 'POST', path, { token, data });
      40 |   const payload = await readJsonSafe(response);
    > 41 |   expect(response.ok(), `Failed POST ${path}: ${response.status()}`).toBeTruthy();
         |                                                                      ^
      42 |   const id = findStringByKeys(payload, idKeys);
      43 |   expect(id, `No id in ${path} response`).toBeTruthy();
      44 |   return id as string;
        at createEntity (/home/runner/work/open-mercato/open-mercato/packages/core/src/helpers/integration/crmFixtures.ts:41:70)
        at /home/runner/work/open-mercato/open-mer
Error:   9) apps/mercato/src/modules/example/__integration__/TC-UMES-002.spec.ts:237:3 › TC-UMES-002: Response Enrichers › TC-UMES-R06: Enricher is tenant-scoped — no cross-org leakage 

    Retry #1 ───────────────────────────────────────────────────────────────────────────────────────
    Error: Failed POST /api/customers/people: 404

    expect(received).toBeTruthy()

    Received: false

       at packages/core/src/helpers/integration/crmFixtures.ts:41

      39 |   const response = await apiRequest(request, 'POST', path, { token, data });
      40 |   const payload = await readJsonSafe(response);
    > 41 |   expect(response.ok(), `Failed POST ${path}: ${response.status()}`).toBeTruthy();
         |                                                                      ^
      42 |   const id = findStringByKeys(payload, idKeys);
      43 |   expect(id, `No id in ${path} response`).toBeTruthy();
      44 |   return id as string;
        at createEntity (/home/runner/work/open-mercato/open-mercato/packages
Error:   10) apps/mercato/src/modules/example/__integration__/TC-UMES-003.spec.ts:592:3 › TC-UMES-003: Events & DOM Bridge › TC-UMES-E17: Phase D harness probe returns enriched customer payload 
    Error: Failed POST /api/customers/people: 404

    expect(received).toBeTruthy()

    Received: false

       at packages/core/src/helpers/integration/crmFixtures.ts:41

      39 |   const response = await apiRequest(request, 'POST', path, { token, data });
      40 |   const payload = await readJsonSafe(response);
    > 41 |   expect(response.ok(), `Failed POST ${path}: ${response.status()}`).toBeTruthy();
         |                                                                      ^
      42 |   const id = findStringByKeys(payload, idKeys);
      43 |   expect(id, `No id in ${path} response`).toBeTruthy();
      44 |   return id as string;
        at createEntity (/home/runner/work/open-mercato/open-mercato/packages/core/src/helpers/integration/crmFixtures.ts:41:70)
        at /home/runner/work/open-mercato
Error:   10) apps/mercato/src/modules/example/__integration__/TC-UMES-003.spec.ts:592:3 › TC-UMES-003: Events & DOM Bridge › TC-UMES-E17: Phase D harness probe returns enriched customer payload 

    Retry #1 ───────────────────────────────────────────────────────────────────────────────────────
    Error: Failed POST /api/customers/people: 404

    expect(received).toBeTruthy()

    Received: false

       at packages/core/src/helpers/integration/crmFixtures.ts:41

      39 |   const response = await apiRequest(request, 'POST', path, { token, data });
      40 |   const payload = await readJsonSafe(response);
    > 41 |   expect(response.ok(), `Failed POST ${path}: ${response.status()}`).toBeTruthy();
         |                                                                      ^
      42 |   const id = findStringByKeys(payload, idKeys);
      43 |   expect(id, `No id in ${path} response`).toBeTruthy();
      44 |   return id as string;
        at createEntity (/home/runner/work/open-mercato/open-mercato
Error:   11) apps/mercato/src/modules/example/__integration__/TC-UMES-004.spec.ts:102:3 › TC-UMES-004: Phase E-H completion › TC-UMES-I07: interceptor query rewrites remain tenant-safe for customer priority filter 
    Error: Failed POST /api/customers/people: 404

    expect(received).toBeTruthy()

    Received: false

       at packages/core/src/helpers/integration/crmFixtures.ts:41

      39 |   const response = await apiRequest(request, 'POST', path, { token, data });
      40 |   const payload = await readJsonSafe(response);
    > 41 |   expect(response.ok(), `Failed POST ${path}: ${response.status()}`).toBeTruthy();
         |                                                                      ^
      42 |   const id = findStringByKeys(payload, idKeys);
      43 |   expect(id, `No id in ${path} response`).toBeTruthy();
      44 |   return id as string;
        at createEntity (/home/runner/work/open-mercato/open-mercato/packages/core/src/helpers/integration/crmFixtures.ts:41:70)
        at /home/runn
Error:   11) apps/mercato/src/modules/example/__integration__/TC-UMES-004.spec.ts:102:3 › TC-UMES-004: Phase E-H completion › TC-UMES-I07: interceptor query rewrites remain tenant-safe for customer priority filter 

    Retry #1 ───────────────────────────────────────────────────────────────────────────────────────
    Error: Failed POST /api/customers/people: 404

    expect(received).toBeTruthy()

    Received: false

       at packages/core/src/helpers/integration/crmFixtures.ts:41

      39 |   const response = await apiRequest(request, 'POST', path, { token, data });
      40 |   const payload = await readJsonSafe(response);
    > 41 |   expect(response.ok(), `Failed POST ${path}: ${response.status()}`).toBeTruthy();
         |                                                                      ^
      42 |   const id = findStringByKeys(payload, idKeys);
      43 |   expect(id, `No id in ${path} response`).toBeTruthy();
      44 |   return id as string;
        at createEntity (/home/runner/work/open-
Error:   12) apps/mercato/src/modules/example/__integration__/TC-UMES-004.spec.ts:135:3 › TC-UMES-004: Phase E-H completion › TC-UMES-D01/D02/D03/D04: DataTable extensions render column, row action, filters, and bulk action button 
    Error: Failed POST /api/customers/people: 404

    expect(received).toBeTruthy()

    Received: false

       at packages/core/src/helpers/integration/crmFixtures.ts:41

      39 |   const response = await apiRequest(request, 'POST', path, { token, data });
      40 |   const payload = await readJsonSafe(response);
    > 41 |   expect(response.ok(), `Failed POST ${path}: ${response.status()}`).toBeTruthy();
         |                                                                      ^
      42 |   const id = findStringByKeys(payload, idKeys);
      43 |   expect(id, `No id in ${path} response`).toBeTruthy();
      44 |   return id as string;
        at createEntity (/home/runner/work/open-mercato/open-mercato/packages/core/src/helpers/integration/crmFixtures.ts:41:70)
    
Error:   12) apps/mercato/src/modules/example/__integration__/TC-UMES-004.spec.ts:135:3 › TC-UMES-004: Phase E-H completion › TC-UMES-D01/D02/D03/D04: DataTable extensions render column, row action, filters, and bulk action button 

    Retry #1 ───────────────────────────────────────────────────────────────────────────────────────
    Error: Failed POST /api/customers/people: 404

    expect(received).toBeTruthy()

    Received: false

       at packages/core/src/helpers/integration/crmFixtures.ts:41

      39 |   const response = await apiRequest(request, 'POST', path, { token, data });
      40 |   const payload = await readJsonSafe(response);
    > 41 |   expect(response.ok(), `Failed POST ${path}: ${response.status()}`).toBeTruthy();
         |                                                                      ^
      42 |   const id = findStringByKeys(payload, idKeys);
      43 |   expect(id, `No id in ${path} response`).toBeTruthy();
      44 |   return id as string;
        at createEntity (/home/
Error:   13) apps/mercato/src/modules/example/__integration__/TC-UMES-004.spec.ts:175:3 › TC-UMES-004: Phase E-H completion › TC-UMES-D06: injected bulk action executes against selected rows 
    Error: Failed POST /api/customers/people: 404

    expect(received).toBeTruthy()

    Received: false

       at packages/core/src/helpers/integration/crmFixtures.ts:41

      39 |   const response = await apiRequest(request, 'POST', path, { token, data });
      40 |   const payload = await readJsonSafe(response);
    > 41 |   expect(response.ok(), `Failed POST ${path}: ${response.status()}`).toBeTruthy();
         |                                                                      ^
      42 |   const id = findStringByKeys(payload, idKeys);
      43 |   expect(id, `No id in ${path} response`).toBeTruthy();
      44 |   return id as string;
        at createEntity (/home/runner/work/open-mercato/open-mercato/packages/core/src/helpers/integration/crmFixtures.ts:41:70)
        at /home/runner/work/open-mercato/op
Error:   13) apps/mercato/src/modules/example/__integration__/TC-UMES-004.spec.ts:175:3 › TC-UMES-004: Phase E-H completion › TC-UMES-D06: injected bulk action executes against selected rows 

    Retry #1 ───────────────────────────────────────────────────────────────────────────────────────
    Error: Failed POST /api/customers/people: 404

    expect(received).toBeTruthy()

    Received: false

       at packages/core/src/helpers/integration/crmFixtures.ts:41

      39 |   const response = await apiRequest(request, 'POST', path, { token, data });
      40 |   const payload = await readJsonSafe(response);
    > 41 |   expect(response.ok(), `Failed POST ${path}: ${response.status()}`).toBeTruthy();
         |                                                                      ^
      42 |   const id = findStringByKeys(payload, idKeys);
      43 |   expect(id, `No id in ${path} response`).toBeTruthy();
      44 |   return id as string;
        at createEntity (/home/runner/work/open-mercato/open-mercato/pa
Error:   14) apps/mercato/src/modules/example/__integration__/TC-UMES-004.spec.ts:224:3 › TC-UMES-004: Phase E-H completion › TC-UMES-D05: injected DataTable extensions are available for authorized employee role 
    Test timeout of 20000ms exceeded.
Error:   14) apps/mercato/src/modules/example/__integration__/TC-UMES-004.spec.ts:224:3 › TC-UMES-004: Phase E-H completion › TC-UMES-D05: injected DataTable extensions are available for authorized employee role 
    Error: expect(locator).toBeVisible() failed

    Locator: getByRole('button', { name: 'Set normal priority' })
    Expected: visible
    Error: element(s) not found

    Call log:
      - Expect "toBeVisible" with timeout 20000ms
      - waiting for getByRole('button', { name: 'Set normal priority' })


      227 |     await page.waitForLoadState('domcontentloaded')
      228 |
    > 229 |     await expect(page.getByRole('button', { name: 'Set normal priority' })).toBeVisible()
          |                                                                             ^
      230 |     await page.getByRole('button', { name: 'Customize columns' }).click()
      231 |     await expect(page.getByText(/Example priority|example\.priority\.column/).first()).toBeVisible({ timeout: 10_000 })
      232 |   
Error:   14) apps/mercato/src/modules/example/__integration__/TC-UMES-004.spec.ts:224:3 › TC-UMES-004: Phase E-H completion › TC-UMES-D05: injected DataTable extensions are available for authorized employee role 

    Retry #1 ───────────────────────────────────────────────────────────────────────────────────────
    Test timeout of 20000ms exceeded.
Error:   14) apps/mercato/src/modules/example/__integration__/TC-UMES-004.spec.ts:224:3 › TC-UMES-004: Phase E-H completion › TC-UMES-D05: injected DataTable extensions are available for authorized employee role 

    Retry #1 ───────────────────────────────────────────────────────────────────────────────────────
    Error: expect(locator).toBeVisible() failed

    Locator: getByRole('button', { name: 'Set normal priority' })
    Expected: visible
    Error: element(s) not found

    Call log:
      - Expect "toBeVisible" with timeout 20000ms
      - waiting for getByRole('button', { name: 'Set normal priority' })


      227 |     await page.waitForLoadState('domcontentloaded')
      228 |
    > 229 |     await expect(page.getByRole('button', { name: 'Set normal priority' })).toBeVisible()
          |                                                                             ^
      230 |     await page.getByRole('button', { name: 'Customize columns' }).click()
      231 |     await expect(page.getByText(
Error:   15) apps/mercato/src/modules/example/__integration__/TC-UMES-004.spec.ts:234:3 › TC-UMES-004: Phase E-H completion › TC-UMES-CF01/CF02/CF03/CF04/CF05: detail injection priority field save path and payload boundaries 
    Error: Failed POST /api/customers/people: 404

    expect(received).toBeTruthy()

    Received: false

       at packages/core/src/helpers/integration/crmFixtures.ts:41

      39 |   const response = await apiRequest(request, 'POST', path, { token, data });
      40 |   const payload = await readJsonSafe(response);
    > 41 |   expect(response.ok(), `Failed POST ${path}: ${response.status()}`).toBeTruthy();
         |                                                                      ^
      42 |   const id = findStringByKeys(payload, idKeys);
      43 |   expect(id, `No id in ${path} response`).toBeTruthy();
      44 |   return id as string;
        at createEntity (/home/runner/work/open-mercato/open-mercato/packages/core/src/helpers/integration/crmFixtures.ts:41:70)
        at
Error:   15) apps/mercato/src/modules/example/__integration__/TC-UMES-004.spec.ts:234:3 › TC-UMES-004: Phase E-H completion › TC-UMES-CF01/CF02/CF03/CF04/CF05: detail injection priority field save path and payload boundaries 

    Retry #1 ───────────────────────────────────────────────────────────────────────────────────────
    Error: Failed POST /api/customers/people: 404

    expect(received).toBeTruthy()

    Received: false

       at packages/core/src/helpers/integration/crmFixtures.ts:41

      39 |   const response = await apiRequest(request, 'POST', path, { token, data });
      40 |   const payload = await readJsonSafe(response);
    > 41 |   expect(response.ok(), `Failed POST ${path}: ${response.status()}`).toBeTruthy();
         |                                                                      ^
      42 |   const id = findStringByKeys(payload, idKeys);
      43 |   expect(id, `No id in ${path} response`).toBeTruthy();
      44 |   return id as string;
        at createEntity (/home/runner
Error:   16) apps/mercato/src/modules/example/__integration__/TC-UMES-004.spec.ts:307:3 › TC-UMES-004: Phase E-H completion › TC-UMES-CR01/CR02/CR03: replacement handles and wrapper render 
    Error: Failed POST /api/customers/people: 404

    expect(received).toBeTruthy()

    Received: false

       at packages/core/src/helpers/integration/crmFixtures.ts:41

      39 |   const response = await apiRequest(request, 'POST', path, { token, data });
      40 |   const payload = await readJsonSafe(response);
    > 41 |   expect(response.ok(), `Failed POST ${path}: ${response.status()}`).toBeTruthy();
         |                                                                      ^
      42 |   const id = findStringByKeys(payload, idKeys);
      43 |   expect(id, `No id in ${path} response`).toBeTruthy();
      44 |   return id as string;
        at createEntity (/home/runner/work/open-mercato/open-mercato/packages/core/src/helpers/integration/crmFixtures.ts:41:70)
        at /home/runner/work/open-mercato/open
Error:   16) apps/mercato/src/modules/example/__integration__/TC-UMES-004.spec.ts:307:3 › TC-UMES-004: Phase E-H completion › TC-UMES-CR01/CR02/CR03: replacement handles and wrapper render 

    Retry #1 ───────────────────────────────────────────────────────────────────────────────────────
    Error: Failed POST /api/customers/people: 404

    expect(received).toBeTruthy()

    Received: false

       at packages/core/src/helpers/integration/crmFixtures.ts:41

      39 |   const response = await apiRequest(request, 'POST', path, { token, data });
      40 |   const payload = await readJsonSafe(response);
    > 41 |   expect(response.ok(), `Failed POST ${path}: ${response.status()}`).toBeTruthy();
         |                                                                      ^
      42 |   const id = findStringByKeys(payload, idKeys);
      43 |   expect(id, `No id in ${path} response`).toBeTruthy();
      44 |   return id as string;
        at createEntity (/home/runner/work/open-mercato/open-mercato/pack
Error:   17) apps/mercato/src/modules/example/__integration__/TC-UMES-006-mutation-lifecycle.spec.ts:339:3 › TC-UMES-006: Mutation Lifecycle — API Tests › TC-UMES-ML07: command interceptor runs on customer operations without blocking 
    Error: Failed POST /api/customers/companies: 404

    expect(received).toBeTruthy()

    Received: false

       at packages/core/src/helpers/integration/crmFixtures.ts:41

      39 |   const response = await apiRequest(request, 'POST', path, { token, data });
      40 |   const payload = await readJsonSafe(response);
    > 41 |   expect(response.ok(), `Failed POST ${path}: ${response.status()}`).toBeTruthy();
         |                                                                      ^
      42 |   const id = findStringByKeys(payload, idKeys);
      43 |   expect(id, `No id in ${path} response`).toBeTruthy();
      44 |   return id as string;
        at createEntity (/home/runner/work/open-mercato/open-mercato/packages/core/src/helpers/integration/crmFixtures.ts:41:70
Error:   17) apps/mercato/src/modules/example/__integration__/TC-UMES-006-mutation-lifecycle.spec.ts:339:3 › TC-UMES-006: Mutation Lifecycle — API Tests › TC-UMES-ML07: command interceptor runs on customer operations without blocking 

    Retry #1 ───────────────────────────────────────────────────────────────────────────────────────
    Error: Failed POST /api/customers/companies: 404

    expect(received).toBeTruthy()

    Received: false

       at packages/core/src/helpers/integration/crmFixtures.ts:41

      39 |   const response = await apiRequest(request, 'POST', path, { token, data });
      40 |   const payload = await readJsonSafe(response);
    > 41 |   expect(response.ok(), `Failed POST ${path}: ${response.status()}`).toBeTruthy();
         |                                                                      ^
      42 |   const id = findStringByKeys(payload, idKeys);
      43 |   expect(id, `No id in ${path} response`).toBeTruthy();
      44 |   return id as string;
        at createEntity (
Error:   18) apps/mercato/src/modules/example/__integration__/TC-UMES-008.spec.ts:20:3 › TC-UMES-008: SPEC-042 + SPEC-043 › multi-id probe and reactive notification handler work on next phases page 
    Error: Failed POST /api/customers/people: 404

    expect(received).toBeTruthy()

    Received: false

       at packages/core/src/helpers/integration/crmFixtures.ts:41

      39 |   const response = await apiRequest(request, 'POST', path, { token, data });
      40 |   const payload = await readJsonSafe(response);
    > 41 |   expect(response.ok(), `Failed POST ${path}: ${response.status()}`).toBeTruthy();
         |                                                                      ^
      42 |   const id = findStringByKeys(payload, idKeys);
      43 |   expect(id, `No id in ${path} response`).toBeTruthy();
      44 |   return id as string;
        at createEntity (/home/runner/work/open-mercato/open-mercato/packages/core/src/helpers/integration/crmFixtures.ts:41:70)
        at /home/runner/work/open-mer
Error:   18) apps/mercato/src/modules/example/__integration__/TC-UMES-008.spec.ts:20:3 › TC-UMES-008: SPEC-042 + SPEC-043 › multi-id probe and reactive notification handler work on next phases page 

    Retry #1 ───────────────────────────────────────────────────────────────────────────────────────
    Error: Failed POST /api/customers/people: 404

    expect(received).toBeTruthy()

    Received: false

       at packages/core/src/helpers/integration/crmFixtures.ts:41

      39 |   const response = await apiRequest(request, 'POST', path, { token, data });
      40 |   const payload = await readJsonSafe(response);
    > 41 |   expect(response.ok(), `Failed POST ${path}: ${response.status()}`).toBeTruthy();
         |                                                                      ^
      42 |   const id = findStringByKeys(payload, idKeys);
      43 |   expect(id, `No id in ${path} response`).toBeTruthy();
      44 |   return id as string;
        at createEntity (/home/runner/work/open-mercato/open-mer
Error:   19) apps/mercato/src/modules/example/__integration__/TC-UMES-010.spec.ts:18:3 › TC-UMES-010: DevTools panel › opens and closes via Ctrl+Shift+U keyboard shortcut 
    Test timeout of 20000ms exceeded.
Error:   19) apps/mercato/src/modules/example/__integration__/TC-UMES-010.spec.ts:18:3 › TC-UMES-010: DevTools panel › opens and closes via Ctrl+Shift+U keyboard shortcut 
    Error: expect(locator).toBeVisible() failed

    Locator: getByText('UMES DevTools')
    Expected: visible
    Error: element(s) not found

    Call log:
      - Expect "toBeVisible" with timeout 20000ms
      - waiting for getByText('UMES DevTools')


      25 |     // Open panel with Ctrl+Shift+U
      26 |     await page.keyboard.press('Control+Shift+U')
    > 27 |     await expect(page.getByText('UMES DevTools')).toBeVisible()
         |                                                   ^
      28 |
      29 |     // Close panel with Ctrl+Shift+U
      30 |     await page.keyboard.press('Control+Shift+U')
        at /home/runner/work/open-mercato/open-mercato/apps/mercato/src/modules/example/__integration__/TC-UMES-010.spec.ts:27:51
Error:   19) apps/mercato/src/modules/example/__integration__/TC-UMES-010.spec.ts:18:3 › TC-UMES-010: DevTools panel › opens and closes via Ctrl+Shift+U keyboard shortcut 

    Retry #1 ───────────────────────────────────────────────────────────────────────────────────────
    Test timeout of 20000ms exceeded.
Error:   19) apps/mercato/src/modules/example/__integration__/TC-UMES-010.spec.ts:18:3 › TC-UMES-010: DevTools panel › opens and closes via Ctrl+Shift+U keyboard shortcut 

    Retry #1 ───────────────────────────────────────────────────────────────────────────────────────
    Error: expect(locator).toBeVisible() failed

    Locator: getByText('UMES DevTools')
    Expected: visible
    Error: element(s) not found

    Call log:
      - Expect "toBeVisible" with timeout 20000ms
      - waiting for getByText('UMES DevTools')


      25 |     // Open panel with Ctrl+Shift+U
      26 |     await page.keyboard.press('Control+Shift+U')
    > 27 |     await expect(page.getByText('UMES DevTools')).toBeVisible()
         |                                                   ^
      28 |
      29 |     // Close panel with Ctrl+Shift+U
      30 |     await page.keyboard.press('Control+Shift+U')
        at /home/runner/work/open-mercato/open-mercato/apps/mercato/src/modules/example/__integration__/TC-UMES-010.spec.ts:27:
Error:   20) apps/mercato/src/modules/example/__integration__/TC-UMES-010.spec.ts:34:3 › TC-UMES-010: DevTools panel › shows extension count badge and registered extensions 
    Test timeout of 20000ms exceeded.
Error:   20) apps/mercato/src/modules/example/__integration__/TC-UMES-010.spec.ts:34:3 › TC-UMES-010: DevTools panel › shows extension count badge and registered extensions 
    Error: expect(locator).toBeVisible() failed

    Locator: getByText('UMES DevTools')
    Expected: visible
    Error: element(s) not found

    Call log:
      - Expect "toBeVisible" with timeout 20000ms
      - waiting for getByText('UMES DevTools')


      38 |     // Open the DevTools panel
      39 |     await page.keyboard.press('Control+Shift+U')
    > 40 |     await expect(page.getByText('UMES DevTools')).toBeVisible()
         |                                                   ^
      41 |
      42 |     // Should show extension count badge (at least 1 ext from example module)
      43 |     const extBadge = page.locator('text=/\\d+ ext/')
        at /home/runner/work/open-mercato/open-mercato/apps/mercato/src/modules/example/__integration__/TC-UMES-010.spec.ts:40:51
Error:   20) apps/mercato/src/modules/example/__integration__/TC-UMES-010.spec.ts:34:3 › TC-UMES-010: DevTools panel › shows extension count badge and registered extensions 

    Retry #1 ───────────────────────────────────────────────────────────────────────────────────────
    Test timeout of 20000ms exceeded.
Error:   20) apps/mercato/src/modules/example/__integration__/TC-UMES-010.spec.ts:34:3 › TC-UMES-010: DevTools panel › shows extension count badge and registered extensions 

    Retry #1 ───────────────────────────────────────────────────────────────────────────────────────
    Error: expect(locator).toBeVisible() failed

    Locator: getByText('UMES DevTools')
    Expected: visible
    Error: element(s) not found

    Call log:
      - Expect "toBeVisible" with timeout 20000ms
      - waiting for getByText('UMES DevTools')


      38 |     // Open the DevTools panel
      39 |     await page.keyboard.press('Control+Shift+U')
    > 40 |     await expect(page.getByText('UMES DevTools')).toBeVisible()
         |                                                   ^
      41 |
      42 |     // Should show extension count badge (at least 1 ext from example module)
      43 |     const extBadge = page.locator('text=/\\d+ ext/')
        at /home/runner/work/open-mercato/open-mercato/apps/mercato/src/modules/examp
Error:   21) apps/mercato/src/modules/example/__integration__/TC-UMES-010.spec.ts:52:3 › TC-UMES-010: DevTools panel › switches between tabs 
    Test timeout of 20000ms exceeded.
Error:   21) apps/mercato/src/modules/example/__integration__/TC-UMES-010.spec.ts:52:3 › TC-UMES-010: DevTools panel › switches between tabs 
    Error: expect(locator).toBeVisible() failed

    Locator: getByText('UMES DevTools')
    Expected: visible
    Error: element(s) not found

    Call log:
      - Expect "toBeVisible" with timeout 20000ms
      - waiting for getByText('UMES DevTools')


      55 |
      56 |     await page.keyboard.press('Control+Shift+U')
    > 57 |     await expect(page.getByText('UMES DevTools')).toBeVisible()
         |                                                   ^
      58 |
      59 |     // Click through all tabs and verify they render
      60 |     const tabNames = ['Conflicts', 'Timing', 'Interceptors', 'Events']
        at /home/runner/work/open-mercato/open-mercato/apps/mercato/src/modules/example/__integration__/TC-UMES-010.spec.ts:57:51
Error:   21) apps/mercato/src/modules/example/__integration__/TC-UMES-010.spec.ts:52:3 › TC-UMES-010: DevTools panel › switches between tabs 

    Retry #1 ───────────────────────────────────────────────────────────────────────────────────────
    Test timeout of 20000ms exceeded.
Error:   21) apps/mercato/src/modules/example/__integration__/TC-UMES-010.spec.ts:52:3 › TC-UMES-010: DevTools panel › switches between tabs 

    Retry #1 ───────────────────────────────────────────────────────────────────────────────────────
    Error: expect(locator).toBeVisible() failed

    Locator: getByText('UMES DevTools')
    Expected: visible
    Error: element(s) not found

    Call log:
      - Expect "toBeVisible" with timeout 20000ms
      - waiting for getByText('UMES DevTools')


      55 |
      56 |     await page.keyboard.press('Control+Shift+U')
    > 57 |     await expect(page.getByText('UMES DevTools')).toBeVisible()
         |                                                   ^
      58 |
      59 |     // Click through all tabs and verify they render
      60 |     const tabNames = ['Conflicts', 'Timing', 'Interceptors', 'Events']
        at /home/runner/work/open-mercato/open-mercato/apps/mercato/src/modules/example/__integration__/TC-UMES-010.spec.ts:57:51
Error:   22) apps/mercato/src/modules/example/__integration__/TC-UMES-010.spec.ts:70:3 › TC-UMES-010: DevTools panel › refresh button updates data 
    Test timeout of 20000ms exceeded.
Error:   22) apps/mercato/src/modules/example/__integration__/TC-UMES-010.spec.ts:70:3 › TC-UMES-010: DevTools panel › refresh button updates data 
    Error: expect(locator).toBeVisible() failed

    Locator: getByText('UMES DevTools')
    Expected: visible
    Error: element(s) not found

    Call log:
      - Expect "toBeVisible" with timeout 20000ms
      - waiting for getByText('UMES DevTools')


      73 |
      74 |     await page.keyboard.press('Control+Shift+U')
    > 75 |     await expect(page.getByText('UMES DevTools')).toBeVisible()
         |                                                   ^
      76 |
      77 |     // Click the Refresh button inside the DevTools panel (scoped to avoid collision with page-level Refresh)
      78 |     const devToolsPanel = page.locator('.fixed.inset-y-0.right-0')
        at /home/runner/work/open-mercato/open-mercato/apps/mercato/src/modules/example/__integration__/TC-UMES-010.spec.ts:75:51
Error:   22) apps/mercato/src/modules/example/__integration__/TC-UMES-010.spec.ts:70:3 › TC-UMES-010: DevTools panel › refresh button updates data 

    Retry #1 ───────────────────────────────────────────────────────────────────────────────────────
    Test timeout of 20000ms exceeded.
Error:   22) apps/mercato/src/modules/example/__integration__/TC-UMES-010.spec.ts:70:3 › TC-UMES-010: DevTools panel › refresh button updates data 

    Retry #1 ───────────────────────────────────────────────────────────────────────────────────────
    Error: expect(locator).toBeVisible() failed

    Locator: getByText('UMES DevTools')
    Expected: visible
    Error: element(s) not found

    Call log:
      - Expect "toBeVisible" with timeout 20000ms
      - waiting for getByText('UMES DevTools')


      73 |
      74 |     await page.keyboard.press('Control+Shift+U')
    > 75 |     await expect(page.getByText('UMES DevTools')).toBeVisible()
         |                                                   ^
      76 |
      77 |     // Click the Refresh button inside the DevTools panel (scoped to avoid collision with page-level Refresh)
      78 |     const devToolsPanel = page.locator('.fixed.inset-y-0.right-0')
        at /home/runner/work/open-mercato/open-mercato/apps/mercato/src/modules/example/__integr
Error:   23) apps/mercato/src/modules/example/__integration__/TC-UMES-010.spec.ts:87:3 › TC-UMES-010: DevTools panel › close button dismisses the panel 
    Test timeout of 20000ms exceeded.
Error:   23) apps/mercato/src/modules/example/__integration__/TC-UMES-010.spec.ts:87:3 › TC-UMES-010: DevTools panel › close button dismisses the panel 
    Error: expect(locator).toBeVisible() failed

    Locator: getByText('UMES DevTools')
    Expected: visible
    Error: element(s) not found

    Call log:
      - Expect "toBeVisible" with timeout 20000ms
      - waiting for getByText('UMES DevTools')


      90 |
      91 |     await page.keyboard.press('Control+Shift+U')
    > 92 |     await expect(page.getByText('UMES DevTools')).toBeVisible()
         |                                                   ^
      93 |
      94 |     // Click the close button (×)
      95 |     await page.getByRole('button', { name: 'Close DevTools' }).click()
        at /home/runner/work/open-mercato/open-mercato/apps/mercato/src/modules/example/__integration__/TC-UMES-010.spec.ts:92:51
Error:   23) apps/mercato/src/modules/example/__integration__/TC-UMES-010.spec.ts:87:3 › TC-UMES-010: DevTools panel › close button dismisses the panel 

    Retry #1 ───────────────────────────────────────────────────────────────────────────────────────
    Test timeout of 20000ms exceeded.
Error:   23) apps/mercato/src/modules/example/__integration__/TC-UMES-010.spec.ts:87:3 › TC-UMES-010: DevTools panel › close button dismisses the panel 

    Retry #1 ───────────────────────────────────────────────────────────────────────────────────────
    Error: expect(locator).toBeVisible() failed

    Locator: getByText('UMES DevTools')
    Expected: visible
    Error: element(s) not found

    Call log:
      - Expect "toBeVisible" with timeout 20000ms
      - waiting for getByText('UMES DevTools')


      90 |
      91 |     await page.keyboard.press('Control+Shift+U')
    > 92 |     await expect(page.getByText('UMES DevTools')).toBeVisible()
         |                                                   ^
      93 |
      94 |     // Click the close button (×)
      95 |     await page.getByRole('button', { name: 'Close DevTools' }).click()
        at /home/runner/work/open-mercato/open-mercato/apps/mercato/src/modules/example/__integration__/TC-UMES-010.spec.ts:92:51
Error:   24) apps/mercato/src/modules/example/__integration__/TC-UMES-010.spec.ts:99:3 › TC-UMES-010: DevTools panel › conflicts tab shows no conflicts message when clean 
    Test timeout of 20000ms exceeded.
Error:   24) apps/mercato/src/modules/example/__integration__/TC-UMES-010.spec.ts:99:3 › TC-UMES-010: DevTools panel › conflicts tab shows no conflicts message when clean 
    Error: locator.click: Test timeout of 20000ms exceeded.
    Call log:
      - waiting for getByRole('button', { name: 'Conflicts' })


      102 |
      103 |     await page.keyboard.press('Control+Shift+U')
    > 104 |     await page.getByRole('button', { name: 'Conflicts' }).click()
          |                                                           ^
      105 |
      106 |     // With the default module setup, there should be no conflicts
      107 |     await expect(page.getByText('No conflicts detected')).toBeVisible()
        at /home/runner/work/open-mercato/open-mercato/apps/mercato/src/modules/example/__integration__/TC-UMES-010.spec.ts:104:59
Error:   24) apps/mercato/src/modules/example/__integration__/TC-UMES-010.spec.ts:99:3 › TC-UMES-010: DevTools panel › conflicts tab shows no conflicts message when clean 

    Retry #1 ───────────────────────────────────────────────────────────────────────────────────────
    Test timeout of 20000ms exceeded.
Error:   24) apps/mercato/src/modules/example/__integration__/TC-UMES-010.spec.ts:99:3 › TC-UMES-010: DevTools panel › conflicts tab shows no conflicts message when clean 

    Retry #1 ───────────────────────────────────────────────────────────────────────────────────────
    Error: locator.click: Test timeout of 20000ms exceeded.
    Call log:
      - waiting for getByRole('button', { name: 'Conflicts' })


      102 |
      103 |     await page.keyboard.press('Control+Shift+U')
    > 104 |     await page.getByRole('button', { name: 'Conflicts' }).click()
          |                                                           ^
      105 |
      106 |     // With the default module setup, there should be no conflicts
      107 |     await expect(page.getByText('No conflicts detected')).toBeVisible()
        at /home/runner/work/open-mercato/open-mercato/apps/mercato/src/modules/example/__integration__/TC-UMES-010.spec.ts:104:59
Error:   25) apps/mercato/src/modules/example/__integration__/TC-UMES-010.spec.ts:110:3 › TC-UMES-010: DevTools panel › timing tab shows enricher timing data after API call 
    Test timeout of 20000ms exceeded.
Error:   25) apps/mercato/src/modules/example/__integration__/TC-UMES-010.spec.ts:110:3 › TC-UMES-010: DevTools panel › timing tab shows enricher timing data after API call 
    Error: expect(locator).toBeVisible() failed

    Locator: getByText('UMES DevTools')
    Expected: visible
    Error: element(s) not found

    Call log:
      - Expect "toBeVisible" with timeout 20000ms
      - waiting for getByText('UMES DevTools')


      114 |
      115 |     await page.keyboard.press('Control+Shift+U')
    > 116 |     await expect(page.getByText('UMES DevTools')).toBeVisible()
          |                                                   ^
      117 |
      118 |     const devToolsPanel = page.locator('.fixed.inset-y-0.right-0')
      119 |     await devToolsPanel.getByRole('button', { name: 'Timing' }).click()
        at /home/runner/work/open-mercato/open-mercato/apps/mercato/src/modules/example/__integration__/TC-UMES-010.spec.ts:116:51
Error:   25) apps/mercato/src/modules/example/__integration__/TC-UMES-010.spec.ts:110:3 › TC-UMES-010: DevTools panel › timing tab shows enricher timing data after API call 

    Retry #1 ───────────────────────────────────────────────────────────────────────────────────────
    Test timeout of 20000ms exceeded.
Error:   25) apps/mercato/src/modules/example/__integration__/TC-UMES-010.spec.ts:110:3 › TC-UMES-010: DevTools panel › timing tab shows enricher timing data after API call 

    Retry #1 ───────────────────────────────────────────────────────────────────────────────────────
    Error: expect(locator).toBeVisible() failed

    Locator: getByText('UMES DevTools')
    Expected: visible
    Error: element(s) not found

    Call log:
      - Expect "toBeVisible" with timeout 20000ms
      - waiting for getByText('UMES DevTools')


      114 |
      115 |     await page.keyboard.press('Control+Shift+U')
    > 116 |     await expect(page.getByText('UMES DevTools')).toBeVisible()
          |                                                   ^
      117 |
      118 |     const devToolsPanel = page.locator('.fixed.inset-y-0.right-0')
      119 |     await devToolsPanel.getByRole('button', { name: 'Timing' }).click()
        at /home/runner/work/open-mercato/open-mercato/apps/mercato/src/modules/example/__integration
Error:   26) apps/mercato/src/modules/example/__integration__/TC-UMES-010.spec.ts:133:3 › TC-UMES-010: DevTools panel › shows footer with toggle hint 
    Test timeout of 20000ms exceeded.
Error:   26) apps/mercato/src/modules/example/__integration__/TC-UMES-010.spec.ts:133:3 › TC-UMES-010: DevTools panel › shows footer with toggle hint 
    Error: expect(locator).toBeVisible() failed

    Locator: getByText('Ctrl+Shift+U to toggle')
    Expected: visible
    Error: element(s) not found

    Call log:
      - Expect "toBeVisible" with timeout 20000ms
      - waiting for getByText('Ctrl+Shift+U to toggle')


      136 |
      137 |     await page.keyboard.press('Control+Shift+U')
    > 138 |     await expect(page.getByText('Ctrl+Shift+U to toggle')).toBeVisible()
          |                                                            ^
      139 |     await expect(page.getByText('Dev mode only')).toBeVisible()
      140 |   })
      141 | })
        at /home/runner/work/open-mercato/open-mercato/apps/mercato/src/modules/example/__integration__/TC-UMES-010.spec.ts:138:60
Error:   26) apps/mercato/src/modules/example/__integration__/TC-UMES-010.spec.ts:133:3 › TC-UMES-010: DevTools panel › shows footer with toggle hint 

    Retry #1 ───────────────────────────────────────────────────────────────────────────────────────
    Test timeout of 20000ms exceeded.
Error:   26) apps/mercato/src/modules/example/__integration__/TC-UMES-010.spec.ts:133:3 › TC-UMES-010: DevTools panel › shows footer with toggle hint 

    Retry #1 ───────────────────────────────────────────────────────────────────────────────────────
    Error: expect(locator).toBeVisible() failed

    Locator: getByText('Ctrl+Shift+U to toggle')
    Expected: visible
    Error: element(s) not found

    Call log:
      - Expect "toBeVisible" with timeout 20000ms
      - waiting for getByText('Ctrl+Shift+U to toggle')


      136 |
      137 |     await page.keyboard.press('Control+Shift+U')
    > 138 |     await expect(page.getByText('Ctrl+Shift+U to toggle')).toBeVisible()
          |                                                            ^
      139 |     await expect(page.getByText('Dev mode only')).toBeVisible()
      140 |   })
      141 | })
        at /home/runner/work/open-mercato/open-mercato/apps/mercato/src/modules/example/__integration__/TC-UMES-010.spec.ts:138:60
Error:   27) apps/mercato/src/modules/example/__integration__/TC-UMES-012.spec.ts:53:3 › TC-UMES-012: Response metadata (_meta.enrichedBy) › customer list response includes _meta.enrichedBy with enricher IDs 
    Error: expect(received).toBeTruthy()

    Received: false

      54 |     // The example module enricher `example.customer-todo-count` targets customers.person
      55 |     const response = await apiRequest(request, 'GET', '/api/customers/people?limit=5', { token })
    > 56 |     expect(response.ok()).toBeTruthy()
         |                           ^
      57 |
      58 |     const body = await readJsonSafe<ListResponseBody>(response)
      59 |     expect(body).toHaveProperty('items')
        at /home/runner/work/open-mercato/open-mercato/apps/mercato/src/modules/example/__integration__/TC-UMES-012.spec.ts:56:27
Error:   27) apps/mercato/src/modules/example/__integration__/TC-UMES-012.spec.ts:53:3 › TC-UMES-012: Response metadata (_meta.enrichedBy) › customer list response includes _meta.enrichedBy with enricher IDs 

    Retry #1 ───────────────────────────────────────────────────────────────────────────────────────
    Error: expect(received).toBeTruthy()

    Received: false

      54 |     // The example module enricher `example.customer-todo-count` targets customers.person
      55 |     const response = await apiRequest(request, 'GET', '/api/customers/people?limit=5', { token })
    > 56 |     expect(response.ok()).toBeTruthy()
         |                           ^
      57 |
      58 |     const body = await readJsonSafe<ListResponseBody>(response)
      59 |     expect(body).toHaveProperty('items')
        at /home/runner/work/open-mercato/open-mercato/apps/mercato/src/modules/example/__integration__/TC-UMES-012.spec.ts:56:27
Error:   28) apps/mercato/src/modules/example/__integration__/TC-UMES-012.spec.ts:71:3 › TC-UMES-012: Response metadata (_meta.enrichedBy) › single customer response includes _meta.enrichedBy 
    Error: Failed POST /api/customers/people: 404

    expect(received).toBeTruthy()

    Received: false

       at packages/core/src/helpers/integration/crmFixtures.ts:41

      39 |   const response = await apiRequest(request, 'POST', path, { token, data });
      40 |   const payload = await readJsonSafe(response);
    > 41 |   expect(response.ok(), `Failed POST ${path}: ${response.status()}`).toBeTruthy();
         |                                                                      ^
      42 |   const id = findStringByKeys(payload, idKeys);
      43 |   expect(id, `No id in ${path} response`).toBeTruthy();
      44 |   return id as string;
        at createEntity (/home/runner/work/open-mercato/open-mercato/packages/core/src/helpers/integration/crmFixtures.ts:41:70)
        at /home/runner/work/open-mercato/o
Error:   28) apps/mercato/src/modules/example/__integration__/TC-UMES-012.spec.ts:71:3 › TC-UMES-012: Response metadata (_meta.enrichedBy) › single customer response includes _meta.enrichedBy 

    Retry #1 ───────────────────────────────────────────────────────────────────────────────────────
    Error: Failed POST /api/customers/people: 404

    expect(received).toBeTruthy()

    Received: false

       at packages/core/src/helpers/integration/crmFixtures.ts:41

      39 |   const response = await apiRequest(request, 'POST', path, { token, data });
      40 |   const payload = await readJsonSafe(response);
    > 41 |   expect(response.ok(), `Failed POST ${path}: ${response.status()}`).toBeTruthy();
         |                                                                      ^
      42 |   const id = findStringByKeys(payload, idKeys);
      43 |   expect(id, `No id in ${path} response`).toBeTruthy();
      44 |   return id as string;
        at createEntity (/home/runner/work/open-mercato/open-mercato/p
Error:   29) apps/mercato/src/modules/example/__integration__/TC-UMES-020.spec.ts:9:3 › TC-UMES-020: Payment Gateway demo page › should render the payment demo page and complete mock payment lifecycle 
    Test timeout of 20000ms exceeded.
Error:   29) apps/mercato/src/modules/example/__integration__/TC-UMES-020.spec.ts:9:3 › TC-UMES-020: Payment Gateway demo page › should render the payment demo page and complete mock payment lifecycle 
    Error: expect(locator).toBeVisible() failed

    Locator: getByRole('heading', { name: 'Payment Gateway Demo' })
    Expected: visible
    Error: element(s) not found

    Call log:
      - Expect "toBeVisible" with timeout 20000ms
      - waiting for getByRole('heading', { name: 'Payment Gateway Demo' })


      13 |     // Navigate to payment demo page
      14 |     await page.goto('/backend/payments')
    > 15 |     await expect(page.getByRole('heading', { name: 'Payment Gateway Demo' })).toBeVisible()
         |                                                                               ^
      16 |
      17 |     // Verify setup instructions are visible
      18 |     await expect(page.getByText('How to Configure Payment Gateways')).toBeVisible()
        at /home/runner/work/open-mercato/open-merc
Error:   29) apps/mercato/src/modules/example/__integration__/TC-UMES-020.spec.ts:9:3 › TC-UMES-020: Payment Gateway demo page › should render the payment demo page and complete mock payment lifecycle 

    Retry #1 ───────────────────────────────────────────────────────────────────────────────────────
    Test timeout of 20000ms exceeded.
Error:   29) apps/mercato/src/modules/example/__integration__/TC-UMES-020.spec.ts:9:3 › TC-UMES-020: Payment Gateway demo page › should render the payment demo page and complete mock payment lifecycle 

    Retry #1 ───────────────────────────────────────────────────────────────────────────────────────
    Error: expect(locator).toBeVisible() failed

    Locator: getByRole('heading', { name: 'Payment Gateway Demo' })
    Expected: visible
    Error: element(s) not found

    Call log:
      - Expect "toBeVisible" with timeout 20000ms
      - waiting for getByRole('heading', { name: 'Payment Gateway Demo' })


      13 |     // Navigate to payment demo page
      14 |     await page.goto('/backend/payments')
    > 15 |     await expect(page.getByRole('heading', { name: 'Payment Gateway Demo' })).toBeVisible()
         |                                                                               ^
      16 |
      17 |     // Verify setup instructions are visible
      18 |     await expect(page.getByText('
Error:   30) apps/mercato/src/modules/example/__integration__/TC-UMES-020.spec.ts:38:3 › TC-UMES-020: Payment Gateway demo page › should create a mock payment session via API 
    Error: Expected session creation to succeed, got 404 with body: {"error":"Not Found"}

    expect(received).toBe(expected) // Object.is equality

    Expected: true
    Received: false

      54 |       response.ok(),
      55 |       `Expected session creation to succeed, got ${response.status()} with body: ${JSON.stringify(data)}`,
    > 56 |     ).toBe(true)
         |       ^
      57 |     expect(data.transactionId).toBeTruthy()
      58 |     expect(data.status).toBe('authorized')
      59 |   })
        at /home/runner/work/open-mercato/open-mercato/apps/mercato/src/modules/example/__integration__/TC-UMES-020.spec.ts:56:7
Error:   30) apps/mercato/src/modules/example/__integration__/TC-UMES-020.spec.ts:38:3 › TC-UMES-020: Payment Gateway demo page › should create a mock payment session via API 

    Retry #1 ───────────────────────────────────────────────────────────────────────────────────────
    Error: Expected session creation to succeed, got 404 with body: {"error":"Not Found"}

    expect(received).toBe(expected) // Object.is equality

    Expected: true
    Received: false

      54 |       response.ok(),
      55 |       `Expected session creation to succeed, got ${response.status()} with body: ${JSON.stringify(data)}`,
    > 56 |     ).toBe(true)
         |       ^
      57 |     expect(data.transactionId).toBeTruthy()
      58 |     expect(data.status).toBe('authorized')
      59 |   })
        at /home/runner/work/open-mercato/open-mercato/apps/mercato/src/modules/example/__integration__/TC-UMES-020.spec.ts:56:7
Error:   31) packages/core/src/modules/core/__integration__/admin/TC-ADMIN-004.spec.ts:15:3 › TC-ADMIN-004: Dictionary Management › should display dictionaries and allow creating a new one 
    Error: expect(locator).toBeVisible() failed

    Locator: getByText('Manage reusable values and appearance')
    Expected: visible
    Timeout: 5000ms
    Error: element(s) not found

    Call log:
      - Expect "toBeVisible" with timeout 5000ms
      - waiting for getByText('Manage reusable values and appearance')


      33 |
      34 |       // The first dictionary should be auto-selected — verify its details panel
    > 35 |       await expect(page.getByText('Manage reusable values and appearance')).toBeVisible({ timeout: 5_000 });
         |                                                                             ^
      36 |       await expect(page.getByRole('button', { name: 'Refresh' })).toBeVisible();
      37 |       await expect(page.getByRole('button', { name: 'Add entry' })).toBeVisible();
      38 |
Error:   31) packages/core/src/modules/core/__integration__/admin/TC-ADMIN-004.spec.ts:15:3 › TC-ADMIN-004: Dictionary Management › should display dictionaries and allow creating a new one 

    Retry #1 ───────────────────────────────────────────────────────────────────────────────────────
    Error: expect(locator).toBeVisible() failed

    Locator: getByText('Manage reusable values and appearance')
    Expected: visible
    Timeout: 5000ms
    Error: element(s) not found

    Call log:
      - Expect "toBeVisible" with timeout 5000ms
      - waiting for getByText('Manage reusable values and appearance')


      33 |
      34 |       // The first dictionary should be auto-selected — verify its details panel
    > 35 |       await expect(page.getByText('Manage reusable values and appearance')).toBeVisible({ timeout: 5_000 });
         |                                                                             ^
      36 |       await expect(page.getByRole('button', { name: 'Refresh' })).toBeVisible();
  
Error:   32) packages/core/src/modules/core/__integration__/integration/TC-INT-001.spec.ts:12:3 › TC-INT-001: Quote to Order to Invoice to Payment › should progress quote to order and record fulfillment/payment actions 
    Error: expect(locator).toBeVisible() failed

    Locator: getByRole('button', { name: /^Create$/i }).first()
    Expected: visible
    Timeout: 10000ms
    Error: element(s) not found

    Call log:
      - Expect "toBeVisible" with timeout 10000ms
      - waiting for getByRole('button', { name: /^Create$/i }).first()


       at packages/core/src/helpers/integration/salesUi.ts:487

      485 |     const recovered = await recoverGenericErrorPageIfPresent(page);
      486 |     if (!recovered && attempt === 2) {
    > 487 |       await expect(createButton).toBeVisible({ timeout: TEST_WAIT_TIMEOUT_MS });
          |                                  ^
      488 |     }
      489 |   }
      490 |   if (!createPageReady) {
        at createSalesDocument (/home/runner/work/open-mercato/open-m
Error:   32) packages/core/src/modules/core/__integration__/integration/TC-INT-001.spec.ts:12:3 › TC-INT-001: Quote to Order to Invoice to Payment › should progress quote to order and record fulfillment/payment actions 

    Retry #1 ───────────────────────────────────────────────────────────────────────────────────────
    Error: expect(locator).toBeVisible() failed

    Locator: getByRole('button', { name: /^Create$/i }).first()
    Expected: visible
    Timeout: 10000ms
    Error: element(s) not found

    Call log:
      - Expect "toBeVisible" with timeout 10000ms
      - waiting for getByRole('button', { name: /^Create$/i }).first()


       at packages/core/src/helpers/integration/salesUi.ts:487

      485 |     const recovered = await recoverGenericErrorPageIfPresent(page);
      486 |     if (!recovered && attempt === 2) {
    > 487 |       await expect(createButton).toBeVisible({ timeout: TEST_WAIT_TIMEOUT_MS });
          |                                  ^
      488 |     }
      489 |   }
     
Error:   33) packages/core/src/modules/core/__integration__/integration/TC-INT-002.spec.ts:14:3 › TC-INT-002: Customer to Deal to Quote to Order Flow › should create CRM records and open a sales order flow 
    Error: Failed POST /api/customers/pipelines: 404

    expect(received).toBeTruthy()

    Received: false

       at packages/core/src/helpers/integration/crmFixtures.ts:41

      39 |   const response = await apiRequest(request, 'POST', path, { token, data });
      40 |   const payload = await readJsonSafe(response);
    > 41 |   expect(response.ok(), `Failed POST ${path}: ${response.status()}`).toBeTruthy();
         |                                                                      ^
      42 |   const id = findStringByKeys(payload, idKeys);
      43 |   expect(id, `No id in ${path} response`).toBeTruthy();
      44 |   return id as string;
        at createEntity (/home/runner/work/open-mercato/open-mercato/packages/core/src/helpers/integration/crmFixtures.ts:41:70)
        at /home/runner/wo
Error:   33) packages/core/src/modules/core/__integration__/integration/TC-INT-002.spec.ts:14:3 › TC-INT-002: Customer to Deal to Quote to Order Flow › should create CRM records and open a sales order flow 

    Retry #1 ───────────────────────────────────────────────────────────────────────────────────────
    Error: Failed POST /api/customers/pipelines: 404

    expect(received).toBeTruthy()

    Received: false

       at packages/core/src/helpers/integration/crmFixtures.ts:41

      39 |   const response = await apiRequest(request, 'POST', path, { token, data });
      40 |   const payload = await readJsonSafe(response);
    > 41 |   expect(response.ok(), `Failed POST ${path}: ${response.status()}`).toBeTruthy();
         |                                                                      ^
      42 |   const id = findStringByKeys(payload, idKeys);
      43 |   expect(id, `No id in ${path} response`).toBeTruthy();
      44 |   return id as string;
        at createEntity (/home/runner/work/open-merca
Error:   34) packages/core/src/modules/core/__integration__/integration/TC-INT-003.spec.ts:17:3 › TC-INT-003: Product Creation to Sales Channel to Order › should create a product and proceed with order creation flow 
    Error: Failed to create product fixture: 404

    expect(received).toBeTruthy()

    Received: false

       at packages/core/src/helpers/integration/catalogFixtures.ts:23

      21 |     },
      22 |   });
    > 23 |   expect(response.ok(), `Failed to create product fixture: ${response.status()}`).toBeTruthy();
         |                                                                                   ^
      24 |   const body = (await response.json()) as { id?: string };
      25 |   expect(typeof body.id === 'string' && body.id.length > 0).toBeTruthy();
      26 |   return body.id as string;
        at createProductFixture (/home/runner/work/open-mercato/open-mercato/packages/core/src/helpers/integration/catalogFixtures.ts:23:83)
        at /home/runner/work/open-mercato/open-mercato/p
Error:   34) packages/core/src/modules/core/__integration__/integration/TC-INT-003.spec.ts:17:3 › TC-INT-003: Product Creation to Sales Channel to Order › should create a product and proceed with order creation flow 

    Retry #1 ───────────────────────────────────────────────────────────────────────────────────────
    Error: Failed to create product fixture: 404

    expect(received).toBeTruthy()

    Received: false

       at packages/core/src/helpers/integration/catalogFixtures.ts:23

      21 |     },
      22 |   });
    > 23 |   expect(response.ok(), `Failed to create product fixture: ${response.status()}`).toBeTruthy();
         |                                                                                   ^
      24 |   const body = (await response.json()) as { id?: string };
      25 |   expect(typeof body.id === 'string' && body.id.length > 0).toBeTruthy();
      26 |   return body.id as string;
        at createProductFixture (/home/runner/work/open-mercato/open-mercato/packages/core/src/
Error:   35) packages/core/src/modules/core/__integration__/integration/TC-INT-005.spec.ts:12:3 › TC-INT-005: Order to Shipment to Invoice to Credit Memo › should record shipment and payment on an order flow 
    Error: expect(locator).toBeVisible() failed

    Locator: getByRole('button', { name: /^Create$/i }).first()
    Expected: visible
    Timeout: 10000ms
    Error: element(s) not found

    Call log:
      - Expect "toBeVisible" with timeout 10000ms
      - waiting for getByRole('button', { name: /^Create$/i }).first()


       at packages/core/src/helpers/integration/salesUi.ts:487

      485 |     const recovered = await recoverGenericErrorPageIfPresent(page);
      486 |     if (!recovered && attempt === 2) {
    > 487 |       await expect(createButton).toBeVisible({ timeout: TEST_WAIT_TIMEOUT_MS });
          |                                  ^
      488 |     }
      489 |   }
      490 |   if (!createPageReady) {
        at createSalesDocument (/home/runner/work/open-mercato/open-mercato/pack
Error:   35) packages/core/src/modules/core/__integration__/integration/TC-INT-005.spec.ts:12:3 › TC-INT-005: Order to Shipment to Invoice to Credit Memo › should record shipment and payment on an order flow 

    Retry #1 ───────────────────────────────────────────────────────────────────────────────────────
    Error: expect(locator).toBeVisible() failed

    Locator: getByRole('button', { name: /^Create$/i }).first()
    Expected: visible
    Timeout: 10000ms
    Error: element(s) not found

    Call log:
      - Expect "toBeVisible" with timeout 10000ms
      - waiting for getByRole('button', { name: /^Create$/i }).first()


       at packages/core/src/helpers/integration/salesUi.ts:487

      485 |     const recovered = await recoverGenericErrorPageIfPresent(page);
      486 |     if (!recovered && attempt === 2) {
    > 487 |       await expect(createButton).toBeVisible({ timeout: TEST_WAIT_TIMEOUT_MS });
          |                                  ^
      488 |     }
      489 |   }
      490 |   if
Error:   36) packages/core/src/modules/translations/__integration__/TC-TRANS-002.spec.ts:13:3 › TC-TRANS-002: Translation CRUD Lifecycle › should return 404 for non-existent translation 
    Error: Failed to create product fixture: 404

    expect(received).toBeTruthy()

    Received: false

       at packages/core/src/helpers/integration/catalogFixtures.ts:23

      21 |     },
      22 |   });
    > 23 |   expect(response.ok(), `Failed to create product fixture: ${response.status()}`).toBeTruthy();
         |                                                                                   ^
      24 |   const body = (await response.json()) as { id?: string };
      25 |   expect(typeof body.id === 'string' && body.id.length > 0).toBeTruthy();
      26 |   return body.id as string;
        at createProductFixture (/home/runner/work/open-mercato/open-mercato/packages/core/src/helpers/integration/catalogFixtures.ts:23:83)
        at /home/runner/work/open-mercato/open-mercato/packages/core/src/modules/trans
Error:   36) packages/core/src/modules/translations/__integration__/TC-TRANS-002.spec.ts:13:3 › TC-TRANS-002: Translation CRUD Lifecycle › should return 404 for non-existent translation 

    Retry #1 ───────────────────────────────────────────────────────────────────────────────────────
    Error: Failed to create product fixture: 404

    expect(received).toBeTruthy()

    Received: false

       at packages/core/src/helpers/integration/catalogFixtures.ts:23

      21 |     },
      22 |   });
    > 23 |   expect(response.ok(), `Failed to create product fixture: ${response.status()}`).toBeTruthy();
         |                                                                                   ^
      24 |   const body = (await response.json()) as { id?: string };
      25 |   expect(typeof body.id === 'string' && body.id.length > 0).toBeTruthy();
      26 |   return body.id as string;
        at createProductFixture (/home/runner/work/open-mercato/open-mercato/packages/core/src/helpers/integration/catalogFix
Error:   37) packages/core/src/modules/translations/__integration__/TC-TRANS-002.spec.ts:30:3 › TC-TRANS-002: Translation CRUD Lifecycle › should create and retrieve a translation 
    Error: Failed to create product fixture: 404

    expect(received).toBeTruthy()

    Received: false

       at packages/core/src/helpers/integration/catalogFixtures.ts:23

      21 |     },
      22 |   });
    > 23 |   expect(response.ok(), `Failed to create product fixture: ${response.status()}`).toBeTruthy();
         |                                                                                   ^
      24 |   const body = (await response.json()) as { id?: string };
      25 |   expect(typeof body.id === 'string' && body.id.length > 0).toBeTruthy();
      26 |   return body.id as string;
        at createProductFixture (/home/runner/work/open-mercato/open-mercato/packages/core/src/helpers/integration/catalogFixtures.ts:23:83)
        at /home/runner/work/open-mercato/open-mercato/packages/core/src/modules/translation
Error:   37) packages/core/src/modules/translations/__integration__/TC-TRANS-002.spec.ts:30:3 › TC-TRANS-002: Translation CRUD Lifecycle › should create and retrieve a translation 

    Retry #1 ───────────────────────────────────────────────────────────────────────────────────────
    Error: Failed to create product fixture: 404

    expect(received).toBeTruthy()

    Received: false

       at packages/core/src/helpers/integration/catalogFixtures.ts:23

      21 |     },
      22 |   });
    > 23 |   expect(response.ok(), `Failed to create product fixture: ${response.status()}`).toBeTruthy();
         |                                                                                   ^
      24 |   const body = (await response.json()) as { id?: string };
      25 |   expect(typeof body.id === 'string' && body.id.length > 0).toBeTruthy();
      26 |   return body.id as string;
        at createProductFixture (/home/runner/work/open-mercato/open-mercato/packages/core/src/helpers/integration/catalogFixtures.
Error:   38) packages/core/src/modules/translations/__integration__/TC-TRANS-002.spec.ts:58:3 › TC-TRANS-002: Translation CRUD Lifecycle › should upsert translations (add locale, update existing) 
    Error: Failed to create product fixture: 404

    expect(received).toBeTruthy()

    Received: false

       at packages/core/src/helpers/integration/catalogFixtures.ts:23

      21 |     },
      22 |   });
    > 23 |   expect(response.ok(), `Failed to create product fixture: ${response.status()}`).toBeTruthy();
         |                                                                                   ^
      24 |   const body = (await response.json()) as { id?: string };
      25 |   expect(typeof body.id === 'string' && body.id.length > 0).toBeTruthy();
      26 |   return body.id as string;
        at createProductFixture (/home/runner/work/open-mercato/open-mercato/packages/core/src/helpers/integration/catalogFixtures.ts:23:83)
        at /home/runner/work/open-mercato/open-mercato/packages/core/src/mod
Error:   38) packages/core/src/modules/translations/__integration__/TC-TRANS-002.spec.ts:58:3 › TC-TRANS-002: Translation CRUD Lifecycle › should upsert translations (add locale, update existing) 

    Retry #1 ───────────────────────────────────────────────────────────────────────────────────────
    Error: Failed to create product fixture: 404

    expect(received).toBeTruthy()

    Received: false

       at packages/core/src/helpers/integration/catalogFixtures.ts:23

      21 |     },
      22 |   });
    > 23 |   expect(response.ok(), `Failed to create product fixture: ${response.status()}`).toBeTruthy();
         |                                                                                   ^
      24 |   const body = (await response.json()) as { id?: string };
      25 |   expect(typeof body.id === 'string' && body.id.length > 0).toBeTruthy();
      26 |   return body.id as string;
        at createProductFixture (/home/runner/work/open-mercato/open-mercato/packages/core/src/helpers/integration/
Error:   39) packages/core/src/modules/translations/__integration__/TC-TRANS-002.spec.ts:89:3 › TC-TRANS-002: Translation CRUD Lifecycle › should delete translations and confirm 404 
    Error: Failed to create product fixture: 404

    expect(received).toBeTruthy()

    Received: false

       at packages/core/src/helpers/integration/catalogFixtures.ts:23

      21 |     },
      22 |   });
    > 23 |   expect(response.ok(), `Failed to create product fixture: ${response.status()}`).toBeTruthy();
         |                                                                                   ^
      24 |   const body = (await response.json()) as { id?: string };
      25 |   expect(typeof body.id === 'string' && body.id.length > 0).toBeTruthy();
      26 |   return body.id as string;
        at createProductFixture (/home/runner/work/open-mercato/open-mercato/packages/core/src/helpers/integration/catalogFixtures.ts:23:83)
        at /home/runner/work/open-mercato/open-mercato/packages/core/src/modules/translati
Error:   39) packages/core/src/modules/translations/__integration__/TC-TRANS-002.spec.ts:89:3 › TC-TRANS-002: Translation CRUD Lifecycle › should delete translations and confirm 404 

    Retry #1 ───────────────────────────────────────────────────────────────────────────────────────
    Error: Failed to create product fixture: 404

    expect(received).toBeTruthy()

    Received: false

       at packages/core/src/helpers/integration/catalogFixtures.ts:23

      21 |     },
      22 |   });
    > 23 |   expect(response.ok(), `Failed to create product fixture: ${response.status()}`).toBeTruthy();
         |                                                                                   ^
      24 |   const body = (await response.json()) as { id?: string };
      25 |   expect(typeof body.id === 'string' && body.id.length > 0).toBeTruthy();
      26 |   return body.id as string;
        at createProductFixture (/home/runner/work/open-mercato/open-mercato/packages/core/src/helpers/integration/catalogFixture
Error:   40) packages/core/src/modules/translations/__integration__/TC-TRANS-003.spec.ts:23:3 › TC-TRANS-003: Validation & Authorization › should reject field value exceeding 10000 characters with 400 
    Error: Failed to create product fixture: 404

    expect(received).toBeTruthy()

    Received: false

       at packages/core/src/helpers/integration/catalogFixtures.ts:23

      21 |     },
      22 |   });
    > 23 |   expect(response.ok(), `Failed to create product fixture: ${response.status()}`).toBeTruthy();
         |                                                                                   ^
      24 |   const body = (await response.json()) as { id?: string };
      25 |   expect(typeof body.id === 'string' && body.id.length > 0).toBeTruthy();
      26 |   return body.id as string;
        at createProductFixture (/home/runner/work/open-mercato/open-mercato/packages/core/src/helpers/integration/catalogFixtures.ts:23:83)
        at /home/runner/work/open-mercato/open-mercato/packages/core/sr
Error:   40) packages/core/src/modules/translations/__integration__/TC-TRANS-003.spec.ts:23:3 › TC-TRANS-003: Validation & Authorization › should reject field value exceeding 10000 characters with 400 

    Retry #1 ───────────────────────────────────────────────────────────────────────────────────────
    Error: Failed to create product fixture: 404

    expect(received).toBeTruthy()

    Received: false

       at packages/core/src/helpers/integration/catalogFixtures.ts:23

      21 |     },
      22 |   });
    > 23 |   expect(response.ok(), `Failed to create product fixture: ${response.status()}`).toBeTruthy();
         |                                                                                   ^
      24 |   const body = (await response.json()) as { id?: string };
      25 |   expect(typeof body.id === 'string' && body.id.length > 0).toBeTruthy();
      26 |   return body.id as string;
        at createProductFixture (/home/runner/work/open-mercato/open-mercato/packages/core/src/helpers/integra
Error:   41) packages/core/src/modules/translations/__integration__/TC-TRANS-003.spec.ts:44:3 › TC-TRANS-003: Validation & Authorization › should reject locale key exceeding max length with 400 
    Error: Failed to create product fixture: 404

    expect(received).toBeTruthy()

    Received: false

       at packages/core/src/helpers/integration/catalogFixtures.ts:23

      21 |     },
      22 |   });
    > 23 |   expect(response.ok(), `Failed to create product fixture: ${response.status()}`).toBeTruthy();
         |                                                                                   ^
      24 |   const body = (await response.json()) as { id?: string };
      25 |   expect(typeof body.id === 'string' && body.id.length > 0).toBeTruthy();
      26 |   return body.id as string;
        at createProductFixture (/home/runner/work/open-mercato/open-mercato/packages/core/src/helpers/integration/catalogFixtures.ts:23:83)
        at /home/runner/work/open-mercato/open-mercato/packages/core/src/modul
Error:   41) packages/core/src/modules/translations/__integration__/TC-TRANS-003.spec.ts:44:3 › TC-TRANS-003: Validation & Authorization › should reject locale key exceeding max length with 400 

    Retry #1 ───────────────────────────────────────────────────────────────────────────────────────
    Error: Failed to create product fixture: 404

    expect(received).toBeTruthy()

    Received: false

       at packages/core/src/helpers/integration/catalogFixtures.ts:23

      21 |     },
      22 |   });
    > 23 |   expect(response.ok(), `Failed to create product fixture: ${response.status()}`).toBeTruthy();
         |                                                                                   ^
      24 |   const body = (await response.json()) as { id?: string };
      25 |   expect(typeof body.id === 'string' && body.id.length > 0).toBeTruthy();
      26 |   return body.id as string;
        at createProductFixture (/home/runner/work/open-mercato/open-mercato/packages/core/src/helpers/integration/ca
Error:   42) packages/core/src/modules/translations/__integration__/TC-TRANS-005.spec.ts:31:3 › TC-TRANS-005: Translation Manager Standalone › should select entity type and record, showing the field table 
    Error: Failed to create product fixture: 404

    expect(received).toBeTruthy()

    Received: false

       at packages/core/src/helpers/integration/catalogFixtures.ts:23

      21 |     },
      22 |   });
    > 23 |   expect(response.ok(), `Failed to create product fixture: ${response.status()}`).toBeTruthy();
         |                                                                                   ^
      24 |   const body = (await response.json()) as { id?: string };
      25 |   expect(typeof body.id === 'string' && body.id.length > 0).toBeTruthy();
      26 |   return body.id as string;
        at createProductFixture (/home/runner/work/open-mercato/open-mercato/packages/core/src/helpers/integration/catalogFixtures.ts:23:83)
        at /home/runner/work/open-mercato/open-mercato/packages/cor
Error:   42) packages/core/src/modules/translations/__integration__/TC-TRANS-005.spec.ts:31:3 › TC-TRANS-005: Translation Manager Standalone › should select entity type and record, showing the field table 

    Retry #1 ───────────────────────────────────────────────────────────────────────────────────────
    Error: Failed to create product fixture: 404

    expect(received).toBeTruthy()

    Received: false

       at packages/core/src/helpers/integration/catalogFixtures.ts:23

      21 |     },
      22 |   });
    > 23 |   expect(response.ok(), `Failed to create product fixture: ${response.status()}`).toBeTruthy();
         |                                                                                   ^
      24 |   const body = (await response.json()) as { id?: string };
      25 |   expect(typeof body.id === 'string' && body.id.length > 0).toBeTruthy();
      26 |   return body.id as string;
        at createProductFixture (/home/runner/work/open-mercato/open-mercato/packages/core/src/helpers/int
Error:   43) packages/core/src/modules/translations/__integration__/TC-TRANS-005.spec.ts:58:3 › TC-TRANS-005: Translation Manager Standalone › should enter and save a translation via standalone manager 
    Error: Failed to create product fixture: 404

    expect(received).toBeTruthy()

    Received: false

       at packages/core/src/helpers/integration/catalogFixtures.ts:23

      21 |     },
      22 |   });
    > 23 |   expect(response.ok(), `Failed to create product fixture: ${response.status()}`).toBeTruthy();
         |                                                                                   ^
      24 |   const body = (await response.json()) as { id?: string };
      25 |   expect(typeof body.id === 'string' && body.id.length > 0).toBeTruthy();
      26 |   return body.id as string;
        at createProductFixture (/home/runner/work/open-mercato/open-mercato/packages/core/src/helpers/integration/catalogFixtures.ts:23:83)
        at /home/runner/work/open-mercato/open-mercato/packages/core/s
Error:   43) packages/core/src/modules/translations/__integration__/TC-TRANS-005.spec.ts:58:3 › TC-TRANS-005: Translation Manager Standalone › should enter and save a translation via standalone manager 

    Retry #1 ───────────────────────────────────────────────────────────────────────────────────────
    Error: Failed to create product fixture: 404

    expect(received).toBeTruthy()

    Received: false

       at packages/core/src/helpers/integration/catalogFixtures.ts:23

      21 |     },
      22 |   });
    > 23 |   expect(response.ok(), `Failed to create product fixture: ${response.status()}`).toBeTruthy();
         |                                                                                   ^
      24 |   const body = (await response.json()) as { id?: string };
      25 |   expect(typeof body.id === 'string' && body.id.length > 0).toBeTruthy();
      26 |   return body.id as string;
        at createProductFixture (/home/runner/work/open-mercato/open-mercato/packages/core/src/helpers/integr
Error:   44) packages/core/src/modules/translations/__integration__/TC-TRANS-005.spec.ts:99:3 › TC-TRANS-005: Translation Manager Standalone › should persist translations after page reload 
    Error: Failed to create product fixture: 404

    expect(received).toBeTruthy()

    Received: false

       at packages/core/src/helpers/integration/catalogFixtures.ts:23

      21 |     },
      22 |   });
    > 23 |   expect(response.ok(), `Failed to create product fixture: ${response.status()}`).toBeTruthy();
         |                                                                                   ^
      24 |   const body = (await response.json()) as { id?: string };
      25 |   expect(typeof body.id === 'string' && body.id.length > 0).toBeTruthy();
      26 |   return body.id as string;
        at createProductFixture (/home/runner/work/open-mercato/open-mercato/packages/core/src/helpers/integration/catalogFixtures.ts:23:83)
        at /home/runner/work/open-mercato/open-mercato/packages/core/src/modules/tr
Error:   44) packages/core/src/modules/translations/__integration__/TC-TRANS-005.spec.ts:99:3 › TC-TRANS-005: Translation Manager Standalone › should persist translations after page reload 

    Retry #1 ───────────────────────────────────────────────────────────────────────────────────────
    Error: Failed to create product fixture: 404

    expect(received).toBeTruthy()

    Received: false

       at packages/core/src/helpers/integration/catalogFixtures.ts:23

      21 |     },
      22 |   });
    > 23 |   expect(response.ok(), `Failed to create product fixture: ${response.status()}`).toBeTruthy();
         |                                                                                   ^
      24 |   const body = (await response.json()) as { id?: string };
      25 |   expect(typeof body.id === 'string' && body.id.length > 0).toBeTruthy();
      26 |   return body.id as string;
        at createProductFixture (/home/runner/work/open-mercato/open-mercato/packages/core/src/helpers/integration/catalog
Error:   45) packages/core/src/modules/translations/__integration__/TC-TRANS-006.spec.ts:94:3 › TC-TRANS-006: Translation Action on Product Detail › should show translation action on product edit page 
    Error: Failed to create product fixture: 404

    expect(received).toBeTruthy()

    Received: false

       at packages/core/src/helpers/integration/catalogFixtures.ts:23

      21 |     },
      22 |   });
    > 23 |   expect(response.ok(), `Failed to create product fixture: ${response.status()}`).toBeTruthy();
         |                                                                                   ^
      24 |   const body = (await response.json()) as { id?: string };
      25 |   expect(typeof body.id === 'string' && body.id.length > 0).toBeTruthy();
      26 |   return body.id as string;
        at createProductFixture (/home/runner/work/open-mercato/open-mercato/packages/core/src/helpers/integration/catalogFixtures.ts:23:83)
        at /home/runner/work/open-mercato/open-mercato/packages/core/sr
Error:   45) packages/core/src/modules/translations/__integration__/TC-TRANS-006.spec.ts:94:3 › TC-TRANS-006: Translation Action on Product Detail › should show translation action on product edit page 

    Retry #1 ───────────────────────────────────────────────────────────────────────────────────────
    Error: Failed to create product fixture: 404

    expect(received).toBeTruthy()

    Received: false

       at packages/core/src/helpers/integration/catalogFixtures.ts:23

      21 |     },
      22 |   });
    > 23 |   expect(response.ok(), `Failed to create product fixture: ${response.status()}`).toBeTruthy();
         |                                                                                   ^
      24 |   const body = (await response.json()) as { id?: string };
      25 |   expect(typeof body.id === 'string' && body.id.length > 0).toBeTruthy();
      26 |   return body.id as string;
        at createProductFixture (/home/runner/work/open-mercato/open-mercato/packages/core/src/helpers/integra
Error:   46) packages/core/src/modules/translations/__integration__/TC-TRANS-006.spec.ts:119:3 › TC-TRANS-006: Translation Action on Product Detail › should enter and save a translation in the translation drawer 
    Error: Failed to create product fixture: 404

    expect(received).toBeTruthy()

    Received: false

       at packages/core/src/helpers/integration/catalogFixtures.ts:23

      21 |     },
      22 |   });
    > 23 |   expect(response.ok(), `Failed to create product fixture: ${response.status()}`).toBeTruthy();
         |                                                                                   ^
      24 |   const body = (await response.json()) as { id?: string };
      25 |   expect(typeof body.id === 'string' && body.id.length > 0).toBeTruthy();
      26 |   return body.id as string;
        at createProductFixture (/home/runner/work/open-mercato/open-mercato/packages/core/src/helpers/integration/catalogFixtures.ts:23:83)
        at /home/runner/work/open-mercato/open-mercato/packa
Error:   46) packages/core/src/modules/translations/__integration__/TC-TRANS-006.spec.ts:119:3 › TC-TRANS-006: Translation Action on Product Detail › should enter and save a translation in the translation drawer 

    Retry #1 ───────────────────────────────────────────────────────────────────────────────────────
    Error: Failed to create product fixture: 404

    expect(received).toBeTruthy()

    Received: false

       at packages/core/src/helpers/integration/catalogFixtures.ts:23

      21 |     },
      22 |   });
    > 23 |   expect(response.ok(), `Failed to create product fixture: ${response.status()}`).toBeTruthy();
         |                                                                                   ^
      24 |   const body = (await response.json()) as { id?: string };
      25 |   expect(typeof body.id === 'string' && body.id.length > 0).toBeTruthy();
      26 |   return body.id as string;
        at createProductFixture (/home/runner/work/open-mercato/open-mercato/packages/core/src/help
Error:   47) packages/core/src/modules/translations/__integration__/TC-TRANS-006.spec.ts:152:3 › TC-TRANS-006: Translation Action on Product Detail › should verify drawer-saved translation via API 
    Error: Failed to create product fixture: 404

    expect(received).toBeTruthy()

    Received: false

       at packages/core/src/helpers/integration/catalogFixtures.ts:23

      21 |     },
      22 |   });
    > 23 |   expect(response.ok(), `Failed to create product fixture: ${response.status()}`).toBeTruthy();
         |                                                                                   ^
      24 |   const body = (await response.json()) as { id?: string };
      25 |   expect(typeof body.id === 'string' && body.id.length > 0).toBeTruthy();
      26 |   return body.id as string;
        at createProductFixture (/home/runner/work/open-mercato/open-mercato/packages/core/src/helpers/integration/catalogFixtures.ts:23:83)
        at /home/runner/work/open-mercato/open-mercato/packages/core/src/mo
Error:   47) packages/core/src/modules/translations/__integration__/TC-TRANS-006.spec.ts:152:3 › TC-TRANS-006: Translation Action on Product Detail › should verify drawer-saved translation via API 

    Retry #1 ───────────────────────────────────────────────────────────────────────────────────────
    Error: Failed to create product fixture: 404

    expect(received).toBeTruthy()

    Received: false

       at packages/core/src/helpers/integration/catalogFixtures.ts:23

      21 |     },
      22 |   });
    > 23 |   expect(response.ok(), `Failed to create product fixture: ${response.status()}`).toBeTruthy();
         |                                                                                   ^
      24 |   const body = (await response.json()) as { id?: string };
      25 |   expect(typeof body.id === 'string' && body.id.length > 0).toBeTruthy();
      26 |   return body.id as string;
        at createProductFixture (/home/runner/work/open-mercato/open-mercato/packages/core/src/helpers/integration
Error:   48) packages/core/src/modules/translations/__integration__/TC-TRANS-007.spec.ts:46:3 › TC-TRANS-007: Dynamic Header Action Injection on Category Edit › should show translation action on category edit page 
    Error: Failed to create category fixture: 404

    expect(received).toBeTruthy()

    Received: false

       at packages/core/src/helpers/integration/catalogFixtures.ts:42

      40 |     data: { name: input.name },
      41 |   });
    > 42 |   expect(response.ok(), `Failed to create category fixture: ${response.status()}`).toBeTruthy();
         |                                                                                    ^
      43 |   const body = (await response.json()) as { id?: string };
      44 |   expect(typeof body.id === 'string' && body.id.length > 0).toBeTruthy();
      45 |   return body.id as string;
        at createCategoryFixture (/home/runner/work/open-mercato/open-mercato/packages/core/src/helpers/integration/catalogFixtures.ts:42:84)
        at /home/runner/work/
Error:   48) packages/core/src/modules/translations/__integration__/TC-TRANS-007.spec.ts:46:3 › TC-TRANS-007: Dynamic Header Action Injection on Category Edit › should show translation action on category edit page 

    Retry #1 ───────────────────────────────────────────────────────────────────────────────────────
    Error: Failed to create category fixture: 404

    expect(received).toBeTruthy()

    Received: false

       at packages/core/src/helpers/integration/catalogFixtures.ts:42

      40 |     data: { name: input.name },
      41 |   });
    > 42 |   expect(response.ok(), `Failed to create category fixture: ${response.status()}`).toBeTruthy();
         |                                                                                    ^
      43 |   const body = (await response.json()) as { id?: string };
      44 |   expect(typeof body.id === 'string' && body.id.length > 0).toBeTruthy();
      45 |   return body.id as string;
        at createCategoryFixture (/home/runner/work/open-mercato/open
Error:   49) packages/core/src/modules/translations/__integration__/TC-TRANS-007.spec.ts:68:3 › TC-TRANS-007: Dynamic Header Action Injection on Category Edit › should save a translation via the category drawer and verify via API 
    Error: Failed to create category fixture: 404

    expect(received).toBeTruthy()

    Received: false

       at packages/core/src/helpers/integration/catalogFixtures.ts:42

      40 |     data: { name: input.name },
      41 |   });
    > 42 |   expect(response.ok(), `Failed to create category fixture: ${response.status()}`).toBeTruthy();
         |                                                                                    ^
      43 |   const body = (await response.json()) as { id?: string };
      44 |   expect(typeof body.id === 'string' && body.id.length > 0).toBeTruthy();
      45 |   return body.id as string;
        at createCategoryFixture (/home/runner/work/open-mercato/open-mercato/packages/core/src/helpers/integration/catalogFixtures.ts:42:84)
        at /h
Error:   49) packages/core/src/modules/translations/__integration__/TC-TRANS-007.spec.ts:68:3 › TC-TRANS-007: Dynamic Header Action Injection on Category Edit › should save a translation via the category drawer and verify via API 

    Retry #1 ───────────────────────────────────────────────────────────────────────────────────────
    Error: Failed to create category fixture: 404

    expect(received).toBeTruthy()

    Received: false

       at packages/core/src/helpers/integration/catalogFixtures.ts:42

      40 |     data: { name: input.name },
      41 |   });
    > 42 |   expect(response.ok(), `Failed to create category fixture: ${response.status()}`).toBeTruthy();
         |                                                                                    ^
      43 |   const body = (await response.json()) as { id?: string };
      44 |   expect(typeof body.id === 'string' && body.id.length > 0).toBeTruthy();
      45 |   return body.id as string;
        at createCategoryFixture (/home/runner/work/o
Error:   50) packages/core/src/modules/translations/__integration__/TC-TRANS-008.spec.ts:36:3 › TC-TRANS-008: RBAC Authorization per Role › admin can GET translations (translations.view) 
    Error: Failed to create product fixture: 404

    expect(received).toBeTruthy()

    Received: false

       at packages/core/src/helpers/integration/catalogFixtures.ts:23

      21 |     },
      22 |   });
    > 23 |   expect(response.ok(), `Failed to create product fixture: ${response.status()}`).toBeTruthy();
         |                                                                                   ^
      24 |   const body = (await response.json()) as { id?: string };
      25 |   expect(typeof body.id === 'string' && body.id.length > 0).toBeTruthy();
      26 |   return body.id as string;
        at createProductFixture (/home/runner/work/open-mercato/open-mercato/packages/core/src/helpers/integration/catalogFixtures.ts:23:83)
        at /home/runner/work/open-mercato/open-mercato/packages/core/src/modules/tran
Error:   50) packages/core/src/modules/translations/__integration__/TC-TRANS-008.spec.ts:36:3 › TC-TRANS-008: RBAC Authorization per Role › admin can GET translations (translations.view) 

    Retry #1 ───────────────────────────────────────────────────────────────────────────────────────
    Error: Failed to create product fixture: 404

    expect(received).toBeTruthy()

    Received: false

       at packages/core/src/helpers/integration/catalogFixtures.ts:23

      21 |     },
      22 |   });
    > 23 |   expect(response.ok(), `Failed to create product fixture: ${response.status()}`).toBeTruthy();
         |                                                                                   ^
      24 |   const body = (await response.json()) as { id?: string };
      25 |   expect(typeof body.id === 'string' && body.id.length > 0).toBeTruthy();
      26 |   return body.id as string;
        at createProductFixture (/home/runner/work/open-mercato/open-mercato/packages/core/src/helpers/integration/catalogFi
Error:   51) packages/core/src/modules/translations/__integration__/TC-TRANS-008.spec.ts:59:3 › TC-TRANS-008: RBAC Authorization per Role › admin can PUT translations (translations.manage) 
    Error: Failed to create product fixture: 404

    expect(received).toBeTruthy()

    Received: false

       at packages/core/src/helpers/integration/catalogFixtures.ts:23

      21 |     },
      22 |   });
    > 23 |   expect(response.ok(), `Failed to create product fixture: ${response.status()}`).toBeTruthy();
         |                                                                                   ^
      24 |   const body = (await response.json()) as { id?: string };
      25 |   expect(typeof body.id === 'string' && body.id.length > 0).toBeTruthy();
      26 |   return body.id as string;
        at createProductFixture (/home/runner/work/open-mercato/open-mercato/packages/core/src/helpers/integration/catalogFixtures.ts:23:83)
        at /home/runner/work/open-mercato/open-mercato/packages/core/src/modules/tr
Error:   51) packages/core/src/modules/translations/__integration__/TC-TRANS-008.spec.ts:59:3 › TC-TRANS-008: RBAC Authorization per Role › admin can PUT translations (translations.manage) 

    Retry #1 ───────────────────────────────────────────────────────────────────────────────────────
    Error: Failed to create product fixture: 404

    expect(received).toBeTruthy()

    Received: false

       at packages/core/src/helpers/integration/catalogFixtures.ts:23

      21 |     },
      22 |   });
    > 23 |   expect(response.ok(), `Failed to create product fixture: ${response.status()}`).toBeTruthy();
         |                                                                                   ^
      24 |   const body = (await response.json()) as { id?: string };
      25 |   expect(typeof body.id === 'string' && body.id.length > 0).toBeTruthy();
      26 |   return body.id as string;
        at createProductFixture (/home/runner/work/open-mercato/open-mercato/packages/core/src/helpers/integration/catalog
Error:   52) packages/core/src/modules/translations/__integration__/TC-TRANS-008.spec.ts:80:3 › TC-TRANS-008: RBAC Authorization per Role › admin can DELETE translations (translations.manage) 
    Error: Failed to create product fixture: 404

    expect(received).toBeTruthy()

    Received: false

       at packages/core/src/helpers/integration/catalogFixtures.ts:23

      21 |     },
      22 |   });
    > 23 |   expect(response.ok(), `Failed to create product fixture: ${response.status()}`).toBeTruthy();
         |                                                                                   ^
      24 |   const body = (await response.json()) as { id?: string };
      25 |   expect(typeof body.id === 'string' && body.id.length > 0).toBeTruthy();
      26 |   return body.id as string;
        at createProductFixture (/home/runner/work/open-mercato/open-mercato/packages/core/src/helpers/integration/catalogFixtures.ts:23:83)
        at /home/runner/work/open-mercato/open-mercato/packages/core/src/modules
Error:   52) packages/core/src/modules/translations/__integration__/TC-TRANS-008.spec.ts:80:3 › TC-TRANS-008: RBAC Authorization per Role › admin can DELETE translations (translations.manage) 

    Retry #1 ───────────────────────────────────────────────────────────────────────────────────────
    Error: Failed to create product fixture: 404

    expect(received).toBeTruthy()

    Received: false

       at packages/core/src/helpers/integration/catalogFixtures.ts:23

      21 |     },
      22 |   });
    > 23 |   expect(response.ok(), `Failed to create product fixture: ${response.status()}`).toBeTruthy();
         |                                                                                   ^
      24 |   const body = (await response.json()) as { id?: string };
      25 |   expect(typeof body.id === 'string' && body.id.length > 0).toBeTruthy();
      26 |   return body.id as string;
        at createProductFixture (/home/runner/work/open-mercato/open-mercato/packages/core/src/helpers/integration/cata
Error:   53) packages/core/src/modules/translations/__integration__/TC-TRANS-008.spec.ts:120:3 › TC-TRANS-008: RBAC Authorization per Role › employee can GET translations (translations.view) 
    Error: Failed to create product fixture: 404

    expect(received).toBeTruthy()

    Received: false

       at packages/core/src/helpers/integration/catalogFixtures.ts:23

      21 |     },
      22 |   });
    > 23 |   expect(response.ok(), `Failed to create product fixture: ${response.status()}`).toBeTruthy();
         |                                                                                   ^
      24 |   const body = (await response.json()) as { id?: string };
      25 |   expect(typeof body.id === 'string' && body.id.length > 0).toBeTruthy();
      26 |   return body.id as string;
        at createProductFixture (/home/runner/work/open-mercato/open-mercato/packages/core/src/helpers/integration/catalogFixtures.ts:23:83)
        at /home/runner/work/open-mercato/open-mercato/packages/core/src/modules/
Error:   53) packages/core/src/modules/translations/__integration__/TC-TRANS-008.spec.ts:120:3 › TC-TRANS-008: RBAC Authorization per Role › employee can GET translations (translations.view) 

    Retry #1 ───────────────────────────────────────────────────────────────────────────────────────
    Error: Failed to create product fixture: 404

    expect(received).toBeTruthy()

    Received: false

       at packages/core/src/helpers/integration/catalogFixtures.ts:23

      21 |     },
      22 |   });
    > 23 |   expect(response.ok(), `Failed to create product fixture: ${response.status()}`).toBeTruthy();
         |                                                                                   ^
      24 |   const body = (await response.json()) as { id?: string };
      25 |   expect(typeof body.id === 'string' && body.id.length > 0).toBeTruthy();
      26 |   return body.id as string;
        at createProductFixture (/home/runner/work/open-mercato/open-mercato/packages/core/src/helpers/integration/catal
Error:   54) packages/core/src/modules/translations/__integration__/TC-TRANS-008.spec.ts:154:3 › TC-TRANS-008: RBAC Authorization per Role › employee can PUT translations (translations.manage) 
    Error: Failed to create product fixture: 404

    expect(received).toBeTruthy()

    Received: false

       at packages/core/src/helpers/integration/catalogFixtures.ts:23

      21 |     },
      22 |   });
    > 23 |   expect(response.ok(), `Failed to create product fixture: ${response.status()}`).toBeTruthy();
         |                                                                                   ^
      24 |   const body = (await response.json()) as { id?: string };
      25 |   expect(typeof body.id === 'string' && body.id.length > 0).toBeTruthy();
      26 |   return body.id as string;
        at createProductFixture (/home/runner/work/open-mercato/open-mercato/packages/core/src/helpers/integration/catalogFixtures.ts:23:83)
        at /home/runner/work/open-mercato/open-mercato/packages/core/src/module
Error:   54) packages/core/src/modules/translations/__integration__/TC-TRANS-008.spec.ts:154:3 › TC-TRANS-008: RBAC Authorization per Role › employee can PUT translations (translations.manage) 

    Retry #1 ───────────────────────────────────────────────────────────────────────────────────────
    Error: Failed to create product fixture: 404

    expect(received).toBeTruthy()

    Received: false

       at packages/core/src/helpers/integration/catalogFixtures.ts:23

      21 |     },
      22 |   });
    > 23 |   expect(response.ok(), `Failed to create product fixture: ${response.status()}`).toBeTruthy();
         |                                                                                   ^
      24 |   const body = (await response.json()) as { id?: string };
      25 |   expect(typeof body.id === 'string' && body.id.length > 0).toBeTruthy();
      26 |   return body.id as string;
        at createProductFixture (/home/runner/work/open-mercato/open-mercato/packages/core/src/helpers/integration/cat
Error:   55) packages/core/src/modules/translations/__integration__/TC-TRANS-008.spec.ts:176:3 › TC-TRANS-008: RBAC Authorization per Role › employee can DELETE translations (translations.manage) 
    Error: Failed to create product fixture: 404

    expect(received).toBeTruthy()

    Received: false

       at packages/core/src/helpers/integration/catalogFixtures.ts:23

      21 |     },
      22 |   });
    > 23 |   expect(response.ok(), `Failed to create product fixture: ${response.status()}`).toBeTruthy();
         |                                                                                   ^
      24 |   const body = (await response.json()) as { id?: string };
      25 |   expect(typeof body.id === 'string' && body.id.length > 0).toBeTruthy();
      26 |   return body.id as string;
        at createProductFixture (/home/runner/work/open-mercato/open-mercato/packages/core/src/helpers/integration/catalogFixtures.ts:23:83)
        at /home/runner/work/open-mercato/open-mercato/packages/core/src/mod
Error:   55) packages/core/src/modules/translations/__integration__/TC-TRANS-008.spec.ts:176:3 › TC-TRANS-008: RBAC Authorization per Role › employee can DELETE translations (translations.manage) 

    Retry #1 ───────────────────────────────────────────────────────────────────────────────────────
    Error: Failed to create product fixture: 404

    expect(received).toBeTruthy()

    Received: false

       at packages/core/src/helpers/integration/catalogFixtures.ts:23

      21 |     },
      22 |   });
    > 23 |   expect(response.ok(), `Failed to create product fixture: ${response.status()}`).toBeTruthy();
         |                                                                                   ^
      24 |   const body = (await response.json()) as { id?: string };
      25 |   expect(typeof body.id === 'string' && body.id.length > 0).toBeTruthy();
      26 |   return body.id as string;
        at createProductFixture (/home/runner/work/open-mercato/open-mercato/packages/core/src/helpers/integration/
Error:   56) packages/core/src/modules/translations/__integration__/TC-TRANS-009.spec.ts:24:3 › TC-TRANS-009: Translation Command Undo › undo save (create) should remove the translation 
    Error: Failed to create product fixture: 404

    expect(received).toBeTruthy()

    Received: false

       at packages/core/src/helpers/integration/catalogFixtures.ts:23

      21 |     },
      22 |   });
    > 23 |   expect(response.ok(), `Failed to create product fixture: ${response.status()}`).toBeTruthy();
         |                                                                                   ^
      24 |   const body = (await response.json()) as { id?: string };
      25 |   expect(typeof body.id === 'string' && body.id.length > 0).toBeTruthy();
      26 |   return body.id as string;
        at createProductFixture (/home/runner/work/open-mercato/open-mercato/packages/core/src/helpers/integration/catalogFixtures.ts:23:83)
        at /home/runner/work/open-mercato/open-mercato/packages/core/src/modules/trans
Error:   56) packages/core/src/modules/translations/__integration__/TC-TRANS-009.spec.ts:24:3 › TC-TRANS-009: Translation Command Undo › undo save (create) should remove the translation 

    Retry #1 ───────────────────────────────────────────────────────────────────────────────────────
    Error: Failed to create product fixture: 404

    expect(received).toBeTruthy()

    Received: false

       at packages/core/src/helpers/integration/catalogFixtures.ts:23

      21 |     },
      22 |   });
    > 23 |   expect(response.ok(), `Failed to create product fixture: ${response.status()}`).toBeTruthy();
         |                                                                                   ^
      24 |   const body = (await response.json()) as { id?: string };
      25 |   expect(typeof body.id === 'string' && body.id.length > 0).toBeTruthy();
      26 |   return body.id as string;
        at createProductFixture (/home/runner/work/open-mercato/open-mercato/packages/core/src/helpers/integration/catalogFix
Error:   57) packages/core/src/modules/translations/__integration__/TC-TRANS-009.spec.ts:74:3 › TC-TRANS-009: Translation Command Undo › undo save (update) should restore previous translations 
    Error: Failed to create product fixture: 404

    expect(received).toBeTruthy()

    Received: false

       at packages/core/src/helpers/integration/catalogFixtures.ts:23

      21 |     },
      22 |   });
    > 23 |   expect(response.ok(), `Failed to create product fixture: ${response.status()}`).toBeTruthy();
         |                                                                                   ^
      24 |   const body = (await response.json()) as { id?: string };
      25 |   expect(typeof body.id === 'string' && body.id.length > 0).toBeTruthy();
      26 |   return body.id as string;
        at createProductFixture (/home/runner/work/open-mercato/open-mercato/packages/core/src/helpers/integration/catalogFixtures.ts:23:83)
        at /home/runner/work/open-mercato/open-mercato/packages/core/src/module
Error:   57) packages/core/src/modules/translations/__integration__/TC-TRANS-009.spec.ts:74:3 › TC-TRANS-009: Translation Command Undo › undo save (update) should restore previous translations 

    Retry #1 ───────────────────────────────────────────────────────────────────────────────────────
    Error: Failed to create product fixture: 404

    expect(received).toBeTruthy()

    Received: false

       at packages/core/src/helpers/integration/catalogFixtures.ts:23

      21 |     },
      22 |   });
    > 23 |   expect(response.ok(), `Failed to create product fixture: ${response.status()}`).toBeTruthy();
         |                                                                                   ^
      24 |   const body = (await response.json()) as { id?: string };
      25 |   expect(typeof body.id === 'string' && body.id.length > 0).toBeTruthy();
      26 |   return body.id as string;
        at createProductFixture (/home/runner/work/open-mercato/open-mercato/packages/core/src/helpers/integration/cat
Error:   58) packages/core/src/modules/translations/__integration__/TC-TRANS-010.spec.ts:23:3 › TC-TRANS-010: Drawer Escape Close and Body Scroll Restore › should close drawer on Escape and restore body overflow 
    Error: Failed to create product fixture: 404

    expect(received).toBeTruthy()

    Received: false

       at packages/core/src/helpers/integration/catalogFixtures.ts:23

      21 |     },
      22 |   });
    > 23 |   expect(response.ok(), `Failed to create product fixture: ${response.status()}`).toBeTruthy();
         |                                                                                   ^
      24 |   const body = (await response.json()) as { id?: string };
      25 |   expect(typeof body.id === 'string' && body.id.length > 0).toBeTruthy();
      26 |   return body.id as string;
        at createProductFixture (/home/runner/work/open-mercato/open-mercato/packages/core/src/helpers/integration/catalogFixtures.ts:23:83)
        at /home/runner/work/open-mercato/open-mercato/packa
Error:   58) packages/core/src/modules/translations/__integration__/TC-TRANS-010.spec.ts:23:3 › TC-TRANS-010: Drawer Escape Close and Body Scroll Restore › should close drawer on Escape and restore body overflow 

    Retry #1 ───────────────────────────────────────────────────────────────────────────────────────
    Error: Failed to create product fixture: 404

    expect(received).toBeTruthy()

    Received: false

       at packages/core/src/helpers/integration/catalogFixtures.ts:23

      21 |     },
      22 |   });
    > 23 |   expect(response.ok(), `Failed to create product fixture: ${response.status()}`).toBeTruthy();
         |                                                                                   ^
      24 |   const body = (await response.json()) as { id?: string };
      25 |   expect(typeof body.id === 'string' && body.id.length > 0).toBeTruthy();
      26 |   return body.id as string;
        at createProductFixture (/home/runner/work/open-mercato/open-mercato/packages/core/src/help
Error:   59) packages/core/src/modules/translations/__integration__/TC-TRANS-011.spec.ts:56:3 › TC-TRANS-011: RBAC Save Blocked Without translations.manage › should allow viewing locales but block saving translations 
    Error: Failed to create category fixture: 404

    expect(received).toBeTruthy()

    Received: false

       at packages/core/src/helpers/integration/catalogFixtures.ts:42

      40 |     data: { name: input.name },
      41 |   });
    > 42 |   expect(response.ok(), `Failed to create category fixture: ${response.status()}`).toBeTruthy();
         |                                                                                    ^
      43 |   const body = (await response.json()) as { id?: string };
      44 |   expect(typeof body.id === 'string' && body.id.length > 0).toBeTruthy();
      45 |   return body.id as string;
        at createCategoryFixture (/home/runner/work/open-mercato/open-mercato/packages/core/src/helpers/integration/catalogFixtures.ts:42:84)
        at /home/runner/wo
Error:   59) packages/core/src/modules/translations/__integration__/TC-TRANS-011.spec.ts:56:3 › TC-TRANS-011: RBAC Save Blocked Without translations.manage › should allow viewing locales but block saving translations 

    Retry #1 ───────────────────────────────────────────────────────────────────────────────────────
    Error: Failed to create category fixture: 404

    expect(received).toBeTruthy()

    Received: false

       at packages/core/src/helpers/integration/catalogFixtures.ts:42

      40 |     data: { name: input.name },
      41 |   });
    > 42 |   expect(response.ok(), `Failed to create category fixture: ${response.status()}`).toBeTruthy();
         |                                                                                    ^
      43 |   const body = (await response.json()) as { id?: string };
      44 |   expect(typeof body.id === 'string' && body.id.length > 0).toBeTruthy();
      45 |   return body.id as string;
        at createCategoryFixture (/home/runner/work/open-mercato/o
Error:   60) packages/create-app/template/src/modules/example/__integration__/TC-UMES-002.spec.ts:41:3 › TC-UMES-002: Response Enrichers › TC-UMES-R01: GET single person includes enriched _example fields 
    Error: Failed POST /api/customers/people: 404

    expect(received).toBeTruthy()

    Received: false

       at packages/core/src/helpers/integration/crmFixtures.ts:41

      39 |   const response = await apiRequest(request, 'POST', path, { token, data });
      40 |   const payload = await readJsonSafe(response);
    > 41 |   expect(response.ok(), `Failed POST ${path}: ${response.status()}`).toBeTruthy();
         |                                                                      ^
      42 |   const id = findStringByKeys(payload, idKeys);
      43 |   expect(id, `No id in ${path} response`).toBeTruthy();
      44 |   return id as string;
        at createEntity (/home/runner/work/open-mercato/open-mercato/packages/core/src/helpers/integration/crmFixtures.ts:41:70)
        at /home/runner/work/op
Error:   60) packages/create-app/template/src/modules/example/__integration__/TC-UMES-002.spec.ts:41:3 › TC-UMES-002: Response Enrichers › TC-UMES-R01: GET single person includes enriched _example fields 

    Retry #1 ───────────────────────────────────────────────────────────────────────────────────────
    Error: Failed POST /api/customers/people: 404

    expect(received).toBeTruthy()

    Received: false

       at packages/core/src/helpers/integration/crmFixtures.ts:41

      39 |   const response = await apiRequest(request, 'POST', path, { token, data });
      40 |   const payload = await readJsonSafe(response);
    > 41 |   expect(response.ok(), `Failed POST ${path}: ${response.status()}`).toBeTruthy();
         |                                                                      ^
      42 |   const id = findStringByKeys(payload, idKeys);
      43 |   expect(id, `No id in ${path} response`).toBeTruthy();
      44 |   return id as string;
        at createEntity (/home/runner/work/open-mercato/op
Error:   61) packages/create-app/template/src/modules/example/__integration__/TC-UMES-002.spec.ts:84:3 › TC-UMES-002: Response Enrichers › TC-UMES-R02: GET person list enriches all records via enrichMany 
    Error: expect(received).toBeTruthy()

    Received: false

      89 |       token,
      90 |     })
    > 91 |     expect(getResponse.ok()).toBeTruthy()
         |                              ^
      92 |     const body = await getResponse.json()
      93 |     const items = body?.items ?? body?.data ?? []
      94 |
        at /home/runner/work/open-mercato/open-mercato/packages/create-app/template/src/modules/example/__integration__/TC-UMES-002.spec.ts:91:30
Error:   61) packages/create-app/template/src/modules/example/__integration__/TC-UMES-002.spec.ts:84:3 › TC-UMES-002: Response Enrichers › TC-UMES-R02: GET person list enriches all records via enrichMany 

    Retry #1 ───────────────────────────────────────────────────────────────────────────────────────
    Error: expect(received).toBeTruthy()

    Received: false

      89 |       token,
      90 |     })
    > 91 |     expect(getResponse.ok()).toBeTruthy()
         |                              ^
      92 |     const body = await getResponse.json()
      93 |     const items = body?.items ?? body?.data ?? []
      94 |
        at /home/runner/work/open-mercato/open-mercato/packages/create-app/template/src/modules/example/__integration__/TC-UMES-002.spec.ts:91:30
Error:   62) packages/create-app/template/src/modules/example/__integration__/TC-UMES-002.spec.ts:105:3 › TC-UMES-002: Response Enrichers › TC-UMES-R07: multi-id query returns only requested IDs with enrichment metadata 
    Error: Failed POST /api/customers/people: 404

    expect(received).toBeTruthy()

    Received: false

       at packages/core/src/helpers/integration/crmFixtures.ts:41

      39 |   const response = await apiRequest(request, 'POST', path, { token, data });
      40 |   const payload = await readJsonSafe(response);
    > 41 |   expect(response.ok(), `Failed POST ${path}: ${response.status()}`).toBeTruthy();
         |                                                                      ^
      42 |   const id = findStringByKeys(payload, idKeys);
      43 |   expect(id, `No id in ${path} response`).toBeTruthy();
      44 |   return id as string;
        at createEntity (/home/runner/work/open-mercato/open-mercato/packages/core/src/helpers/integration/crmFixtures.ts:41:70)
        at /hom
Error:   62) packages/create-app/template/src/modules/example/__integration__/TC-UMES-002.spec.ts:105:3 › TC-UMES-002: Response Enrichers › TC-UMES-R07: multi-id query returns only requested IDs with enrichment metadata 

    Retry #1 ───────────────────────────────────────────────────────────────────────────────────────
    Error: Failed POST /api/customers/people: 404

    expect(received).toBeTruthy()

    Received: false

       at packages/core/src/helpers/integration/crmFixtures.ts:41

      39 |   const response = await apiRequest(request, 'POST', path, { token, data });
      40 |   const payload = await readJsonSafe(response);
    > 41 |   expect(response.ok(), `Failed POST ${path}: ${response.status()}`).toBeTruthy();
         |                                                                      ^
      42 |   const id = findStringByKeys(payload, idKeys);
      43 |   expect(id, `No id in ${path} response`).toBeTruthy();
      44 |   return id as string;
        at createEntity (/home/runner/work
Error:   63) packages/create-app/template/src/modules/example/__integration__/TC-UMES-002.spec.ts:144:3 › TC-UMES-002: Response Enrichers › TC-UMES-R04: Core fields remain unchanged after enrichment 
    Error: Failed POST /api/customers/people: 404

    expect(received).toBeTruthy()

    Received: false

       at packages/core/src/helpers/integration/crmFixtures.ts:41

      39 |   const response = await apiRequest(request, 'POST', path, { token, data });
      40 |   const payload = await readJsonSafe(response);
    > 41 |   expect(response.ok(), `Failed POST ${path}: ${response.status()}`).toBeTruthy();
         |                                                                      ^
      42 |   const id = findStringByKeys(payload, idKeys);
      43 |   expect(id, `No id in ${path} response`).toBeTruthy();
      44 |   return id as string;
        at createEntity (/home/runner/work/open-mercato/open-mercato/packages/core/src/helpers/integration/crmFixtures.ts:41:70)
        at /home/runner/work/open-me
Error:   63) packages/create-app/template/src/modules/example/__integration__/TC-UMES-002.spec.ts:144:3 › TC-UMES-002: Response Enrichers › TC-UMES-R04: Core fields remain unchanged after enrichment 

    Retry #1 ───────────────────────────────────────────────────────────────────────────────────────
    Error: Failed POST /api/customers/people: 404

    expect(received).toBeTruthy()

    Received: false

       at packages/core/src/helpers/integration/crmFixtures.ts:41

      39 |   const response = await apiRequest(request, 'POST', path, { token, data });
      40 |   const payload = await readJsonSafe(response);
    > 41 |   expect(response.ok(), `Failed POST ${path}: ${response.status()}`).toBeTruthy();
         |                                                                      ^
      42 |   const id = findStringByKeys(payload, idKeys);
      43 |   expect(id, `No id in ${path} response`).toBeTruthy();
      44 |   return id as string;
        at createEntity (/home/runner/work/open-mercato/open-me
Error:   64) packages/create-app/template/src/modules/example/__integration__/TC-UMES-002.spec.ts:176:3 › TC-UMES-002: Response Enrichers › TC-UMES-R05: Response includes _meta.enrichedBy with enricher ID 
    Error: Failed POST /api/customers/people: 404

    expect(received).toBeTruthy()

    Received: false

       at packages/core/src/helpers/integration/crmFixtures.ts:41

      39 |   const response = await apiRequest(request, 'POST', path, { token, data });
      40 |   const payload = await readJsonSafe(response);
    > 41 |   expect(response.ok(), `Failed POST ${path}: ${response.status()}`).toBeTruthy();
         |                                                                      ^
      42 |   const id = findStringByKeys(payload, idKeys);
      43 |   expect(id, `No id in ${path} response`).toBeTruthy();
      44 |   return id as string;
        at createEntity (/home/runner/work/open-mercato/open-mercato/packages/core/src/helpers/integration/crmFixtures.ts:41:70)
        at /home/runner/work/o
Error:   64) packages/create-app/template/src/modules/example/__integration__/TC-UMES-002.spec.ts:176:3 › TC-UMES-002: Response Enrichers › TC-UMES-R05: Response includes _meta.enrichedBy with enricher ID 

    Retry #1 ───────────────────────────────────────────────────────────────────────────────────────
    Error: Failed POST /api/customers/people: 404

    expect(received).toBeTruthy()

    Received: false

       at packages/core/src/helpers/integration/crmFixtures.ts:41

      39 |   const response = await apiRequest(request, 'POST', path, { token, data });
      40 |   const payload = await readJsonSafe(response);
    > 41 |   expect(response.ok(), `Failed POST ${path}: ${response.status()}`).toBeTruthy();
         |                                                                      ^
      42 |   const id = findStringByKeys(payload, idKeys);
      43 |   expect(id, `No id in ${path} response`).toBeTruthy();
      44 |   return id as string;
        at createEntity (/home/runner/work/open-mercato/o
Error:   65) packages/create-app/template/src/modules/example/__integration__/TC-UMES-002.spec.ts:203:3 › TC-UMES-002: Response Enrichers › TC-UMES-R03: Enricher respects ACL features 
    Error: Failed POST /api/customers/people: 404

    expect(received).toBeTruthy()

    Received: false

       at packages/core/src/helpers/integration/crmFixtures.ts:41

      39 |   const response = await apiRequest(request, 'POST', path, { token, data });
      40 |   const payload = await readJsonSafe(response);
    > 41 |   expect(response.ok(), `Failed POST ${path}: ${response.status()}`).toBeTruthy();
         |                                                                      ^
      42 |   const id = findStringByKeys(payload, idKeys);
      43 |   expect(id, `No id in ${path} response`).toBeTruthy();
      44 |   return id as string;
        at createEntity (/home/runner/work/open-mercato/open-mercato/packages/core/src/helpers/integration/crmFixtures.ts:41:70)
        at /home/runner/work/open-mercato/open-merc
Error:   65) packages/create-app/template/src/modules/example/__integration__/TC-UMES-002.spec.ts:203:3 › TC-UMES-002: Response Enrichers › TC-UMES-R03: Enricher respects ACL features 

    Retry #1 ───────────────────────────────────────────────────────────────────────────────────────
    Error: Failed POST /api/customers/people: 404

    expect(received).toBeTruthy()

    Received: false

       at packages/core/src/helpers/integration/crmFixtures.ts:41

      39 |   const response = await apiRequest(request, 'POST', path, { token, data });
      40 |   const payload = await readJsonSafe(response);
    > 41 |   expect(response.ok(), `Failed POST ${path}: ${response.status()}`).toBeTruthy();
         |                                                                      ^
      42 |   const id = findStringByKeys(payload, idKeys);
      43 |   expect(id, `No id in ${path} response`).toBeTruthy();
      44 |   return id as string;
        at createEntity (/home/runner/work/open-mercato/open-mercato/packages/
Error:   66) packages/create-app/template/src/modules/example/__integration__/TC-UMES-002.spec.ts:237:3 › TC-UMES-002: Response Enrichers › TC-UMES-R06: Enricher is tenant-scoped — no cross-org leakage 
    Error: Failed POST /api/customers/people: 404

    expect(received).toBeTruthy()

    Received: false

       at packages/core/src/helpers/integration/crmFixtures.ts:41

      39 |   const response = await apiRequest(request, 'POST', path, { token, data });
      40 |   const payload = await readJsonSafe(response);
    > 41 |   expect(response.ok(), `Failed POST ${path}: ${response.status()}`).toBeTruthy();
         |                                                                      ^
      42 |   const id = findStringByKeys(payload, idKeys);
      43 |   expect(id, `No id in ${path} response`).toBeTruthy();
      44 |   return id as string;
        at createEntity (/home/runner/work/open-mercato/open-mercato/packages/core/src/helpers/integration/crmFixtures.ts:41:70)
        at /home/runner/work/open
Error:   66) packages/create-app/template/src/modules/example/__integration__/TC-UMES-002.spec.ts:237:3 › TC-UMES-002: Response Enrichers › TC-UMES-R06: Enricher is tenant-scoped — no cross-org leakage 

    Retry #1 ───────────────────────────────────────────────────────────────────────────────────────
    Error: Failed POST /api/customers/people: 404

    expect(received).toBeTruthy()

    Received: false

       at packages/core/src/helpers/integration/crmFixtures.ts:41

      39 |   const response = await apiRequest(request, 'POST', path, { token, data });
      40 |   const payload = await readJsonSafe(response);
    > 41 |   expect(response.ok(), `Failed POST ${path}: ${response.status()}`).toBeTruthy();
         |                                                                      ^
      42 |   const id = findStringByKeys(payload, idKeys);
      43 |   expect(id, `No id in ${path} response`).toBeTruthy();
      44 |   return id as string;
        at createEntity (/home/runner/work/open-mercato/open
Error:   67) packages/create-app/template/src/modules/example/__integration__/TC-UMES-003.spec.ts:592:3 › TC-UMES-003: Events & DOM Bridge › TC-UMES-E17: Phase D harness probe returns enriched customer payload 
    Error: Failed POST /api/customers/people: 404

    expect(received).toBeTruthy()

    Received: false

       at packages/core/src/helpers/integration/crmFixtures.ts:41

      39 |   const response = await apiRequest(request, 'POST', path, { token, data });
      40 |   const payload = await readJsonSafe(response);
    > 41 |   expect(response.ok(), `Failed POST ${path}: ${response.status()}`).toBeTruthy();
         |                                                                      ^
      42 |   const id = findStringByKeys(payload, idKeys);
      43 |   expect(id, `No id in ${path} response`).toBeTruthy();
      44 |   return id as string;
        at createEntity (/home/runner/work/open-mercato/open-mercato/packages/core/src/helpers/integration/crmFixtures.ts:41:70)
        at /home/runner/w
Error:   67) packages/create-app/template/src/modules/example/__integration__/TC-UMES-003.spec.ts:592:3 › TC-UMES-003: Events & DOM Bridge › TC-UMES-E17: Phase D harness probe returns enriched customer payload 

    Retry #1 ───────────────────────────────────────────────────────────────────────────────────────
    Error: Failed POST /api/customers/people: 404

    expect(received).toBeTruthy()

    Received: false

       at packages/core/src/helpers/integration/crmFixtures.ts:41

      39 |   const response = await apiRequest(request, 'POST', path, { token, data });
      40 |   const payload = await readJsonSafe(response);
    > 41 |   expect(response.ok(), `Failed POST ${path}: ${response.status()}`).toBeTruthy();
         |                                                                      ^
      42 |   const id = findStringByKeys(payload, idKeys);
      43 |   expect(id, `No id in ${path} response`).toBeTruthy();
      44 |   return id as string;
        at createEntity (/home/runner/work/open-merc
Error:   68) packages/create-app/template/src/modules/example/__integration__/TC-UMES-004.spec.ts:102:3 › TC-UMES-004: Phase E-H completion › TC-UMES-I07: interceptor query rewrites remain tenant-safe for customer priority filter 
    Error: Failed POST /api/customers/people: 404

    expect(received).toBeTruthy()

    Received: false

       at packages/core/src/helpers/integration/crmFixtures.ts:41

      39 |   const response = await apiRequest(request, 'POST', path, { token, data });
      40 |   const payload = await readJsonSafe(response);
    > 41 |   expect(response.ok(), `Failed POST ${path}: ${response.status()}`).toBeTruthy();
         |                                                                      ^
      42 |   const id = findStringByKeys(payload, idKeys);
      43 |   expect(id, `No id in ${path} response`).toBeTruthy();
      44 |   return id as string;
        at createEntity (/home/runner/work/open-mercato/open-mercato/packages/core/src/helpers/integration/crmFixtures.ts:41:70)
     
Error:   68) packages/create-app/template/src/modules/example/__integration__/TC-UMES-004.spec.ts:102:3 › TC-UMES-004: Phase E-H completion › TC-UMES-I07: interceptor query rewrites remain tenant-safe for customer priority filter 

    Retry #1 ───────────────────────────────────────────────────────────────────────────────────────
    Error: Failed POST /api/customers/people: 404

    expect(received).toBeTruthy()

    Received: false

       at packages/core/src/helpers/integration/crmFixtures.ts:41

      39 |   const response = await apiRequest(request, 'POST', path, { token, data });
      40 |   const payload = await readJsonSafe(response);
    > 41 |   expect(response.ok(), `Failed POST ${path}: ${response.status()}`).toBeTruthy();
         |                                                                      ^
      42 |   const id = findStringByKeys(payload, idKeys);
      43 |   expect(id, `No id in ${path} response`).toBeTruthy();
      44 |   return id as string;
        at createEntity (/home/r
Error:   69) packages/create-app/template/src/modules/example/__integration__/TC-UMES-004.spec.ts:135:3 › TC-UMES-004: Phase E-H completion › TC-UMES-D01/D02/D03/D04: DataTable extensions render column, row action, filters, and bulk action button 
    Error: Failed POST /api/customers/people: 404

    expect(received).toBeTruthy()

    Received: false

       at packages/core/src/helpers/integration/crmFixtures.ts:41

      39 |   const response = await apiRequest(request, 'POST', path, { token, data });
      40 |   const payload = await readJsonSafe(response);
    > 41 |   expect(response.ok(), `Failed POST ${path}: ${response.status()}`).toBeTruthy();
         |                                                                      ^
      42 |   const id = findStringByKeys(payload, idKeys);
      43 |   expect(id, `No id in ${path} response`).toBeTruthy();
      44 |   return id as string;
        at createEntity (/home/runner/work/open-mercato/open-mercato/packages/core/src/helpers/integration/crmFixture
Error:   69) packages/create-app/template/src/modules/example/__integration__/TC-UMES-004.spec.ts:135:3 › TC-UMES-004: Phase E-H completion › TC-UMES-D01/D02/D03/D04: DataTable extensions render column, row action, filters, and bulk action button 

    Retry #1 ───────────────────────────────────────────────────────────────────────────────────────
    Error: Failed POST /api/customers/people: 404

    expect(received).toBeTruthy()

    Received: false

       at packages/core/src/helpers/integration/crmFixtures.ts:41

      39 |   const response = await apiRequest(request, 'POST', path, { token, data });
      40 |   const payload = await readJsonSafe(response);
    > 41 |   expect(response.ok(), `Failed POST ${path}: ${response.status()}`).toBeTruthy();
         |                                                                      ^
      42 |   const id = findStringByKeys(payload, idKeys);
      43 |   expect(id, `No id in ${path} response`).toBeTruthy();
      44 |   return id as string;
        at crea
Error:   70) packages/create-app/template/src/modules/example/__integration__/TC-UMES-004.spec.ts:175:3 › TC-UMES-004: Phase E-H completion › TC-UMES-D06: injected bulk action executes against selected rows 
    Error: Failed POST /api/customers/people: 404

    expect(received).toBeTruthy()

    Received: false

       at packages/core/src/helpers/integration/crmFixtures.ts:41

      39 |   const response = await apiRequest(request, 'POST', path, { token, data });
      40 |   const payload = await readJsonSafe(response);
    > 41 |   expect(response.ok(), `Failed POST ${path}: ${response.status()}`).toBeTruthy();
         |                                                                      ^
      42 |   const id = findStringByKeys(payload, idKeys);
      43 |   expect(id, `No id in ${path} response`).toBeTruthy();
      44 |   return id as string;
        at createEntity (/home/runner/work/open-mercato/open-mercato/packages/core/src/helpers/integration/crmFixtures.ts:41:70)
        at /home/runner/work
Error:   70) packages/create-app/template/src/modules/example/__integration__/TC-UMES-004.spec.ts:175:3 › TC-UMES-004: Phase E-H completion › TC-UMES-D06: injected bulk action executes against selected rows 

    Retry #1 ───────────────────────────────────────────────────────────────────────────────────────
    Error: Failed POST /api/customers/people: 404

    expect(received).toBeTruthy()

    Received: false

       at packages/core/src/helpers/integration/crmFixtures.ts:41

      39 |   const response = await apiRequest(request, 'POST', path, { token, data });
      40 |   const payload = await readJsonSafe(response);
    > 41 |   expect(response.ok(), `Failed POST ${path}: ${response.status()}`).toBeTruthy();
         |                                                                      ^
      42 |   const id = findStringByKeys(payload, idKeys);
      43 |   expect(id, `No id in ${path} response`).toBeTruthy();
      44 |   return id as string;
        at createEntity (/home/runner/work/open-mercato
Error:   71) packages/create-app/template/src/modules/example/__integration__/TC-UMES-004.spec.ts:224:3 › TC-UMES-004: Phase E-H completion › TC-UMES-D05: injected DataTable extensions are available for authorized employee role 
    Test timeout of 20000ms exceeded.
Error:   71) packages/create-app/template/src/modules/example/__integration__/TC-UMES-004.spec.ts:224:3 › TC-UMES-004: Phase E-H completion › TC-UMES-D05: injected DataTable extensions are available for authorized employee role 
    Error: expect(locator).toBeVisible() failed

    Locator: getByRole('button', { name: 'Set normal priority' })
    Expected: visible
    Error: element(s) not found

    Call log:
      - Expect "toBeVisible" with timeout 20000ms
      - waiting for getByRole('button', { name: 'Set normal priority' })


      227 |     await page.waitForLoadState('domcontentloaded')
      228 |
    > 229 |     await expect(page.getByRole('button', { name: 'Set normal priority' })).toBeVisible()
          |                                                                             ^
      230 |     await page.getByRole('button', { name: 'Customize columns' }).click()
      231 |     await expect(page.getByText(/Example priority|example\.priority\.column/).first()).toBeVisible({ timeout: 10_000 }
Error:   71) packages/create-app/template/src/modules/example/__integration__/TC-UMES-004.spec.ts:224:3 › TC-UMES-004: Phase E-H completion › TC-UMES-D05: injected DataTable extensions are available for authorized employee role 

    Retry #1 ───────────────────────────────────────────────────────────────────────────────────────
    Test timeout of 20000ms exceeded.
Error:   71) packages/create-app/template/src/modules/example/__integration__/TC-UMES-004.spec.ts:224:3 › TC-UMES-004: Phase E-H completion › TC-UMES-D05: injected DataTable extensions are available for authorized employee role 

    Retry #1 ───────────────────────────────────────────────────────────────────────────────────────
    Error: expect(locator).toBeVisible() failed

    Locator: getByRole('button', { name: 'Set normal priority' })
    Expected: visible
    Error: element(s) not found

    Call log:
      - Expect "toBeVisible" with timeout 20000ms
      - waiting for getByRole('button', { name: 'Set normal priority' })


      227 |     await page.waitForLoadState('domcontentloaded')
      228 |
    > 229 |     await expect(page.getByRole('button', { name: 'Set normal priority' })).toBeVisible()
          |                                                                             ^
      230 |     await page.getByRole('button', { name: 'Customize columns' }).click()
      231 |     await expect
Error:   72) packages/create-app/template/src/modules/example/__integration__/TC-UMES-004.spec.ts:234:3 › TC-UMES-004: Phase E-H completion › TC-UMES-CF01/CF02/CF03/CF04/CF05: detail injection priority field save path and payload boundaries 
    Error: Failed POST /api/customers/people: 404

    expect(received).toBeTruthy()

    Received: false

       at packages/core/src/helpers/integration/crmFixtures.ts:41

      39 |   const response = await apiRequest(request, 'POST', path, { token, data });
      40 |   const payload = await readJsonSafe(response);
    > 41 |   expect(response.ok(), `Failed POST ${path}: ${response.status()}`).toBeTruthy();
         |                                                                      ^
      42 |   const id = findStringByKeys(payload, idKeys);
      43 |   expect(id, `No id in ${path} response`).toBeTruthy();
      44 |   return id as string;
        at createEntity (/home/runner/work/open-mercato/open-mercato/packages/core/src/helpers/integration/crmFixtures.ts:4
Error:   72) packages/create-app/template/src/modules/example/__integration__/TC-UMES-004.spec.ts:234:3 › TC-UMES-004: Phase E-H completion › TC-UMES-CF01/CF02/CF03/CF04/CF05: detail injection priority field save path and payload boundaries 

    Retry #1 ───────────────────────────────────────────────────────────────────────────────────────
    Error: Failed POST /api/customers/people: 404

    expect(received).toBeTruthy()

    Received: false

       at packages/core/src/helpers/integration/crmFixtures.ts:41

      39 |   const response = await apiRequest(request, 'POST', path, { token, data });
      40 |   const payload = await readJsonSafe(response);
    > 41 |   expect(response.ok(), `Failed POST ${path}: ${response.status()}`).toBeTruthy();
         |                                                                      ^
      42 |   const id = findStringByKeys(payload, idKeys);
      43 |   expect(id, `No id in ${path} response`).toBeTruthy();
      44 |   return id as string;
        at createEnti
Error:   73) packages/create-app/template/src/modules/example/__integration__/TC-UMES-004.spec.ts:307:3 › TC-UMES-004: Phase E-H completion › TC-UMES-CR01/CR02/CR03: replacement handles and wrapper render 
    Error: Failed POST /api/customers/people: 404

    expect(received).toBeTruthy()

    Received: false

       at packages/core/src/helpers/integration/crmFixtures.ts:41

      39 |   const response = await apiRequest(request, 'POST', path, { token, data });
      40 |   const payload = await readJsonSafe(response);
    > 41 |   expect(response.ok(), `Failed POST ${path}: ${response.status()}`).toBeTruthy();
         |                                                                      ^
      42 |   const id = findStringByKeys(payload, idKeys);
      43 |   expect(id, `No id in ${path} response`).toBeTruthy();
      44 |   return id as string;
        at createEntity (/home/runner/work/open-mercato/open-mercato/packages/core/src/helpers/integration/crmFixtures.ts:41:70)
        at /home/runner/work/o
Error:   73) packages/create-app/template/src/modules/example/__integration__/TC-UMES-004.spec.ts:307:3 › TC-UMES-004: Phase E-H completion › TC-UMES-CR01/CR02/CR03: replacement handles and wrapper render 

    Retry #1 ───────────────────────────────────────────────────────────────────────────────────────
    Error: Failed POST /api/customers/people: 404

    expect(received).toBeTruthy()

    Received: false

       at packages/core/src/helpers/integration/crmFixtures.ts:41

      39 |   const response = await apiRequest(request, 'POST', path, { token, data });
      40 |   const payload = await readJsonSafe(response);
    > 41 |   expect(response.ok(), `Failed POST ${path}: ${response.status()}`).toBeTruthy();
         |                                                                      ^
      42 |   const id = findStringByKeys(payload, idKeys);
      43 |   expect(id, `No id in ${path} response`).toBeTruthy();
      44 |   return id as string;
        at createEntity (/home/runner/work/open-mercato/o
Error:   74) packages/create-app/template/src/modules/example/__integration__/TC-UMES-006-mutation-lifecycle.spec.ts:339:3 › TC-UMES-006: Mutation Lifecycle — API Tests › TC-UMES-ML07: command interceptor runs on customer operations without blocking 
    Error: Failed POST /api/customers/companies: 404

    expect(received).toBeTruthy()

    Received: false

       at packages/core/src/helpers/integration/crmFixtures.ts:41

      39 |   const response = await apiRequest(request, 'POST', path, { token, data });
      40 |   const payload = await readJsonSafe(response);
    > 41 |   expect(response.ok(), `Failed POST ${path}: ${response.status()}`).toBeTruthy();
         |                                                                      ^
      42 |   const id = findStringByKeys(payload, idKeys);
      43 |   expect(id, `No id in ${path} response`).toBeTruthy();
      44 |   return id as string;
        at createEntity (/home/runner/work/open-mercato/open-mercato/packages/core/src/helpers/integration/crmF
Error:   74) packages/create-app/template/src/modules/example/__integration__/TC-UMES-006-mutation-lifecycle.spec.ts:339:3 › TC-UMES-006: Mutation Lifecycle — API Tests › TC-UMES-ML07: command interceptor runs on customer operations without blocking 

    Retry #1 ───────────────────────────────────────────────────────────────────────────────────────
    Error: Failed POST /api/customers/companies: 404

    expect(received).toBeTruthy()

    Received: false

       at packages/core/src/helpers/integration/crmFixtures.ts:41

      39 |   const response = await apiRequest(request, 'POST', path, { token, data });
      40 |   const payload = await readJsonSafe(response);
    > 41 |   expect(response.ok(), `Failed POST ${path}: ${response.status()}`).toBeTruthy();
         |                                                                      ^
      42 |   const id = findStringByKeys(payload, idKeys);
      43 |   expect(id, `No id in ${path} response`).toBeTruthy();
      44 |   return id as string;
        a
Error:   75) packages/create-app/template/src/modules/example/__integration__/TC-UMES-008.spec.ts:20:3 › TC-UMES-008: SPEC-042 + SPEC-043 › multi-id probe and reactive notification handler work on next phases page 
    Error: Failed POST /api/customers/people: 404

    expect(received).toBeTruthy()

    Received: false

       at packages/core/src/helpers/integration/crmFixtures.ts:41

      39 |   const response = await apiRequest(request, 'POST', path, { token, data });
      40 |   const payload = await readJsonSafe(response);
    > 41 |   expect(response.ok(), `Failed POST ${path}: ${response.status()}`).toBeTruthy();
         |                                                                      ^
      42 |   const id = findStringByKeys(payload, idKeys);
      43 |   expect(id, `No id in ${path} response`).toBeTruthy();
      44 |   return id as string;
        at createEntity (/home/runner/work/open-mercato/open-mercato/packages/core/src/helpers/integration/crmFixtures.ts:41:70)
        at /home/runn
Error:   75) packages/create-app/template/src/modules/example/__integration__/TC-UMES-008.spec.ts:20:3 › TC-UMES-008: SPEC-042 + SPEC-043 › multi-id probe and reactive notification handler work on next phases page 

    Retry #1 ───────────────────────────────────────────────────────────────────────────────────────
    Error: Failed POST /api/customers/people: 404

    expect(received).toBeTruthy()

    Received: false

       at packages/core/src/helpers/integration/crmFixtures.ts:41

      39 |   const response = await apiRequest(request, 'POST', path, { token, data });
      40 |   const payload = await readJsonSafe(response);
    > 41 |   expect(response.ok(), `Failed POST ${path}: ${response.status()}`).toBeTruthy();
         |                                                                      ^
      42 |   const id = findStringByKeys(payload, idKeys);
      43 |   expect(id, `No id in ${path} response`).toBeTruthy();
      44 |   return id as string;
        at createEntity (/home/runner/work/open-
Error:   76) packages/create-app/template/src/modules/example/__integration__/TC-UMES-010.spec.ts:18:3 › TC-UMES-010: DevTools panel › opens and closes via Ctrl+Shift+U keyboard shortcut 
    Test timeout of 20000ms exceeded.
Error:   76) packages/create-app/template/src/modules/example/__integration__/TC-UMES-010.spec.ts:18:3 › TC-UMES-010: DevTools panel › opens and closes via Ctrl+Shift+U keyboard shortcut 
    Error: expect(locator).toBeVisible() failed

    Locator: getByText('UMES DevTools')
    Expected: visible
    Error: element(s) not found

    Call log:
      - Expect "toBeVisible" with timeout 20000ms
      - waiting for getByText('UMES DevTools')


      25 |     // Open panel with Ctrl+Shift+U
      26 |     await page.keyboard.press('Control+Shift+U')
    > 27 |     await expect(page.getByText('UMES DevTools')).toBeVisible()
         |                                                   ^
      28 |
      29 |     // Close panel with Ctrl+Shift+U
      30 |     await page.keyboard.press('Control+Shift+U')
        at /home/runner/work/open-mercato/open-mercato/packages/create-app/template/src/modules/example/__integration__/TC-UMES-010.spec.ts:27:51
Error:   76) packages/create-app/template/src/modules/example/__integration__/TC-UMES-010.spec.ts:18:3 › TC-UMES-010: DevTools panel › opens and closes via Ctrl+Shift+U keyboard shortcut 

    Retry #1 ───────────────────────────────────────────────────────────────────────────────────────
    Test timeout of 20000ms exceeded.
Error:   76) packages/create-app/template/src/modules/example/__integration__/TC-UMES-010.spec.ts:18:3 › TC-UMES-010: DevTools panel › opens and closes via Ctrl+Shift+U keyboard shortcut 

    Retry #1 ───────────────────────────────────────────────────────────────────────────────────────
    Error: expect(locator).toBeVisible() failed

    Locator: getByText('UMES DevTools')
    Expected: visible
    Error: element(s) not found

    Call log:
      - Expect "toBeVisible" with timeout 20000ms
      - waiting for getByText('UMES DevTools')


      25 |     // Open panel with Ctrl+Shift+U
      26 |     await page.keyboard.press('Control+Shift+U')
    > 27 |     await expect(page.getByText('UMES DevTools')).toBeVisible()
         |                                                   ^
      28 |
      29 |     // Close panel with Ctrl+Shift+U
      30 |     await page.keyboard.press('Control+Shift+U')
        at /home/runner/work/open-mercato/open-mercato/packages/create-app/template/src/modules/example/__integ
Error:   77) packages/create-app/template/src/modules/example/__integration__/TC-UMES-010.spec.ts:34:3 › TC-UMES-010: DevTools panel › shows extension count badge and registered extensions 
    Test timeout of 20000ms exceeded.
Error:   77) packages/create-app/template/src/modules/example/__integration__/TC-UMES-010.spec.ts:34:3 › TC-UMES-010: DevTools panel › shows extension count badge and registered extensions 
    Error: expect(locator).toBeVisible() failed

    Locator: getByText('UMES DevTools')
    Expected: visible
    Error: element(s) not found

    Call log:
      - Expect "toBeVisible" with timeout 20000ms
      - waiting for getByText('UMES DevTools')


      38 |     // Open the DevTools panel
      39 |     await page.keyboard.press('Control+Shift+U')
    > 40 |     await expect(page.getByText('UMES DevTools')).toBeVisible()
         |                                                   ^
      41 |
      42 |     // Should show extension count badge (at least 1 ext from example module)
      43 |     const extBadge = page.locator('text=/\\d+ ext/')
        at /home/runner/work/open-mercato/open-mercato/packages/create-app/template/src/modules/example/__integration__/TC-UMES-010.spec.ts:40:51
Error:   77) packages/create-app/template/src/modules/example/__integration__/TC-UMES-010.spec.ts:34:3 › TC-UMES-010: DevTools panel › shows extension count badge and registered extensions 

    Retry #1 ───────────────────────────────────────────────────────────────────────────────────────
    Test timeout of 20000ms exceeded.
Error:   77) packages/create-app/template/src/modules/example/__integration__/TC-UMES-010.spec.ts:34:3 › TC-UMES-010: DevTools panel › shows extension count badge and registered extensions 

    Retry #1 ───────────────────────────────────────────────────────────────────────────────────────
    Error: expect(locator).toBeVisible() failed

    Locator: getByText('UMES DevTools')
    Expected: visible
    Error: element(s) not found

    Call log:
      - Expect "toBeVisible" with timeout 20000ms
      - waiting for getByText('UMES DevTools')


      38 |     // Open the DevTools panel
      39 |     await page.keyboard.press('Control+Shift+U')
    > 40 |     await expect(page.getByText('UMES DevTools')).toBeVisible()
         |                                                   ^
      41 |
      42 |     // Should show extension count badge (at least 1 ext from example module)
      43 |     const extBadge = page.locator('text=/\\d+ ext/')
        at /home/runner/work/open-mercato/open-mercato/packages/creat
Error:   78) packages/create-app/template/src/modules/example/__integration__/TC-UMES-010.spec.ts:52:3 › TC-UMES-010: DevTools panel › switches between tabs 
    Test timeout of 20000ms exceeded.
Error:   78) packages/create-app/template/src/modules/example/__integration__/TC-UMES-010.spec.ts:52:3 › TC-UMES-010: DevTools panel › switches between tabs 
    Error: expect(locator).toBeVisible() failed

    Locator: getByText('UMES DevTools')
    Expected: visible
    Error: element(s) not found

    Call log:
      - Expect "toBeVisible" with timeout 20000ms
      - waiting for getByText('UMES DevTools')


      55 |
      56 |     await page.keyboard.press('Control+Shift+U')
    > 57 |     await expect(page.getByText('UMES DevTools')).toBeVisible()
         |                                                   ^
      58 |
      59 |     // Click through all tabs and verify they render
      60 |     const tabNames = ['Conflicts', 'Timing', 'Interceptors', 'Events']
        at /home/runner/work/open-mercato/open-mercato/packages/create-app/template/src/modules/example/__integration__/TC-UMES-010.spec.ts:57:51
Error:   78) packages/create-app/template/src/modules/example/__integration__/TC-UMES-010.spec.ts:52:3 › TC-UMES-010: DevTools panel › switches between tabs 

    Retry #1 ───────────────────────────────────────────────────────────────────────────────────────
    Test timeout of 20000ms exceeded.
Error:   78) packages/create-app/template/src/modules/example/__integration__/TC-UMES-010.spec.ts:52:3 › TC-UMES-010: DevTools panel › switches between tabs 

    Retry #1 ───────────────────────────────────────────────────────────────────────────────────────
    Error: expect(locator).toBeVisible() failed

    Locator: getByText('UMES DevTools')
    Expected: visible
    Error: element(s) not found

    Call log:
      - Expect "toBeVisible" with timeout 20000ms
      - waiting for getByText('UMES DevTools')


      55 |
      56 |     await page.keyboard.press('Control+Shift+U')
    > 57 |     await expect(page.getByText('UMES DevTools')).toBeVisible()
         |                                                   ^
      58 |
      59 |     // Click through all tabs and verify they render
      60 |     const tabNames = ['Conflicts', 'Timing', 'Interceptors', 'Events']
        at /home/runner/work/open-mercato/open-mercato/packages/create-app/template/src/modules/example/__integration__/TC-UMES-010.spec.ts
Error:   79) packages/create-app/template/src/modules/example/__integration__/TC-UMES-010.spec.ts:70:3 › TC-UMES-010: DevTools panel › refresh button updates data 
    Test timeout of 20000ms exceeded.
Error:   79) packages/create-app/template/src/modules/example/__integration__/TC-UMES-010.spec.ts:70:3 › TC-UMES-010: DevTools panel › refresh button updates data 
    Error: expect(locator).toBeVisible() failed

    Locator: getByText('UMES DevTools')
    Expected: visible
    Error: element(s) not found

    Call log:
      - Expect "toBeVisible" with timeout 20000ms
      - waiting for getByText('UMES DevTools')


      73 |
      74 |     await page.keyboard.press('Control+Shift+U')
    > 75 |     await expect(page.getByText('UMES DevTools')).toBeVisible()
         |                                                   ^
      76 |
      77 |     // Click the Refresh button inside the DevTools panel (scoped to avoid collision with page-level Refresh)
      78 |     const devToolsPanel = page.locator('.fixed.inset-y-0.right-0')
        at /home/runner/work/open-mercato/open-mercato/packages/create-app/template/src/modules/example/__integration__/TC-UMES-010.spec.ts:75:51
Error:   79) packages/create-app/template/src/modules/example/__integration__/TC-UMES-010.spec.ts:70:3 › TC-UMES-010: DevTools panel › refresh button updates data 

    Retry #1 ───────────────────────────────────────────────────────────────────────────────────────
    Test timeout of 20000ms exceeded.
Error:   79) packages/create-app/template/src/modules/example/__integration__/TC-UMES-010.spec.ts:70:3 › TC-UMES-010: DevTools panel › refresh button updates data 

    Retry #1 ───────────────────────────────────────────────────────────────────────────────────────
    Error: expect(locator).toBeVisible() failed

    Locator: getByText('UMES DevTools')
    Expected: visible
    Error: element(s) not found

    Call log:
      - Expect "toBeVisible" with timeout 20000ms
      - waiting for getByText('UMES DevTools')


      73 |
      74 |     await page.keyboard.press('Control+Shift+U')
    > 75 |     await expect(page.getByText('UMES DevTools')).toBeVisible()
         |                                                   ^
      76 |
      77 |     // Click the Refresh button inside the DevTools panel (scoped to avoid collision with page-level Refresh)
      78 |     const devToolsPanel = page.locator('.fixed.inset-y-0.right-0')
        at /home/runner/work/open-mercato/open-mercato/packages/create-app/templ
Error:   80) packages/create-app/template/src/modules/example/__integration__/TC-UMES-010.spec.ts:87:3 › TC-UMES-010: DevTools panel › close button dismisses the panel 
    Test timeout of 20000ms exceeded.
Error:   80) packages/create-app/template/src/modules/example/__integration__/TC-UMES-010.spec.ts:87:3 › TC-UMES-010: DevTools panel › close button dismisses the panel 
    Error: expect(locator).toBeVisible() failed

    Locator: getByText('UMES DevTools')
    Expected: visible
    Error: element(s) not found

    Call log:
      - Expect "toBeVisible" with timeout 20000ms
      - waiting for getByText('UMES DevTools')


      90 |
      91 |     await page.keyboard.press('Control+Shift+U')
    > 92 |     await expect(page.getByText('UMES DevTools')).toBeVisible()
         |                                                   ^
      93 |
      94 |     // Click the close button (×)
      95 |     await page.getByRole('button', { name: 'Close DevTools' }).click()
        at /home/runner/work/open-mercato/open-mercato/packages/create-app/template/src/modules/example/__integration__/TC-UMES-010.spec.ts:92:51
Error:   80) packages/create-app/template/src/modules/example/__integration__/TC-UMES-010.spec.ts:87:3 › TC-UMES-010: DevTools panel › close button dismisses the panel 

    Retry #1 ───────────────────────────────────────────────────────────────────────────────────────
    Test timeout of 20000ms exceeded.
Error:   80) packages/create-app/template/src/modules/example/__integration__/TC-UMES-010.spec.ts:87:3 › TC-UMES-010: DevTools panel › close button dismisses the panel 

    Retry #1 ───────────────────────────────────────────────────────────────────────────────────────
    Error: expect(locator).toBeVisible() failed

    Locator: getByText('UMES DevTools')
    Expected: visible
    Error: element(s) not found

    Call log:
      - Expect "toBeVisible" with timeout 20000ms
      - waiting for getByText('UMES DevTools')


      90 |
      91 |     await page.keyboard.press('Control+Shift+U')
    > 92 |     await expect(page.getByText('UMES DevTools')).toBeVisible()
         |                                                   ^
      93 |
      94 |     // Click the close button (×)
      95 |     await page.getByRole('button', { name: 'Close DevTools' }).click()
        at /home/runner/work/open-mercato/open-mercato/packages/create-app/template/src/modules/example/__integration__/TC-UMES-010.spec.ts:92:51
Error:   81) packages/create-app/template/src/modules/example/__integration__/TC-UMES-010.spec.ts:99:3 › TC-UMES-010: DevTools panel › conflicts tab shows no conflicts message when clean 
    Test timeout of 20000ms exceeded.
Error:   81) packages/create-app/template/src/modules/example/__integration__/TC-UMES-010.spec.ts:99:3 › TC-UMES-010: DevTools panel › conflicts tab shows no conflicts message when clean 
    Error: locator.click: Test timeout of 20000ms exceeded.
    Call log:
      - waiting for getByRole('button', { name: 'Conflicts' })


      102 |
      103 |     await page.keyboard.press('Control+Shift+U')
    > 104 |     await page.getByRole('button', { name: 'Conflicts' }).click()
          |                                                           ^
      105 |
      106 |     // With the default module setup, there should be no conflicts
      107 |     await expect(page.getByText('No conflicts detected')).toBeVisible()
        at /home/runner/work/open-mercato/open-mercato/packages/create-app/template/src/modules/example/__integration__/TC-UMES-010.spec.ts:104:59
Error:   81) packages/create-app/template/src/modules/example/__integration__/TC-UMES-010.spec.ts:99:3 › TC-UMES-010: DevTools panel › conflicts tab shows no conflicts message when clean 

    Retry #1 ───────────────────────────────────────────────────────────────────────────────────────
    Test timeout of 20000ms exceeded.
Error:   81) packages/create-app/template/src/modules/example/__integration__/TC-UMES-010.spec.ts:99:3 › TC-UMES-010: DevTools panel › conflicts tab shows no conflicts message when clean 

    Retry #1 ───────────────────────────────────────────────────────────────────────────────────────
    Error: locator.click: Test timeout of 20000ms exceeded.
    Call log:
      - waiting for getByRole('button', { name: 'Conflicts' })


      102 |
      103 |     await page.keyboard.press('Control+Shift+U')
    > 104 |     await page.getByRole('button', { name: 'Conflicts' }).click()
          |                                                           ^
      105 |
      106 |     // With the default module setup, there should be no conflicts
      107 |     await expect(page.getByText('No conflicts detected')).toBeVisible()
        at /home/runner/work/open-mercato/open-mercato/packages/create-app/template/src/modules/example/__integration__/TC-UMES-010.spec.ts:104:59
Error:   82) packages/create-app/template/src/modules/example/__integration__/TC-UMES-010.spec.ts:110:3 › TC-UMES-010: DevTools panel › timing tab shows enricher timing data after API call 
    Test timeout of 20000ms exceeded.
Error:   82) packages/create-app/template/src/modules/example/__integration__/TC-UMES-010.spec.ts:110:3 › TC-UMES-010: DevTools panel › timing tab shows enricher timing data after API call 
    Error: expect(locator).toBeVisible() failed

    Locator: getByText('UMES DevTools')
    Expected: visible
    Error: element(s) not found

    Call log:
      - Expect "toBeVisible" with timeout 20000ms
      - waiting for getByText('UMES DevTools')


      114 |
      115 |     await page.keyboard.press('Control+Shift+U')
    > 116 |     await expect(page.getByText('UMES DevTools')).toBeVisible()
          |                                                   ^
      117 |
      118 |     const devToolsPanel = page.locator('.fixed.inset-y-0.right-0')
      119 |     await devToolsPanel.getByRole('button', { name: 'Timing' }).click()
        at /home/runner/work/open-mercato/open-mercato/packages/create-app/template/src/modules/example/__integration__/TC-UMES-010.spec.ts:116:51
Error:   82) packages/create-app/template/src/modules/example/__integration__/TC-UMES-010.spec.ts:110:3 › TC-UMES-010: DevTools panel › timing tab shows enricher timing data after API call 

    Retry #1 ───────────────────────────────────────────────────────────────────────────────────────
    Test timeout of 20000ms exceeded.
Error:   82) packages/create-app/template/src/modules/example/__integration__/TC-UMES-010.spec.ts:110:3 › TC-UMES-010: DevTools panel › timing tab shows enricher timing data after API call 

    Retry #1 ───────────────────────────────────────────────────────────────────────────────────────
    Error: expect(locator).toBeVisible() failed

    Locator: getByText('UMES DevTools')
    Expected: visible
    Error: element(s) not found

    Call log:
      - Expect "toBeVisible" with timeout 20000ms
      - waiting for getByText('UMES DevTools')


      114 |
      115 |     await page.keyboard.press('Control+Shift+U')
    > 116 |     await expect(page.getByText('UMES DevTools')).toBeVisible()
          |                                                   ^
      117 |
      118 |     const devToolsPanel = page.locator('.fixed.inset-y-0.right-0')
      119 |     await devToolsPanel.getByRole('button', { name: 'Timing' }).click()
        at /home/runner/work/open-mercato/open-mercato/packages/create-app/template/s
Error:   83) packages/create-app/template/src/modules/example/__integration__/TC-UMES-010.spec.ts:133:3 › TC-UMES-010: DevTools panel › shows footer with toggle hint 
    Test timeout of 20000ms exceeded.
Error:   83) packages/create-app/template/src/modules/example/__integration__/TC-UMES-010.spec.ts:133:3 › TC-UMES-010: DevTools panel › shows footer with toggle hint 
    Error: expect(locator).toBeVisible() failed

    Locator: getByText('Ctrl+Shift+U to toggle')
    Expected: visible
    Error: element(s) not found

    Call log:
      - Expect "toBeVisible" with timeout 20000ms
      - waiting for getByText('Ctrl+Shift+U to toggle')


      136 |
      137 |     await page.keyboard.press('Control+Shift+U')
    > 138 |     await expect(page.getByText('Ctrl+Shift+U to toggle')).toBeVisible()
          |                                                            ^
      139 |     await expect(page.getByText('Dev mode only')).toBeVisible()
      140 |   })
      141 | })
        at /home/runner/work/open-mercato/open-mercato/packages/create-app/template/src/modules/example/__integration__/TC-UMES-010.spec.ts:138:60
Error:   83) packages/create-app/template/src/modules/example/__integration__/TC-UMES-010.spec.ts:133:3 › TC-UMES-010: DevTools panel › shows footer with toggle hint 

    Retry #1 ───────────────────────────────────────────────────────────────────────────────────────
    Test timeout of 20000ms exceeded.
    Error Context: .ai/qa/test-results/artifacts/.ai-qa-tests-integration-T-c8859-e-old-edit-form-header-rows-retry1/error-context.md
    attachment #3: trace (application/zip) ─────────────────────────────────────────────────────────
    .ai/qa/test-results/artifacts/.ai-qa-tests-integration-T-c8859-e-old-edit-form-header-rows-retry1/trace.zip
    Usage:
        yarn playwright show-trace .ai/qa/test-results/artifacts/.ai-qa-tests-integration-T-c8859-e-old-edit-form-header-rows-retry1/trace.zip
    ────────────────────────────────────────────────────────────────────────────────────────────────
  3) apps/mercato/src/modules/example/__integration__/TC-UMES-002.spec.ts:41:3 › TC-UMES-002: Response Enrichers › TC-UMES-R01: GET single person includes enriched _example fields 
    Error: Failed POST /api/customers/people: 404
    expect(received).toBeTruthy()
    Received: false
       at packages/core/src/helpers/integration/crmFixtures.ts:41
      39 |   const response = await apiRequest(request, 'POST', path, { token, data });
      40 |   const payload = await readJsonSafe(response);
    > 41 |   expect(response.ok(), `Failed POST ${path}: ${response.status()}`).toBeTruthy();
         |                                                                      ^
      42 |   const id = findStringByKeys(payload, idKeys);
      43 |   expect(id, `No id in ${path} response`).toBeTruthy();
      44 |   return id as string;
        at createEntity (/home/runner/work/open-mercato/open-mercato/packages/core/src/helpers/integration/crmFixtures.ts:41:70)
        at /home/runner/work/open-mercato/open-mercato/apps/mercato/src/modules/example/__integration__/TC-UMES-002.spec.ts:48:18
    Retry #1 ───────────────────────────────────────────────────────────────────────────────────────
    Error: Failed POST /api/customers/people: 404
    expect(received).toBeTruthy()
    Received: false
       at packages/core/src/helpers/integration/crmFixtures.ts:41
      39 |   const response = await apiRequest(request, 'POST', path, { token, data });
      40 |   const payload = await readJsonSafe(response);
    > 41 |   expect(response.ok(), `Failed POST ${path}: ${response.status()}`).toBeTruthy();
         |                                                                      ^
      42 |   const id = findStringByKeys(payload, idKeys);
      43 |   expect(id, `No id in ${path} response`).toBeTruthy();
      44 |   return id as string;
        at createEntity (/home/runner/work/open-mercato/open-mercato/packages/core/src/helpers/integration/crmFixtures.ts:41:70)
        at /home/runner/work/open-mercato/open-mercato/apps/mercato/src/modules/example/__integration__/TC-UMES-002.spec.ts:48:18
    attachment #1: trace (application/zip) ─────────────────────────────────────────────────────────
    .ai/qa/test-results/artifacts/apps-mercato-src-modules-e-c10e9-des-enriched-example-fields-retry1/trace.zip
    Usage:
        yarn playwright show-trace .ai/qa/test-results/artifacts/apps-mercato-src-modules-e-c10e9-des-enriched-example-fields-retry1/trace.zip
    ────────────────────────────────────────────────────────────────────────────────────────────────
  4) apps/mercato/src/modules/example/__integration__/TC-UMES-002.spec.ts:84:3 › TC-UMES-002: Response Enrichers › TC-UMES-R02: GET person list enriches all records via enrichMany 
    Error: expect(received).toBeTruthy()
    Received: false
      89 |       token,
      90 |     })
    > 91 |     expect(getResponse.ok()).toBeTruthy()
         |                              ^
      92 |     const body = await getResponse.json()
      93 |     const items = body?.items ?? body?.data ?? []
      94 |
        at /home/runner/work/open-mercato/open-mercato/apps/mercato/src/modules/example/__integration__/TC-UMES-002.spec.ts:91:30
    Retry #1 ───────────────────────────────────────────────────────────────────────────────────────
    Error: expect(received).toBeTruthy()
    Received: false
      89 |       token,
      90 |     })
    > 91 |     expect(getResponse.ok()).toBeTruthy()
         |                              ^
      92 |     const body = await getResponse.json()
      93 |     const items = body?.items ?? body?.data ?? []
      94 |
        at /home/runner/work/open-mercato/open-mercato/apps/mercato/src/modules/example/__integration__/TC-UMES-002.spec.ts:91:30
    attachment #1: trace (application/zip) ─────────────────────────────────────────────────────────
    .ai/qa/test-results/artifacts/apps-mercato-src-modules-e-08a8d--all-records-via-enrichMany-retry1/trace.zip
    Usage:
        yarn playwright show-trace .ai/qa/test-results/artifacts/apps-mercato-src-modules-e-08a8d--all-records-via-enrichMany-retry1/trace.zip
    ────────────────────────────────────────────────────────────────────────────────────────────────
  5) apps/mercato/src/modules/example/__integration__/TC-UMES-002.spec.ts:105:3 › TC-UMES-002: Response Enrichers › TC-UMES-R07: multi-id query returns only requested IDs with enrichment metadata 
    Error: Failed POST /api/customers/people: 404
    expect(received).toBeTruthy()
    Received: false
       at packages/core/src/helpers/integration/crmFixtures.ts:41
      39 |   const response = await apiRequest(request, 'POST', path, { token, data });
      40 |   const payload = await readJsonSafe(response);
    > 41 |   expect(response.ok(), `Failed POST ${path}: ${response.status()}`).toBeTruthy();
         |                                                                      ^
      42 |   const id = findStringByKeys(payload, idKeys);
      43 |   expect(id, `No id in ${path} response`).toBeTruthy();
      44 |   return id as string;
        at createEntity (/home/runner/work/open-mercato/open-mercato/packages/core/src/helpers/integration/crmFixtures.ts:41:70)
        at /home/runner/work/open-mercato/open-mercato/apps/mercato/src/modules/example/__integration__/TC-UMES-002.spec.ts:112:19
    Retry #1 ───────────────────────────────────────────────────────────────────────────────────────
    Error: Failed POST /api/customers/people: 404
    expect(received).toBeTruthy()
    Received: false
       at packages/core/src/helpers/integration/crmFixtures.ts:41
      39 |   const response = await apiRequest(request, 'POST', path, { token, data });
      40 |   const payload = await readJsonSafe(response);
    > 41 |   expect(response.ok(), `Failed POST ${path}: ${response.status()}`).toBeTruthy();
         |                                                                      ^
      42 |   const id = findStringByKeys(payload, idKeys);
      43 |   expect(id, `No id in ${path} response`).toBeTruthy();
      44 |   return id as string;
        at createEntity (/home/runner/work/open-mercato/open-mercato/packages/core/src/helpers/integration/crmFixtures.ts:41:70)
        at /home/runner/work/open-mercato/open-mercato/apps/mercato/src/modules/example/__integration__/TC-UMES-002.spec.ts:112:19
    attachment #1: trace (application/zip) ─────────────────────────────────────────────────────────
    .ai/qa/test-results/artifacts/apps-mercato-src-modules-e-f4072-Ds-with-enrichment-metadata-retry1/trace.zip
    Usage:
        yarn playwright show-trace .ai/qa/test-results/artifacts/apps-mercato-src-modules-e-f4072-Ds-with-enrichment-metadata-retry1/trace.zip
    ────────────────────────────────────────────────────────────────────────────────────────────────
  6) apps/mercato/src/modules/example/__integration__/TC-UMES-002.spec.ts:144:3 › TC-UMES-002: Response Enrichers › TC-UMES-R04: Core fields remain unchanged after enrichment 
Error:   83) packages/create-app/template/src/modules/example/__integration__/TC-UMES-010.spec.ts:133:3 › TC-UMES-010: DevTools panel › shows footer with toggle hint 

    Retry #1 ───────────────────────────────────────────────────────────────────────────────────────
    Error: expect(locator).toBeVisible() failed

    Locator: getByText('Ctrl+Shift+U to toggle')
    Expected: visible
    Error: element(s) not found

    Call log:
      - Expect "toBeVisible" with timeout 20000ms
      - waiting for getByText('Ctrl+Shift+U to toggle')


      136 |
      137 |     await page.keyboard.press('Control+Shift+U')
    > 138 |     await expect(page.getByText('Ctrl+Shift+U to toggle')).toBeVisible()
          |                                                            ^
      139 |     await expect(page.getByText('Dev mode only')).toBeVisible()
      140 |   })
      141 | })
        at /home/runner/work/open-mercato/open-mercato/packages/create-app/template/src/modules/example/__integration__/TC-UMES-010.spec.ts
Error:   84) packages/create-app/template/src/modules/example/__integration__/TC-UMES-012.spec.ts:53:3 › TC-UMES-012: Response metadata (_meta.enrichedBy) › customer list response includes _meta.enrichedBy with enricher IDs 
    Error: expect(received).toBeTruthy()

    Received: false

      54 |     // The example module enricher `example.customer-todo-count` targets customers.person
      55 |     const response = await apiRequest(request, 'GET', '/api/customers/people?limit=5', { token })
    > 56 |     expect(response.ok()).toBeTruthy()
         |                           ^
      57 |
      58 |     const body = await readJsonSafe<ListResponseBody>(response)
      59 |     expect(body).toHaveProperty('items')
        at /home/runner/work/open-mercato/open-mercato/packages/create-app/template/src/modules/example/__integration__/TC-UMES-012.spec.ts:56:27
Error:   84) packages/create-app/template/src/modules/example/__integration__/TC-UMES-012.spec.ts:53:3 › TC-UMES-012: Response metadata (_meta.enrichedBy) › customer list response includes _meta.enrichedBy with enricher IDs 

    Retry #1 ───────────────────────────────────────────────────────────────────────────────────────
    Error: expect(received).toBeTruthy()

    Received: false

      54 |     // The example module enricher `example.customer-todo-count` targets customers.person
      55 |     const response = await apiRequest(request, 'GET', '/api/customers/people?limit=5', { token })
    > 56 |     expect(response.ok()).toBeTruthy()
         |                           ^
      57 |
      58 |     const body = await readJsonSafe<ListResponseBody>(response)
      59 |     expect(body).toHaveProperty('items')
        at /home/runner/work/open-mercato/open-mercato/packages/create-app/template/src/modules/example/__integration__/TC-UMES-012.spec.ts:56:27
Error:   85) packages/create-app/template/src/modules/example/__integration__/TC-UMES-012.spec.ts:71:3 › TC-UMES-012: Response metadata (_meta.enrichedBy) › single customer response includes _meta.enrichedBy 
    Error: Failed POST /api/customers/people: 404

    expect(received).toBeTruthy()

    Received: false

       at packages/core/src/helpers/integration/crmFixtures.ts:41

      39 |   const response = await apiRequest(request, 'POST', path, { token, data });
      40 |   const payload = await readJsonSafe(response);
    > 41 |   expect(response.ok(), `Failed POST ${path}: ${response.status()}`).toBeTruthy();
         |                                                                      ^
      42 |   const id = findStringByKeys(payload, idKeys);
      43 |   expect(id, `No id in ${path} response`).toBeTruthy();
      44 |   return id as string;
        at createEntity (/home/runner/work/open-mercato/open-mercato/packages/core/src/helpers/integration/crmFixtures.ts:41:70)
        at /home/runner/wor
Error:   85) packages/create-app/template/src/modules/example/__integration__/TC-UMES-012.spec.ts:71:3 › TC-UMES-012: Response metadata (_meta.enrichedBy) › single customer response includes _meta.enrichedBy 

    Retry #1 ───────────────────────────────────────────────────────────────────────────────────────
    Error: Failed POST /api/customers/people: 404

    expect(received).toBeTruthy()

    Received: false

       at packages/core/src/helpers/integration/crmFixtures.ts:41

      39 |   const response = await apiRequest(request, 'POST', path, { token, data });
      40 |   const payload = await readJsonSafe(response);
    > 41 |   expect(response.ok(), `Failed POST ${path}: ${response.status()}`).toBeTruthy();
         |                                                                      ^
      42 |   const id = findStringByKeys(payload, idKeys);
      43 |   expect(id, `No id in ${path} response`).toBeTruthy();
      44 |   return id as string;
        at createEntity (/home/runner/work/open-mercat
Error:   86) packages/create-app/template/src/modules/example/__integration__/TC-UMES-020.spec.ts:9:3 › TC-UMES-020: Payment Gateway demo page › should render the payment demo page and complete mock payment lifecycle 
    Test timeout of 20000ms exceeded.
Error:   86) packages/create-app/template/src/modules/example/__integration__/TC-UMES-020.spec.ts:9:3 › TC-UMES-020: Payment Gateway demo page › should render the payment demo page and complete mock payment lifecycle 
    Error: expect(locator).toBeVisible() failed

    Locator: getByRole('heading', { name: 'Payment Gateway Demo' })
    Expected: visible
    Error: element(s) not found

    Call log:
      - Expect "toBeVisible" with timeout 20000ms
      - waiting for getByRole('heading', { name: 'Payment Gateway Demo' })


      13 |     // Navigate to payment demo page
      14 |     await page.goto('/backend/payments')
    > 15 |     await expect(page.getByRole('heading', { name: 'Payment Gateway Demo' })).toBeVisible()
         |                                                                               ^
      16 |
      17 |     // Verify setup instructions are visible
      18 |     await expect(page.getByText('How to Configure Payment Gateways')).toBeVisible()
        at /home/runner/work/open-m
Error:   86) packages/create-app/template/src/modules/example/__integration__/TC-UMES-020.spec.ts:9:3 › TC-UMES-020: Payment Gateway demo page › should render the payment demo page and complete mock payment lifecycle 

    Retry #1 ───────────────────────────────────────────────────────────────────────────────────────
    Test timeout of 20000ms exceeded.
Error:   86) packages/create-app/template/src/modules/example/__integration__/TC-UMES-020.spec.ts:9:3 › TC-UMES-020: Payment Gateway demo page › should render the payment demo page and complete mock payment lifecycle 

    Retry #1 ───────────────────────────────────────────────────────────────────────────────────────
    Error: expect(locator).toBeVisible() failed

    Locator: getByRole('heading', { name: 'Payment Gateway Demo' })
    Expected: visible
    Error: element(s) not found

    Call log:
      - Expect "toBeVisible" with timeout 20000ms
      - waiting for getByRole('heading', { name: 'Payment Gateway Demo' })


      13 |     // Navigate to payment demo page
      14 |     await page.goto('/backend/payments')
    > 15 |     await expect(page.getByRole('heading', { name: 'Payment Gateway Demo' })).toBeVisible()
         |                                                                               ^
      16 |
      17 |     // Verify setup instructions are visible
      18 |     await expect(
Error:   87) packages/create-app/template/src/modules/example/__integration__/TC-UMES-020.spec.ts:38:3 › TC-UMES-020: Payment Gateway demo page › should create a mock payment session via API 
    Error: Expected session creation to succeed, got 404 with body: {"error":"Not Found"}

    expect(received).toBe(expected) // Object.is equality

    Expected: true
    Received: false

      54 |       response.ok(),
      55 |       `Expected session creation to succeed, got ${response.status()} with body: ${JSON.stringify(data)}`,
    > 56 |     ).toBe(true)
         |       ^
      57 |     expect(data.transactionId).toBeTruthy()
      58 |     expect(data.status).toBe('authorized')
      59 |   })
        at /home/runner/work/open-mercato/open-mercato/packages/create-app/template/src/modules/example/__integration__/TC-UMES-020.spec.ts:56:7
Error:   87) packages/create-app/template/src/modules/example/__integration__/TC-UMES-020.spec.ts:38:3 › TC-UMES-020: Payment Gateway demo page › should create a mock payment session via API 

    Retry #1 ───────────────────────────────────────────────────────────────────────────────────────
    Error: Expected session creation to succeed, got 404 with body: {"error":"Not Found"}

    expect(received).toBe(expected) // Object.is equality

    Expected: true
    Received: false

      54 |       response.ok(),
      55 |       `Expected session creation to succeed, got ${response.status()} with body: ${JSON.stringify(data)}`,
    > 56 |     ).toBe(true)
         |       ^
      57 |     expect(data.transactionId).toBeTruthy()
      58 |     expect(data.status).toBe('authorized')
      59 |   })
        at /home/runner/work/open-mercato/open-mercato/packages/create-app/template/src/modules/example/__integration__/TC-UMES-020.spec.ts:56:7
Error:   88) packages/enterprise/src/modules/record_locks/__integration__/TC-LOCK-001.spec.ts:20:3 › TC-LOCK-001: Pessimistic lock blocks a second editor › should return 423 for secondary editor update while lock is active 
    Error: Failed POST /api/customers/companies: 404

    expect(received).toBeTruthy()

    Received: false

       at packages/core/src/helpers/integration/crmFixtures.ts:41

      39 |   const response = await apiRequest(request, 'POST', path, { token, data });
      40 |   const payload = await readJsonSafe(response);
    > 41 |   expect(response.ok(), `Failed POST ${path}: ${response.status()}`).toBeTruthy();
         |                                                                      ^
      42 |   const id = findStringByKeys(payload, idKeys);
      43 |   expect(id, `No id in ${path} response`).toBeTruthy();
      44 |   return id as string;
        at createEntity (/home/runner/work/open-mercato/open-mercato/packages/core/src/helpers/integration/crmFixtures.ts:41:70)
        a
Error:   88) packages/enterprise/src/modules/record_locks/__integration__/TC-LOCK-001.spec.ts:20:3 › TC-LOCK-001: Pessimistic lock blocks a second editor › should return 423 for secondary editor update while lock is active 

    Retry #1 ───────────────────────────────────────────────────────────────────────────────────────
    Error: Failed POST /api/customers/companies: 404

    expect(received).toBeTruthy()

    Received: false

       at packages/core/src/helpers/integration/crmFixtures.ts:41

      39 |   const response = await apiRequest(request, 'POST', path, { token, data });
      40 |   const payload = await readJsonSafe(response);
    > 41 |   expect(response.ok(), `Failed POST ${path}: ${response.status()}`).toBeTruthy();
         |                                                                      ^
      42 |   const id = findStringByKeys(payload, idKeys);
      43 |   expect(id, `No id in ${path} response`).toBeTruthy();
      44 |   return id as string;
        at createEntity (/home/runne
Error:   89) packages/enterprise/src/modules/record_locks/__integration__/TC-LOCK-002.spec.ts:23:3 › TC-LOCK-002: Optimistic conflict with accept incoming path › should keep incoming change when conflicted editor accepts incoming 
    Error: Failed POST /api/customers/companies: 404

    expect(received).toBeTruthy()

    Received: false

       at packages/core/src/helpers/integration/crmFixtures.ts:41

      39 |   const response = await apiRequest(request, 'POST', path, { token, data });
      40 |   const payload = await readJsonSafe(response);
    > 41 |   expect(response.ok(), `Failed POST ${path}: ${response.status()}`).toBeTruthy();
         |                                                                      ^
      42 |   const id = findStringByKeys(payload, idKeys);
      43 |   expect(id, `No id in ${path} response`).toBeTruthy();
      44 |   return id as string;
        at createEntity (/home/runner/work/open-mercato/open-mercato/packages/core/src/helpers/integration/crmFixtures.ts:41:70)
  
Error:   89) packages/enterprise/src/modules/record_locks/__integration__/TC-LOCK-002.spec.ts:23:3 › TC-LOCK-002: Optimistic conflict with accept incoming path › should keep incoming change when conflicted editor accepts incoming 

    Retry #1 ───────────────────────────────────────────────────────────────────────────────────────
    Error: Failed POST /api/customers/companies: 404

    expect(received).toBeTruthy()

    Received: false

       at packages/core/src/helpers/integration/crmFixtures.ts:41

      39 |   const response = await apiRequest(request, 'POST', path, { token, data });
      40 |   const payload = await readJsonSafe(response);
    > 41 |   expect(response.ok(), `Failed POST ${path}: ${response.status()}`).toBeTruthy();
         |                                                                      ^
      42 |   const id = findStringByKeys(payload, idKeys);
      43 |   expect(id, `No id in ${path} response`).toBeTruthy();
      44 |   return id as string;
        at createEntity (/hom
Error:   90) packages/enterprise/src/modules/record_locks/__integration__/TC-LOCK-003.spec.ts:23:3 › TC-LOCK-003: Accept mine conflict resolution and notification › should resolve conflict with accept_mine and notify incoming actor 
    Error: Failed POST /api/customers/companies: 404

    expect(received).toBeTruthy()

    Received: false

       at packages/core/src/helpers/integration/crmFixtures.ts:41

      39 |   const response = await apiRequest(request, 'POST', path, { token, data });
      40 |   const payload = await readJsonSafe(response);
    > 41 |   expect(response.ok(), `Failed POST ${path}: ${response.status()}`).toBeTruthy();
         |                                                                      ^
      42 |   const id = findStringByKeys(payload, idKeys);
      43 |   expect(id, `No id in ${path} response`).toBeTruthy();
      44 |   return id as string;
        at createEntity (/home/runner/work/open-mercato/open-mercato/packages/core/src/helpers/integration/crmFixtures.ts:41:70)

Error:   90) packages/enterprise/src/modules/record_locks/__integration__/TC-LOCK-003.spec.ts:23:3 › TC-LOCK-003: Accept mine conflict resolution and notification › should resolve conflict with accept_mine and notify incoming actor 

    Retry #1 ───────────────────────────────────────────────────────────────────────────────────────
    Error: Failed POST /api/customers/companies: 404

    expect(received).toBeTruthy()

    Received: false

       at packages/core/src/helpers/integration/crmFixtures.ts:41

      39 |   const response = await apiRequest(request, 'POST', path, { token, data });
      40 |   const payload = await readJsonSafe(response);
    > 41 |   expect(response.ok(), `Failed POST ${path}: ${response.status()}`).toBeTruthy();
         |                                                                      ^
      42 |   const id = findStringByKeys(payload, idKeys);
      43 |   expect(id, `No id in ${path} response`).toBeTruthy();
      44 |   return id as string;
        at createEntity (/h
Error:   91) packages/enterprise/src/modules/record_locks/__integration__/TC-LOCK-004.spec.ts:23:3 › TC-LOCK-004: Merged conflict resolution and notification › should resolve conflict with merged resolution and notify incoming actor 
    Error: Failed POST /api/customers/companies: 404

    expect(received).toBeTruthy()

    Received: false

       at packages/core/src/helpers/integration/crmFixtures.ts:41

      39 |   const response = await apiRequest(request, 'POST', path, { token, data });
      40 |   const payload = await readJsonSafe(response);
    > 41 |   expect(response.ok(), `Failed POST ${path}: ${response.status()}`).toBeTruthy();
         |                                                                      ^
      42 |   const id = findStringByKeys(payload, idKeys);
      43 |   expect(id, `No id in ${path} response`).toBeTruthy();
      44 |   return id as string;
        at createEntity (/home/runner/work/open-mercato/open-mercato/packages/core/src/helpers/integration/crmFixtures.ts:41:70)
Error:   91) packages/enterprise/src/modules/record_locks/__integration__/TC-LOCK-004.spec.ts:23:3 › TC-LOCK-004: Merged conflict resolution and notification › should resolve conflict with merged resolution and notify incoming actor 

    Retry #1 ───────────────────────────────────────────────────────────────────────────────────────
    Error: Failed POST /api/customers/companies: 404

    expect(received).toBeTruthy()

    Received: false

       at packages/core/src/helpers/integration/crmFixtures.ts:41

      39 |   const response = await apiRequest(request, 'POST', path, { token, data });
      40 |   const payload = await readJsonSafe(response);
    > 41 |   expect(response.ok(), `Failed POST ${path}: ${response.status()}`).toBeTruthy();
         |                                                                      ^
      42 |   const id = findStringByKeys(payload, idKeys);
      43 |   expect(id, `No id in ${path} response`).toBeTruthy();
      44 |   return id as string;
        at createEntity (/
Error:   92) packages/enterprise/src/modules/record_locks/__integration__/TC-LOCK-005.spec.ts:22:3 › TC-LOCK-005: Pessimistic force release and takeover › admin can force release lock and continue mutation flow 
    Error: Failed POST /api/customers/companies: 404

    expect(received).toBeTruthy()

    Received: false

       at packages/core/src/helpers/integration/crmFixtures.ts:41

      39 |   const response = await apiRequest(request, 'POST', path, { token, data });
      40 |   const payload = await readJsonSafe(response);
    > 41 |   expect(response.ok(), `Failed POST ${path}: ${response.status()}`).toBeTruthy();
         |                                                                      ^
      42 |   const id = findStringByKeys(payload, idKeys);
      43 |   expect(id, `No id in ${path} response`).toBeTruthy();
      44 |   return id as string;
        at createEntity (/home/runner/work/open-mercato/open-mercato/packages/core/src/helpers/integration/crmFixtures.ts:41:70)
        at /home/runn
Error:   92) packages/enterprise/src/modules/record_locks/__integration__/TC-LOCK-005.spec.ts:22:3 › TC-LOCK-005: Pessimistic force release and takeover › admin can force release lock and continue mutation flow 

    Retry #1 ───────────────────────────────────────────────────────────────────────────────────────
    Error: Failed POST /api/customers/companies: 404

    expect(received).toBeTruthy()

    Received: false

       at packages/core/src/helpers/integration/crmFixtures.ts:41

      39 |   const response = await apiRequest(request, 'POST', path, { token, data });
      40 |   const payload = await readJsonSafe(response);
    > 41 |   expect(response.ok(), `Failed POST ${path}: ${response.status()}`).toBeTruthy();
         |                                                                      ^
      42 |   const id = findStringByKeys(payload, idKeys);
      43 |   expect(id, `No id in ${path} response`).toBeTruthy();
      44 |   return id as string;
        at createEntity (/home/runner/work/open-
Error:   93) packages/enterprise/src/modules/record_locks/__integration__/TC-LOCK-006.spec.ts:20:3 › TC-LOCK-006: Lock payload exposes participant ring with redacted email only › should return participant queue data with masked email when another user views the same record 
    Error: Failed POST /api/customers/companies: 404

    expect(received).toBeTruthy()

    Received: false

       at packages/core/src/helpers/integration/crmFixtures.ts:41

      39 |   const response = await apiRequest(request, 'POST', path, { token, data });
      40 |   const payload = await readJsonSafe(response);
    > 41 |   expect(response.ok(), `Failed POST ${path}: ${response.status()}`).toBeTruthy();
         |                                                                      ^
      42 |   const id = findStringByKeys(payload, idKeys);
      43 |   expect(id, `No id in ${path} response`).toBeTruthy();
      44 |   return id as string;
        at createEntity (/home/runner/work/open-mercato/open-mercato/packages/core/src/
Error:   93) packages/enterprise/src/modules/record_locks/__integration__/TC-LOCK-006.spec.ts:20:3 › TC-LOCK-006: Lock payload exposes participant ring with redacted email only › should return participant queue data with masked email when another user views the same record 

    Retry #1 ───────────────────────────────────────────────────────────────────────────────────────
    Error: Failed POST /api/customers/companies: 404

    expect(received).toBeTruthy()

    Received: false

       at packages/core/src/helpers/integration/crmFixtures.ts:41

      39 |   const response = await apiRequest(request, 'POST', path, { token, data });
      40 |   const payload = await readJsonSafe(response);
    > 41 |   expect(response.ok(), `Failed POST ${path}: ${response.status()}`).toBeTruthy();
         |                                                                      ^
      42 |   const id = findStringByKeys(payload, idKeys);
      43 |   expect(id, `No id in ${path} response`).toBeTruthy();
      44 |   return
Error:   94) packages/enterprise/src/modules/record_locks/__integration__/TC-LOCK-007.spec.ts:92:3 › TC-LOCK-007: Conflict notification changed fields and apply/reject actions › should include changed incoming fields and execute accept_incoming action from notification 
    Error: Failed POST /api/customers/companies: 404

    expect(received).toBeTruthy()

    Received: false

       at packages/core/src/helpers/integration/crmFixtures.ts:41

      39 |   const response = await apiRequest(request, 'POST', path, { token, data });
      40 |   const payload = await readJsonSafe(response);
    > 41 |   expect(response.ok(), `Failed POST ${path}: ${response.status()}`).toBeTruthy();
         |                                                                      ^
      42 |   const id = findStringByKeys(payload, idKeys);
      43 |   expect(id, `No id in ${path} response`).toBeTruthy();
      44 |   return id as string;
        at createEntity (/home/runner/work/open-mercato/open-mercato/packages/core/src/help
Error:   94) packages/enterprise/src/modules/record_locks/__integration__/TC-LOCK-007.spec.ts:92:3 › TC-LOCK-007: Conflict notification changed fields and apply/reject actions › should include changed incoming fields and execute accept_incoming action from notification 

    Retry #1 ───────────────────────────────────────────────────────────────────────────────────────
    Error: Failed POST /api/customers/companies: 404

    expect(received).toBeTruthy()

    Received: false

       at packages/core/src/helpers/integration/crmFixtures.ts:41

      39 |   const response = await apiRequest(request, 'POST', path, { token, data });
      40 |   const payload = await readJsonSafe(response);
    > 41 |   expect(response.ok(), `Failed POST ${path}: ${response.status()}`).toBeTruthy();
         |                                                                      ^
      42 |   const id = findStringByKeys(payload, idKeys);
      43 |   expect(id, `No id in ${path} response`).toBeTruthy();
      44 |   return id 
Error:   95) packages/enterprise/src/modules/record_locks/__integration__/TC-LOCK-007.spec.ts:174:3 › TC-LOCK-007: Conflict notification changed fields and apply/reject actions › should execute accept_mine action from notification and emit resolved notification 
    Error: Failed POST /api/customers/companies: 404

    expect(received).toBeTruthy()

    Received: false

       at packages/core/src/helpers/integration/crmFixtures.ts:41

      39 |   const response = await apiRequest(request, 'POST', path, { token, data });
      40 |   const payload = await readJsonSafe(response);
    > 41 |   expect(response.ok(), `Failed POST ${path}: ${response.status()}`).toBeTruthy();
         |                                                                      ^
      42 |   const id = findStringByKeys(payload, idKeys);
      43 |   expect(id, `No id in ${path} response`).toBeTruthy();
      44 |   return id as string;
        at createEntity (/home/runner/work/open-mercato/open-mercato/packages/core/src/helpers/inte
Error:   95) packages/enterprise/src/modules/record_locks/__integration__/TC-LOCK-007.spec.ts:174:3 › TC-LOCK-007: Conflict notification changed fields and apply/reject actions › should execute accept_mine action from notification and emit resolved notification 

    Retry #1 ───────────────────────────────────────────────────────────────────────────────────────
    Error: Failed POST /api/customers/companies: 404

    expect(received).toBeTruthy()

    Received: false

       at packages/core/src/helpers/integration/crmFixtures.ts:41

      39 |   const response = await apiRequest(request, 'POST', path, { token, data });
      40 |   const payload = await readJsonSafe(response);
    > 41 |   expect(response.ok(), `Failed POST ${path}: ${response.status()}`).toBeTruthy();
         |                                                                      ^
      42 |   const id = findStringByKeys(payload, idKeys);
      43 |   expect(id, `No id in ${path} response`).toBeTruthy();
      44 |   return id as strin
Error:   96) packages/enterprise/src/modules/record_locks/__integration__/TC-LOCK-008.spec.ts:19:3 › TC-LOCK-008: Reactive contention handling without legacy notification polling › shows record-deleted conflict dialog via notification handler and does not call legacy type-filtered poll 
    Error: Failed POST /api/customers/companies: 404

    expect(received).toBeTruthy()

    Received: false

       at packages/core/src/helpers/integration/crmFixtures.ts:41

      39 |   const response = await apiRequest(request, 'POST', path, { token, data });
      40 |   const payload = await readJsonSafe(response);
    > 41 |   expect(response.ok(), `Failed POST ${path}: ${response.status()}`).toBeTruthy();
         |                                                                      ^
      42 |   const id = findStringByKeys(payload, idKeys);
      43 |   expect(id, `No id in ${path} response`).toBeTruthy();
      44 |   return id as string;
        at createEntity (/home/runner/work/open-mercato/open-mercato/packa
Error:   96) packages/enterprise/src/modules/record_locks/__integration__/TC-LOCK-008.spec.ts:19:3 › TC-LOCK-008: Reactive contention handling without legacy notification polling › shows record-deleted conflict dialog via notification handler and does not call legacy type-filtered poll 

    Retry #1 ───────────────────────────────────────────────────────────────────────────────────────
    Error: Failed POST /api/customers/companies: 404

    expect(received).toBeTruthy()

    Received: false

       at packages/core/src/helpers/integration/crmFixtures.ts:41

      39 |   const response = await apiRequest(request, 'POST', path, { token, data });
      40 |   const payload = await readJsonSafe(response);
    > 41 |   expect(response.ok(), `Failed POST ${path}: ${response.status()}`).toBeTruthy();
         |                                                                      ^
      42 |   const id = findStringByKeys(payload, idKeys);
      43 |   expect(id, `No id in ${path} response`).toBeTruthy();
      
Notice:   96 failed
    .ai/qa/tests/admin/TC-ADMIN-011.spec.ts:53:7 › TC-ADMIN-011: User Widget Override And Dashboard Enablement › should enable widgets for current admin user and switch them on in dashboard 
    .ai/qa/tests/integration/TC-INT-006.spec.ts:9:7 › TC-INT-006: Embedded Settings Headings on Resource and Team Member Detail › should render embedded settings sections without the old edit-form header rows 
    apps/mercato/src/modules/example/__integration__/TC-UMES-002.spec.ts:41:3 › TC-UMES-002: Response Enrichers › TC-UMES-R01: GET single person includes enriched _example fields 
    apps/mercato/src/modules/example/__integration__/TC-UMES-002.spec.ts:84:3 › TC-UMES-002: Response Enrichers › TC-UMES-R02: GET person list enriches all records via enrichMany 
    apps/mercato/src/modules/example/__integration__/TC-UMES-002.spec.ts:105:3 › TC-UMES-002: Response Enrichers › TC-UMES-R07: multi-id query returns only requested IDs with enrichment metadata 
    apps/mercato/src/modules/example/__integr
  1) .ai/qa/tests/admin/TC-ADMIN-011.spec.ts:53:7 › TC-ADMIN-011: User Widget Override And Dashboard Enablement › should enable widgets for current admin user and switch them on in dashboard 
    Test timeout of 20000ms exceeded.
    Error: locator.check: Test timeout of 20000ms exceeded.
    Call log:
      - waiting for getByRole('checkbox', { name: /New Orders/i })
      110 |       await expect(page.getByText('Dashboard Widgets')).toBeVisible();
      111 |       await page.getByRole('radio', { name: 'Override for this user' }).check();
    > 112 |       await page.getByRole('checkbox', { name: /New Orders/i }).check();
          |                                                                 ^
      113 |       await page.getByRole('checkbox', { name: /New Quotes/i }).check();
      114 |       await page.getByRole('button', { name: 'Save widgets' }).click();
      115 |       await expect(page.getByText('Dashboard widgets updated').first()).toBeVisible();
        at /home/runner/work/open-mercato/open-mercato/.ai/qa/tests/admin/TC-ADMIN-011.spec.ts:112:65
    attachment #1: screenshot (image/png) ──────────────────────────────────────────────────────────
    .ai/qa/test-results/artifacts/.ai-qa-tests-admin-TC-ADMI-97430-switch-them-on-in-dashboard/test-failed-1.png
    ────────────────────────────────────────────────────────────────────────────────────────────────
    Error Context: .ai/qa/test-results/artifacts/.ai-qa-tests-admin-TC-ADMI-97430-switch-them-on-in-dashboard/error-context.md
    Retry #1 ───────────────────────────────────────────────────────────────────────────────────────
    Test timeout of 20000ms exceeded.
    Error: locator.check: Test timeout of 20000ms exceeded.
    Call log:
      - waiting for getByRole('checkbox', { name: /New Orders/i })
      110 |       await expect(page.getByText('Dashboard Widgets')).toBeVisible();
      111 |       await page.getByRole('radio', { name: 'Override for this user' }).check();
    > 112 |       await page.getByRole('checkbox', { name: /New Orders/i }).check();
          |                                                                 ^
      113 |       await page.getByRole('checkbox', { name: /New Quotes/i }).check();
      114 |       await page.getByRole('button', { name: 'Save widgets' }).click();
      115 |       await expect(page.getByText('Dashboard widgets updated').first()).toBeVisible();
        at /home/runner/work/open-mercato/open-mercato/.ai/qa/tests/admin/TC-ADMIN-011.spec.ts:112:65
    attachment #1: screenshot (image/png) ──────────────────────────────────────────────────────────
    .ai/qa/test-results/artifacts/.ai-qa-tests-admin-TC-ADMI-97430-switch-them-on-in-dashboard-retry1/test-failed-1.png
    ────────────────────────────────────────────────────────────────────────────────────────────────
    Error Context: .ai/qa/test-results/artifacts/.ai-qa-tests-admin-TC-ADMI-97430-switch-them-on-in-dashboard-retry1/error-context.md
    attachment #3: trace (application/zip) ─────────────────────────────────────────────────────────
    .ai/qa/test-results/artifacts/.ai-qa-tests-admin-TC-ADMI-97430-switch-them-on-in-dashboard-retry1/trace.zip
    Usage:
        yarn playwright show-trace .ai/qa/test-results/artifacts/.ai-qa-tests-admin-TC-ADMI-97430-switch-them-on-in-dashboard-retry1/trace.zip
    ────────────────────────────────────────────────────────────────────────────────────────────────
  2) .ai/qa/tests/integration/TC-INT-006.spec.ts:9:7 › TC-INT-006: Embedded Settings Headings on Resource and Team Member Detail › should render embedded settings sections without the old edit-form header rows 
    Error: Resource fixture should be created
    expect(received).toBeTruthy()
    Received: false
      24 |         data: { name: resourceName },
      25 |       });
    > 26 |       expect(resourceCreateResponse.ok(), 'Resource fixture should be created').toBeTruthy();
         |                                                                                 ^
      27 |       const resourceCreateBody = (await resourceCreateResponse.json()) as { id?: string | null };
      28 |       resourceId = typeof resourceCreateBody.id === 'string' ? resourceCreateBody.id : null;
      29 |       expect(resourceId, 'Resource id should be returned by create response').toBeTruthy();
        at /home/runner/work/open-mercato/open-mercato/.ai/qa/tests/integration/TC-INT-006.spec.ts:26:81
    attachment #1: screenshot (image/png) ──────────────────────────────────────────────────────────
    .ai/qa/test-results/artifacts/.ai-qa-tests-integration-T-c8859-e-old-edit-form-header-rows/test-failed-1.png
    ────────────────────────────────────────────────────────────────────────────────────────────────
    Error Context: .ai/qa/test-results/artifacts/.ai-qa-tests-integration-T-c8859-e-old-edit-form-header-rows/error-context.md
    Retry #1 ───────────────────────────────────────────────────────────────────────────────────────
    Error: Resource fixture should be created
    expect(received).toBeTruthy()
    Received: false
      24 |         data: { name: resourceName },
      25 |       });
    > 26 |       expect(resourceCreateResponse.ok(), 'Resource fixture should be created').toBeTruthy();
         |                                                                                 ^
      27 |       const resourceCreateBody = (await resourceCreateResponse.json()) as { id?: string | null };
      28 |       resourceId = typeof resourceCreateBody.id === 'string' ? resourceCreateBody.id : null;
      29 |       expect(resourceId, 'Resource id should be returned by create response').toBeTruthy();
        at /home/runner/work/open-mercato/open-mercato/.ai/qa/tests/integration/TC-INT-006.spec.ts:26:81
    attachment #1: screenshot (image/png) ──────────────────────────────────────────────────────────
    .ai/qa/test-results/artifacts/.ai-qa-tests-integration-T-c8859-e-old-edit-form-header-rows-retry1/test-failed-1.png
    ────────────────────────────────────────────────────────────────────────────────────────────────
    Error: Failed POST /api/customers/people: 404
    expect(received).toBeTruthy()
    Received: false
       at packages/core/src/helpers/integration/crmFixtures.ts:41
      39 |   const response = await apiRequest(request, 'POST', path, { token, data });
      40 |   const payload = await readJsonSafe(response);
    > 41 |   expect(response.ok(), `Failed POST ${path}: ${response.status()}`).toBeTruthy();
         |                                                                      ^
      42 |   const id = findStringByKeys(payload, idKeys);
      43 |   expect(id, `No id in ${path} response`).toBeTruthy();
      44 |   return id as string;
        at createEntity (/home/runner/work/open-mercato/open-mercato/packages/core/src/helpers/integration/crmFixtures.ts:41:70)
        at /home/runner/work/open-mercato/open-mercato/apps/mercato/src/modules/example/__integration__/TC-UMES-002.spec.ts:150:18
    Retry #1 ───────────────────────────────────────────────────────────────────────────────────────
    Error: Failed POST /api/customers/people: 404
    expect(received).toBeTruthy()
    Received: false
       at packages/core/src/helpers/integration/crmFixtures.ts:41
      39 |   const response = await apiRequest(request, 'POST', path, { token, data });
      40 |   const payload = await readJsonSafe(response);
    > 41 |   expect(response.ok(), `Failed POST ${path}: ${response.status()}`).toBeTruthy();
         |                                                                      ^
      42 |   const id = findStringByKeys(payload, idKeys);
      43 |   expect(id, `No id in ${path} response`).toBeTruthy();
      44 |   return id as string;
        at createEntity (/home/runner/work/open-mercato/open-mercato/packages/core/src/helpers/integration/crmFixtures.ts:41:70)
        at /home/runner/work/open-mercato/open-mercato/apps/mercato/src/modules/example/__integration__/TC-UMES-002.spec.ts:150:18
    attachment #1: trace (application/zip) ─────────────────────────────────────────────────────────
    .ai/qa/test-results/artifacts/apps-mercato-src-modules-e-98947--unchanged-after-enrichment-retry1/trace.zip
    Usage:
        yarn playwright show-trace .ai/qa/test-results/artifacts/apps-mercato-src-modules-e-98947--unchanged-after-enrichment-retry1/trace.zip
    ────────────────────────────────────────────────────────────────────────────────────────────────
  7) apps/mercato/src/modules/example/__integration__/TC-UMES-002.spec.ts:176:3 › TC-UMES-002: Response Enrichers › TC-UMES-R05: Response includes _meta.enrichedBy with enricher ID 
    Error: Failed POST /api/customers/people: 404
    expect(received).toBeTruthy()
    Received: false
       at packages/core/src/helpers/integration/crmFixtures.ts:41
      39 |   const response = await apiRequest(request, 'POST', path, { token, data });
      40 |   const payload = await readJsonSafe(response);
    > 41 |   expect(response.ok(), `Failed POST ${path}: ${response.status()}`).toBeTruthy();
         |                                                                      ^
      42 |   const id = findStringByKeys(payload, idKeys);
      43 |   expect(id, `No id in ${path} response`).toBeTruthy();
      44 |   return id as string;
        at createEntity (/home/runner/work/open-mercato/open-mercato/packages/core/src/helpers/integration/crmFixtures.ts:41:70)
        at /home/runner/work/open-mercato/open-mercato/apps/mercato/src/modules/example/__integration__/TC-UMES-002.spec.ts:182:18
    Retry #1 ───────────────────────────────────────────────────────────────────────────────────────
    Error: Failed POST /api/customers/people: 404
    expect(received).toBeTruthy()
    Received: false
       at packages/core/src/helpers/integration/crmFixtures.ts:41
      39 |   const response = await apiRequest(request, 'POST', path, { token, data });
      40 |   const payload = await readJsonSafe(response);
    > 41 |   expect(response.ok(), `Failed POST ${path}: ${response.status()}`).toBeTruthy();
         |                                                                      ^
      42 |   const id = findStringByKeys(payload, idKeys);
      43 |   expect(id, `No id in ${path} response`).toBeTruthy();
      44 |   return id as string;
        at createEntity (/home/runner/work/open-mercato/open-mercato/packages/core/src/helpers/integration/crmFixtures.ts:41:70)
        at /home/runner/work/open-mercato/open-mercato/apps/mercato/src/modules/example/__integration__/TC-UMES-002.spec.ts:182:18
    attachment #1: trace (application/zip) ─────────────────────────────────────────────────────────
    .ai/qa/test-results/artifacts/apps-mercato-src-modules-e-ec0af-enrichedBy-with-enricher-ID-retry1/trace.zip
    Usage:
        yarn playwright show-trace .ai/qa/test-results/artifacts/apps-mercato-src-modules-e-ec0af-enrichedBy-with-enricher-ID-retry1/trace.zip
    ────────────────────────────────────────────────────────────────────────────────────────────────
  8) apps/mercato/src/modules/example/__integration__/TC-UMES-002.spec.ts:203:3 › TC-UMES-002: Response Enrichers › TC-UMES-R03: Enricher respects ACL features 
    Error: Failed POST /api/customers/people: 404
    expect(received).toBeTruthy()
    Received: false
       at packages/core/src/helpers/integration/crmFixtures.ts:41
      39 |   const response = await apiRequest(request, 'POST', path, { token, data });
      40 |   const payload = await readJsonSafe(response);
    > 41 |   expect(response.ok(), `Failed POST ${path}: ${response.status()}`).toBeTruthy();
         |                                                                      ^
      42 |   const id = findStringByKeys(payload, idKeys);
      43 |   expect(id, `No id in ${path} response`).toBeTruthy();
      44 |   return id as string;
        at createEntity (/home/runner/work/open-mercato/open-mercato/packages/core/src/helpers/integration/crmFixtures.ts:41:70)
        at /home/runner/work/open-mercato/open-mercato/apps/mercato/src/modules/example/__integration__/TC-UMES-002.spec.ts:207:18
    Retry #1 ───────────────────────────────────────────────────────────────────────────────────────
    Error: Failed POST /api/customers/people: 404
    expect(received).toBeTruthy()
    Received: false
       at packages/core/src/helpers/integration/crmFixtures.ts:41
      39 |   const response = await apiRequest(request, 'POST', path, { token, data });
      40 |   const payload = await readJsonSafe(response);
    > 41 |   expect(response.ok(), `Failed POST ${path}: ${response.status()}`).toBeTruthy();
         |                                                                      ^
      42 |   const id = findStringByKeys(payload, idKeys);
      43 |   expect(id, `No id in ${path} response`).toBeTruthy();
      44 |   return id as string;
        at createEntity (/home/runner/work/open-mercato/open-mercato/packages/core/src/helpers/integration/crmFixtures.ts:41:70)
        at /home/runner/work/open-mercato/open-mercato/apps/mercato/src/modules/example/__integration__/TC-UMES-002.spec.ts:207:18
    attachment #1: trace (application/zip) ─────────────────────────────────────────────────────────
    .ai/qa/test-results/artifacts/apps-mercato-src-modules-e-6523e-icher-respects-ACL-features-retry1/trace.zip
    Usage:
        yarn playwright show-trace .ai/qa/test-results/artifacts/apps-mercato-src-modules-e-6523e-icher-respects-ACL-features-retry1/trace.zip
    ────────────────────────────────────────────────────────────────────────────────────────────────
  9) apps/mercato/src/modules/example/__integration__/TC-UMES-002.spec.ts:237:3 › TC-UMES-002: Response Enrichers › TC-UMES-R06: Enricher is tenant-scoped — no cross-org leakage 
    Error: Failed POST /api/customers/people: 404
    expect(received).toBeTruthy()
    Received: false
       at packages/core/src/helpers/integration/crmFixtures.ts:41
      39 |   const response = await apiRequest(request, 'POST', path, { token, data });
      40 |   const payload = await readJsonSafe(response);
    > 41 |   expect(response.ok(), `Failed POST ${path}: ${response.status()}`).toBeTruthy();
         |                                                                      ^
      42 |   const id = findStringByKeys(payload, idKeys);
      43 |   expect(id, `No id in ${path} response`).toBeTruthy();
      44 |   return id as string;
        at createEntity (/home/runner/work/open-mercato/open-mercato/packages/core/src/helpers/integration/crmFixtures.ts:41:70)
        at /home/runner/work/open-mercato/open-mercato/apps/mercato/src/modules/example/__integration__/TC-UMES-002.spec.ts:243:18
    Retry #1 ───────────────────────────────────────────────────────────────────────────────────────
    Error: Failed POST /api/customers/people: 404
    expect(received).toBeTruthy()
    Received: false
       at packages/core/src/helpers/integration/crmFixtures.ts:41
      39 |   const response = await apiRequest(request, 'POST', path, { token, data });
      40 |   const payload = await readJsonSafe(response);
    > 41 |   expect(response.ok(), `Failed POST ${path}: ${response.status()}`).toBeTruthy();
         |                                                                      ^
      42 |   const id = findStringByKeys(payload, idKeys);
      43 |   expect(id, `No id in ${path} response`).toBeTruthy();
      44 |   return id as string;
        at createEntity (/home/runner/work/open-mercato/open-mercato/packages/core/src/helpers/integration/crmFixtures.ts:41:70)
        at /home/runner/work/open-mercato/open-mercato/apps/mercato/src/modules/example/__integration__/TC-UMES-002.spec.ts:243:18
    attachment #1: trace (application/zip) ─────────────────────────────────────────────────────────
    .ai/qa/test-results/artifacts/apps-mercato-src-modules-e-52505-oped-—-no-cross-org-leakage-retry1/trace.zip
    Usage:
        yarn playwright show-trace .ai/qa/test-results/artifacts/apps-mercato-src-modules-e-52505-oped-—-no-cross-org-leakage-retry1/trace.zip
    ────────────────────────────────────────────────────────────────────────────────────────────────
  10) apps/mercato/src/modules/example/__integration__/TC-UMES-003.spec.ts:592:3 › TC-UMES-003: Events & DOM Bridge › TC-UMES-E17: Phase D harness probe returns enriched customer payload 
    Error: Failed POST /api/customers/people: 404
    expect(received).toBeTruthy()
    Received: false
       at packages/core/src/helpers/integration/crmFixtures.ts:41
      39 |   const response = await apiRequest(request, 'POST', path, { token, data });
      40 |   const payload = await readJsonSafe(response);
    > 41 |   expect(response.ok(), `Failed POST ${path}: ${response.status()}`).toBeTruthy();
         |                                                                      ^
      42 |   const id = findStringByKeys(payload, idKeys);
      43 |   expect(id, `No id in ${path} response`).toBeTruthy();
      44 |   return id as string;
        at createEntity (/home/runner/work/open-mercato/open-mercato/packages/core/src/helpers/integration/crmFixtures.ts:41:70)
        at /home/runner/work/open-mercato/open-mercato/apps/mercato/src/modules/example/__integration__/TC-UMES-003.spec.ts:600:18
    attachment #1: screenshot (image/png) ──────────────────────────────────────────────────────────
    .ai/qa/test-results/artifacts/apps-mercato-src-modules-e-7479b-s-enriched-customer-payload/test-failed-1.png
    ────────────────────────────────────────────────────────────────────────────────────────────────
    Retry #1 ───────────────────────────────────────────────────────────────────────────────────────
    Error: Failed POST /api/customers/people: 404
    expect(received).toBeTruthy()
    Received: false
       at packages/core/src/helpers/integration/crmFixtures.ts:41
      39 |   const response = await apiRequest(request, 'POST', path, { token, data });
      40 |   const payload = await readJsonSafe(response);
    > 41 |   expect(response.ok(), `Failed POST ${path}: ${response.status()}`).toBeTruthy();
         |                                                                      ^
      42 |   const id = findStringByKeys(payload, idKeys);
      43 |   expect(id, `No id in ${path} response`).toBeTruthy();
      44 |   return id as string;
        at createEntity (/home/runner/work/open-mercato/open-mercato/packages/core/src/helpers/integration/crmFixtures.ts:41:70)
        at /home/runner/work/open-mercato/open-mercato/apps/mercato/src/modules/example/__integration__/TC-UMES-003.spec.ts:600:18
    attachment #1: screenshot (image/png) ──────────────────────────────────────────────────────────
    .ai/qa/test-results/artifacts/apps-mercato-src-modules-e-7479b-s-enriched-customer-payload-retry1/test-failed-1.png
    ────────────────────────────────────────────────────────────────────────────────────────────────
    attachment #2: trace (application/zip) ─────────────────────────────────────────────────────────
    .ai/qa/test-results/artifacts/apps-mercato-src-modules-e-7479b-s-enriched-customer-payload-retry1/trace.zip
    Usage:
        yarn playwright show-trace .ai/qa/test-results/artifacts/apps-mercato-src-modules-e-7479b-s-enriched-customer-payload-retry1/trace.zip
    ────────────────────────────────────────────────────────────────────────────────────────────────
  11) apps/mercato/src/modules/example/__integration__/TC-UMES-004.spec.ts:102:3 › TC-UMES-004: Phase E-H completion › TC-UMES-I07: interceptor query rewrites remain tenant-safe for customer priority filter 
    Error: Failed POST /api/customers/people: 404
    expect(received).toBeTruthy()
    Received: false
       at packages/core/src/helpers/integration/crmFixtures.ts:41
      39 |   const response = await apiRequest(request, 'POST', path, { token, data });
      40 |   const payload = await readJsonSafe(response);
    > 41 |   expect(response.ok(), `Failed POST ${path}: ${response.status()}`).toBeTruthy();
         |                                                                      ^
      42 |   const id = findStringByKeys(payload, idKeys);
      43 |   expect(id, `No id in ${path} response`).toBeTruthy();
      44 |   return id as string;
        at createEntity (/home/runner/work/open-mercato/open-mercato/packages/core/src/helpers/integration/crmFixtures.ts:41:70)
        at /home/runner/work/open-mercato/open-mercato/apps/mercato/src/modules/example/__integration__/TC-UMES-004.spec.ts:106:18
    Retry #1 ───────────────────────────────────────────────────────────────────────────────────────
    Error: Failed POST /api/customers/people: 404
    expect(received).toBeTruthy()
    Received: false
       at packages/core/src/helpers/integration/crmFixtures.ts:41
      39 |   const response = await apiRequest(request, 'POST', path, { token, data });
      40 |   const payload = await readJsonSafe(response);
    > 41 |   expect(response.ok(), `Failed POST ${path}: ${response.status()}`).toBeTruthy();
         |                                                                      ^
      42 |   const id = findStringByKeys(payload, idKeys);
      43 |   expect(id, `No id in ${path} response`).toBeTruthy();
      44 |   return id as string;
        at createEntity (/home/runner/work/open-mercato/open-mercato/packages/core/src/helpers/integration/crmFixtures.ts:41:70)
        at /home/runner/work/open-mercato/open-mercato/apps/mercato/src/modules/example/__integration__/TC-UMES-004.spec.ts:106:18
    attachment #1: trace (application/zip) ─────────────────────────────────────────────────────────
    .ai/qa/test-results/artifacts/apps-mercato-src-modules-e-49c3b-or-customer-priority-filter-retry1/trace.zip
    Usage:
        yarn playwright show-trace .ai/qa/test-results/artifacts/apps-mercato-src-modules-e-49c3b-or-customer-priority-filter-retry1/trace.zip
    ────────────────────────────────────────────────────────────────────────────────────────────────
  12) apps/mercato/src/modules/example/__integration__/TC-UMES-004.spec.ts:135:3 › TC-UMES-004: Phase E-H completion › TC-UMES-D01/D02/D03/D04: DataTable extensions render column, row action, filters, and bulk action button 
    Error: Failed POST /api/customers/people: 404
    expect(received).toBeTruthy()
    Received: false
       at packages/core/src/helpers/integration/crmFixtures.ts:41
      39 |   const response = await apiRequest(request, 'POST', path, { token, data });
      40 |   const payload = await readJsonSafe(response);
    > 41 |   expect(response.ok(), `Failed POST ${path}: ${response.status()}`).toBeTruthy();
         |                                                                      ^
      42 |   const id = findStringByKeys(payload, idKeys);
      43 |   expect(id, `No id in ${path} response`).toBeTruthy();
      44 |   return id as string;
        at createEntity (/home/runner/work/open-mercato/open-mercato/packages/core/src/helpers/integration/crmFixtures.ts:41:70)
        at /home/runner/work/open-mercato/open-mercato/apps/mercato/src/modules/example/__integration__/TC-UMES-004.spec.ts:140:18
    attachment #1: screenshot (image/png) ──────────────────────────────────────────────────────────
    .ai/qa/test-results/artifacts/apps-mercato-src-modules-e-4a926-ters-and-bulk-action-button/test-failed-1.png
    ────────────────────────────────────────────────────────────────────────────────────────────────
    Retry #1 ───────────────────────────────────────────────────────────────────────────────────────
    Error: Failed POST /api/customers/people: 404
    expect(received).toBeTruthy()
    Received: false
       at packages/core/src/helpers/integration/crmFixtures.ts:41
      39 |   const response = await apiRequest(request, 'POST', path, { token, data });
      40 |   const payload = await readJsonSafe(response);
    > 41 |   expect(response.ok(), `Failed POST ${path}: ${response.status()}`).toBeTruthy();
         |                                                                      ^
      42 |   const id = findStringByKeys(payload, idKeys);
      43 |   expect(id, `No id in ${path} response`).toBeTruthy();
      44 |   return id as string;
        at createEntity (/home/runner/work/open-mercato/open-mercato/packages/core/src/helpers/integration/crmFixtures.ts:41:70)
        at /home/runner/work/open-mercato/open-mercato/apps/mercato/src/modules/example/__integration__/TC-UMES-004.spec.ts:140:18
    attachment #1: screenshot (image/png) ──────────────────────────────────────────────────────────
    .ai/qa/test-results/artifacts/apps-mercato-src-modules-e-4a926-ters-and-bulk-action-button-retry1/test-failed-1.png
    ────────────────────────────────────────────────────────────────────────────────────────────────
    attachment #2: trace (application/zip) ─────────────────────────────────────────────────────────
    .ai/qa/test-results/artifacts/apps-mercato-src-modules-e-4a926-ters-and-bulk-action-button-retry1/trace.zip
    Usage:
        yarn playwright show-trace .ai/qa/test-results/artifacts/apps-mercato-src-modules-e-4a926-ters-and-bulk-action-button-retry1/trace.zip
    ────────────────────────────────────────────────────────────────────────────────────────────────
  13) apps/mercato/src/modules/example/__integration__/TC-UMES-004.spec.ts:175:3 › TC-UMES-004: Phase E-H completion › TC-UMES-D06: injected bulk action executes against selected rows 
    Error: Failed POST /api/customers/people: 404
    expect(received).toBeTruthy()
    Received: false
       at packages/core/src/helpers/integration/crmFixtures.ts:41
      39 |   const response = await apiRequest(request, 'POST', path, { token, data });
      40 |   const payload = await readJsonSafe(response);
    > 41 |   expect(response.ok(), `Failed POST ${path}: ${response.status()}`).toBeTruthy();
         |                                                                      ^
      42 |   const id = findStringByKeys(payload, idKeys);
      43 |   expect(id, `No id in ${path} response`).toBeTruthy();
      44 |   return id as string;
        at createEntity (/home/runner/work/open-mercato/open-mercato/packages/core/src/helpers/integration/crmFixtures.ts:41:70)
        at /home/runner/work/open-mercato/open-mercato/apps/mercato/src/modules/example/__integration__/TC-UMES-004.spec.ts:180:18
    attachment #1: screenshot (image/png) ──────────────────────────────────────────────────────────
    .ai/qa/test-results/artifacts/apps-mercato-src-modules-e-267e8-cutes-against-selected-rows/test-failed-1.png
    ────────────────────────────────────────────────────────────────────────────────────────────────
    Retry #1 ───────────────────────────────────────────────────────────────────────────────────────
    Error: Failed POST /api/customers/people: 404
    expect(received).toBeTruthy()
    Received: false
       at packages/core/src/helpers/integration/crmFixtures.ts:41
      39 |   const response = await apiRequest(request, 'POST', path, { token, data });
      40 |   const payload = await readJsonSafe(response);
    > 41 |   expect(response.ok(), `Failed POST ${path}: ${response.status()}`).toBeTruthy();
         |                                                                      ^
      42 |   const id = findStringByKeys(payload, idKeys);
      43 |   expect(id, `No id in ${path} response`).toBeTruthy();
      44 |   return id as string;
        at createEntity (/home/runner/work/open-mercato/open-mercato/packages/core/src/helpers/integration/crmFixtures.ts:41:70)
        at /home/runner/work/open-mercato/open-mercato/apps/mercato/src/modules/example/__integration__/TC-UMES-004.spec.ts:180:18
    attachment #1: screenshot (image/png) ──────────────────────────────────────────────────────────
    .ai/qa/test-results/artifacts/apps-mercato-src-modules-e-267e8-cutes-against-selected-rows-retry1/test-failed-1.png
    ────────────────────────────────────────────────────────────────────────────────────────────────
    attachment #2: trace (application/zip) ─────────────────────────────────────────────────────────
    .ai/qa/test-results/artifacts/apps-mercato-src-modules-e-267e8-cutes-against-selected-rows-retry1/trace.zip
    Usage:
        yarn playwright show-trace .ai/qa/test-results/artifacts/apps-mercato-src-modules-e-267e8-cutes-against-selected-rows-retry1/trace.zip
    ────────────────────────────────────────────────────────────────────────────────────────────────
  14) apps/mercato/src/modules/example/__integration__/TC-UMES-004.spec.ts:224:3 › TC-UMES-004: Phase E-H completion › TC-UMES-D05: injected DataTable extensions are available for authorized employee role 
    Test timeout of 20000ms exceeded.
    Error: expect(locator).toBeVisible() failed
    Locator: getByRole('button', { name: 'Set normal priority' })
    Expected: visible
    Error: element(s) not found
    Call log:
      - Expect "toBeVisible" with timeout 20000ms
      - waiting for getByRole('button', { name: 'Set normal priority' })
      227 |     await page.waitForLoadState('domcontentloaded')
      228 |
    > 229 |     await expect(page.getByRole('button', { name: 'Set normal priority' })).toBeVisible()
          |                                                                             ^
      230 |     await page.getByRole('button', { name: 'Customize columns' }).click()
      231 |     await expect(page.getByText(/Example priority|example\.priority\.column/).first()).toBeVisible({ timeout: 10_000 })
      232 |   })
        at /home/runner/work/open-mercato/open-mercato/apps/mercato/src/modules/example/__integration__/TC-UMES-004.spec.ts:229:77
    attachment #1: screenshot (image/png) ──────────────────────────────────────────────────────────
    .ai/qa/test-results/artifacts/apps-mercato-src-modules-e-90be4-or-authorized-employee-role/test-failed-1.png
    ────────────────────────────────────────────────────────────────────────────────────────────────
    Error Context: .ai/qa/test-results/artifacts/apps-mercato-src-modules-e-90be4-or-authorized-employee-role/error-context.md
    Retry #1 ───────────────────────────────────────────────────────────────────────────────────────
    Test timeout of 20000ms exceeded.
    Error: expect(locator).toBeVisible() failed
    Locator: getByRole('button', { name: 'Set normal priority' })
    Expected: visible
    Error: element(s) not found
    Call log:
      - Expect "toBeVisible" with timeout 20000ms
      - waiting for getByRole('button', { name: 'Set normal priority' })
      227 |     await page.waitForLoadState('domcontentloaded')
      228 |
    > 229 |     await expect(page.getByRole('button', { name: 'Set normal priority' })).toBeVisible()
          |                                                                             ^
      230 |     await page.getByRole('button', { name: 'Customize columns' }).click()
      231 |     await expect(page.getByText(/Example priority|example\.priority\.column/).first()).toBeVisible({ timeout: 10_000 })
      232 |   })
        at /home/runner/work/open-mercato/open-mercato/apps/mercato/src/modules/example/__integration__/TC-UMES-004.spec.ts:229:77
    attachment #1: screenshot (image/png) ──────────────────────────────────────────────────────────
    .ai/qa/test-results/artifacts/apps-mercato-src-modules-e-90be4-or-authorized-employee-role-retry1/test-failed-1.png
    ────────────────────────────────────────────────────────────────────────────────────────────────
    Error Context: .ai/qa/test-results/artifacts/apps-mercato-src-modules-e-90be4-or-authorized-employee-role-retry1/error-context.md
    attachment #3: trace (application/zip) ─────────────────────────────────────────────────────────
    .ai/qa/test-results/artifacts/apps-mercato-src-modules-e-90be4-or-authorized-employee-role-retry1/trace.zip
    Usage:
        yarn playwright show-trace .ai/qa/test-results/artifacts/apps-mercato-src-modules-e-90be4-or-authorized-employee-role-retry1/trace.zip
    ────────────────────────────────────────────────────────────────────────────────────────────────
  15) apps/mercato/src/modules/example/__integration__/TC-UMES-004.spec.ts:234:3 › TC-UMES-004: Phase E-H completion › TC-UMES-CF01/CF02/CF03/CF04/CF05: detail injection priority field save path and payload boundaries 
    Error: Failed POST /api/customers/people: 404
    expect(received).toBeTruthy()
    Received: false
       at packages/core/src/helpers/integration/crmFixtures.ts:41
      39 |   const response = await apiRequest(request, 'POST', path, { token, data });
      40 |   const payload = await readJsonSafe(response);
    > 41 |   expect(response.ok(), `Failed POST ${path}: ${response.status()}`).toBeTruthy();
         |                                                                      ^
      42 |   const id = findStringByKeys(payload, idKeys);
      43 |   expect(id, `No id in ${path} response`).toBeTruthy();
      44 |   return id as string;
        at createEntity (/home/runner/work/open-mercato/open-mercato/packages/core/src/helpers/integration/crmFixtures.ts:41:70)
        at /home/runner/work/open-mercato/open-mercato/apps/mercato/src/modules/example/__integration__/TC-UMES-004.spec.ts:238:18
    attachment #1: screenshot (image/png) ──────────────────────────────────────────────────────────
    .ai/qa/test-results/artifacts/apps-mercato-src-modules-e-77a6e-path-and-payload-boundaries/test-failed-1.png
    ────────────────────────────────────────────────────────────────────────────────────────────────
    Retry #1 ───────────────────────────────────────────────────────────────────────────────────────
    Error: Failed POST /api/customers/people: 404
    expect(received).toBeTruthy()
    Received: false
       at packages/core/src/helpers/integration/crmFixtures.ts:41
      39 |   const response = await apiRequest(request, 'POST', path, { token, data });
      40 |   const payload = await readJsonSafe(response);
    > 41 |   expect(response.ok(), `Failed POST ${path}: ${response.status()}`).toBeTruthy();
         |                                                                      ^
      42 |   const id = findStringByKeys(payload, idKeys);
      43 |   expect(id, `No id in ${path} response`).toBeTruthy();
      44 |   return id as string;
        at createEntity (/home/runner/work/open-mercato/open-mercato/packages/core/src/helpers/integration/crmFixtures.ts:41:70)
        at /home/runner/work/open-mercato/open-mercato/apps/mercato/src/modules/example/__integration__/TC-UMES-004.spec.ts:238:18
    attachment #1: screenshot (image/png) ──────────────────────────────────────────────────────────
    .ai/qa/test-results/artifacts/apps-mercato-src-modules-e-77a6e-path-and-payload-boundaries-retry1/test-failed-1.png
    ────────────────────────────────────────────────────────────────────────────────────────────────
    attachment #2: trace (application/zip) ─────────────────────────────────────────────────────────
    .ai/qa/test-results/artifacts/apps-mercato-src-modules-e-77a6e-path-and-payload-boundaries-retry1/trace.zip
    Usage:
        yarn playwright show-trace .ai/qa/test-results/artifacts/apps-mercato-src-modules-e-77a6e-path-and-payload-boundaries-retry1/trace.zip
    ────────────────────────────────────────────────────────────────────────────────────────────────
  16) apps/mercato/src/modules/example/__integration__/TC-UMES-004.spec.ts:307:3 › TC-UMES-004: Phase E-H completion › TC-UMES-CR01/CR02/CR03: replacement handles and wrapper render 
    Error: Failed POST /api/customers/people: 404
    expect(received).toBeTruthy()
    Received: false
       at packages/core/src/helpers/integration/crmFixtures.ts:41
      39 |   const response = await apiRequest(request, 'POST', path, { token, data });
      40 |   const payload = await readJsonSafe(response);
    > 41 |   expect(response.ok(), `Failed POST ${path}: ${response.status()}`).toBeTruthy();
         |                                                                      ^
      42 |   const id = findStringByKeys(payload, idKeys);
      43 |   expect(id, `No id in ${path} response`).toBeTruthy();
      44 |   return id as string;
        at createEntity (/home/runner/work/open-mercato/open-mercato/packages/core/src/helpers/integration/crmFixtures.ts:41:70)
        at /home/runner/work/open-mercato/open-mercato/apps/mercato/src/modules/example/__integration__/TC-UMES-004.spec.ts:310:18
    attachment #1: screenshot (image/png) ──────────────────────────────────────────────────────────
    .ai/qa/test-results/artifacts/apps-mercato-src-modules-e-04165--handles-and-wrapper-render/test-failed-1.png
    ────────────────────────────────────────────────────────────────────────────────────────────────
    Retry #1 ───────────────────────────────────────────────────────────────────────────────────────
    Error: Failed POST /api/customers/people: 404
    expect(received).toBeTruthy()
    Received: false
       at packages/core/src/helpers/integration/crmFixtures.ts:41
      39 |   const response = await apiRequest(request, 'POST', path, { token, data });
      40 |   const payload = await readJsonSafe(response);
    > 41 |   expect(response.ok(), `Failed POST ${path}: ${response.status()}`).toBeTruthy();
         |                                                                      ^
      42 |   const id = findStringByKeys(payload, idKeys);
      43 |   expect(id, `No id in ${path} response`).toBeTruthy();
      44 |   return id as string;
        at createEntity (/home/runner/work/open-mercato/open-mercato/packages/core/src/helpers/integration/crmFixtures.ts:41:70)
        at /home/runner/work/open-mercato/open-mercato/apps/mercato/src/modules/example/__integration__/TC-UMES-004.spec.ts:310:18
    attachment #1: screenshot (image/png) ──────────────────────────────────────────────────────────
    .ai/qa/test-results/artifacts/apps-mercato-src-modules-e-04165--handles-and-wrapper-render-retry1/test-failed-1.png
    ────────────────────────────────────────────────────────────────────────────────────────────────
    attachment #2: trace (application/zip) ─────────────────────────────────────────────────────────
    .ai/qa/test-results/artifacts/apps-mercato-src-modules-e-04165--handles-and-wrapper-render-retry1/trace.zip
    Usage:
        yarn playwright show-trace .ai/qa/test-results/artifacts/apps-mercato-src-modules-e-04165--handles-and-wrapper-render-retry1/trace.zip
    ────────────────────────────────────────────────────────────────────────────────────────────────
  17) apps/mercato/src/modules/example/__integration__/TC-UMES-006-mutation-lifecycle.spec.ts:339:3 › TC-UMES-006: Mutation Lifecycle — API Tests › TC-UMES-ML07: command interceptor runs on customer operations without blocking 
    Error: Failed POST /api/customers/companies: 404
    expect(received).toBeTruthy()
    Received: false
       at packages/core/src/helpers/integration/crmFixtures.ts:41
      39 |   const response = await apiRequest(request, 'POST', path, { token, data });
      40 |   const payload = await readJsonSafe(response);
    > 41 |   expect(response.ok(), `Failed POST ${path}: ${response.status()}`).toBeTruthy();
         |                                                                      ^
      42 |   const id = findStringByKeys(payload, idKeys);
      43 |   expect(id, `No id in ${path} response`).toBeTruthy();
      44 |   return id as string;
        at createEntity (/home/runner/work/open-mercato/open-mercato/packages/core/src/helpers/integration/crmFixtures.ts:41:70)
        at /home/runner/work/open-mercato/open-mercato/apps/mercato/src/modules/example/__integration__/TC-UMES-006-mutation-lifecycle.spec.ts:345:19
    Retry #1 ───────────────────────────────────────────────────────────────────────────────────────
    Error: Failed POST /api/customers/companies: 404
    expect(received).toBeTruthy()
    Received: false
       at packages/core/src/helpers/integration/crmFixtures.ts:41
      39 |   const response = await apiRequest(request, 'POST', path, { token, data });
      40 |   const payload = await readJsonSafe(response);
    > 41 |   expect(response.ok(), `Failed POST ${path}: ${response.status()}`).toBeTruthy();
         |                                                                      ^
      42 |   const id = findStringByKeys(payload, idKeys);
      43 |   expect(id, `No id in ${path} response`).toBeTruthy();
      44 |   return id as string;
        at createEntity (/home/runner/work/open-mercato/open-mercato/packages/core/src/helpers/integration/crmFixtures.ts:41:70)
        at /home/runner/work/open-mercato/open-mercato/apps/mercato/src/modules/example/__integration__/TC-UMES-006-mutation-lifecycle.spec.ts:345:19
    attachment #1: trace (application/zip) ─────────────────────────────────────────────────────────
    .ai/qa/test-results/artifacts/apps-mercato-src-modules-e-4bc24-operations-without-blocking-retry1/trace.zip
    Usage:
        yarn playwright show-trace .ai/qa/test-results/artifacts/apps-mercato-src-modules-e-4bc24-operations-without-blocking-retry1/trace.zip
    ────────────────────────────────────────────────────────────────────────────────────────────────
  18) apps/mercato/src/modules/example/__integration__/TC-UMES-008.spec.ts:20:3 › TC-UMES-008: SPEC-042 + SPEC-043 › multi-id probe and reactive notification handler work on next phases page 
    Error: Failed POST /api/customers/people: 404
    expect(received).toBeTruthy()
    Received: false
       at packages/core/src/helpers/integration/crmFixtures.ts:41
      39 |   const response = await apiRequest(request, 'POST', path, { token, data });
      40 |   const payload = await readJsonSafe(response);
    > 41 |   expect(response.ok(), `Failed POST ${path}: ${response.status()}`).toBeTruthy();
         |                                                                      ^
      42 |   const id = findStringByKeys(payload, idKeys);
      43 |   expect(id, `No id in ${path} response`).toBeTruthy();
      44 |   return id as string;
        at createEntity (/home/runner/work/open-mercato/open-mercato/packages/core/src/helpers/integration/crmFixtures.ts:41:70)
        at /home/runner/work/open-mercato/open-mercato/apps/mercato/src/modules/example/__integration__/TC-UMES-008.spec.ts:25:19
    attachment #1: screenshot (image/png) ──────────────────────────────────────────────────────────
    .ai/qa/test-results/artifacts/apps-mercato-src-modules-e-6c5dd-er-work-on-next-phases-page/test-failed-1.png
    ────────────────────────────────────────────────────────────────────────────────────────────────
    Retry #1 ───────────────────────────────────────────────────────────────────────────────────────
    Error: Failed POST /api/customers/people: 404
    expect(received).toBeTruthy()
    Received: false
       at packages/core/src/helpers/integration/crmFixtures.ts:41
      39 |   const response = await apiRequest(request, 'POST', path, { token, data });
      40 |   const payload = await readJsonSafe(response);
    > 41 |   expect(response.ok(), `Failed POST ${path}: ${response.status()}`).toBeTruthy();
         |                                                                      ^
      42 |   const id = findStringByKeys(payload, idKeys);
      43 |   expect(id, `No id in ${path} response`).toBeTruthy();
      44 |   return id as string;
        at createEntity (/home/runner/work/open-mercato/open-mercato/packages/core/src/helpers/integration/crmFixtures.ts:41:70)
        at /home/runner/work/open-mercato/open-mercato/apps/mercato/src/modules/example/__integration__/TC-UMES-008.spec.ts:25:19
    attachment #1: screenshot (image/png) ──────────────────────────────────────────────────────────
    .ai/qa/test-results/artifacts/apps-mercato-src-modules-e-6c5dd-er-work-on-next-phases-page-retry1/test-failed-1.png
    ────────────────────────────────────────────────────────────────────────────────────────────────
    attachment #2: trace (application/zip) ─────────────────────────────────────────────────────────
    .ai/qa/test-results/artifacts/apps-mercato-src-modules-e-6c5dd-er-work-on-next-phases-page-retry1/trace.zip
    Usage:
        yarn playwright show-trace .ai/qa/test-results/artifacts/apps-mercato-src-modules-e-6c5dd-er-work-on-next-phases-page-retry1/trace.zip
    ────────────────────────────────────────────────────────────────────────────────────────────────
  19) apps/mercato/src/modules/example/__integration__/TC-UMES-010.spec.ts:18:3 › TC-UMES-010: DevTools panel › opens and closes via Ctrl+Shift+U keyboard shortcut 
    Test timeout of 20000ms exceeded.
    Error: expect(locator).toBeVisible() failed
    Locator: getByText('UMES DevTools')
    Expected: visible
    Error: element(s) not found
    Call log:
      - Expect "toBeVisible" with timeout 20000ms
      - waiting for getByText('UMES DevTools')
      25 |     // Open panel with Ctrl+Shift+U
      26 |     await page.keyboard.press('Control+Shift+U')
    > 27 |     await expect(page.getByText('UMES DevTools')).toBeVisible()
         |                                                   ^
      28 |
      29 |     // Close panel with Ctrl+Shift+U
      30 |     await page.keyboard.press('Control+Shift+U')
        at /home/runner/work/open-mercato/open-mercato/apps/mercato/src/modules/example/__integration__/TC-UMES-010.spec.ts:27:51
    attachment #1: screenshot (image/png) ──────────────────────────────────────────────────────────
    .ai/qa/test-results/artifacts/apps-mercato-src-modules-e-84fc1-l-Shift-U-keyboard-shortcut/test-failed-1.png
    ────────────────────────────────────────────────────────────────────────────────────────────────
    Error Context: .ai/qa/test-results/artifacts/apps-mercato-src-modules-e-84fc1-l-Shift-U-keyboard-shortcut/error-context.md
    Retry #1 ───────────────────────────────────────────────────────────────────────────────────────
    Test timeout of 20000ms exceeded.
    Error: expect(locator).toBeVisible() failed
    Locator: getByText('UMES DevTools')
    Expected: visible
    Error: element(s) not found
    Call log:
      - Expect "toBeVisible" with timeout 20000ms
      - waiting for getByText('UMES DevTools')
      25 |     // Open panel with Ctrl+Shift+U
      26 |     await page.keyboard.press('Control+Shift+U')
    > 27 |     await expect(page.getByText('UMES DevTools')).toBeVisible()
         |                                                   ^
      28 |
      29 |     // Close panel with Ctrl+Shift+U
      30 |     await page.keyboard.press('Control+Shift+U')
        at /home/runner/work/open-mercato/open-mercato/apps/mercato/src/modules/example/__integration__/TC-UMES-010.spec.ts:27:51
    attachment #1: screenshot (image/png) ──────────────────────────────────────────────────────────
    .ai/qa/test-results/artifacts/apps-mercato-src-modules-e-84fc1-l-Shift-U-keyboard-shortcut-retry1/test-failed-1.png
    ────────────────────────────────────────────────────────────────────────────────────────────────
    Error Context: .ai/qa/test-results/artifacts/apps-mercato-src-modules-e-84fc1-l-Shift-U-keyboard-shortcut-retry1/error-context.md
    attachment #3: trace (application/zip) ─────────────────────────────────────────────────────────
    .ai/qa/test-results/artifacts/apps-mercato-src-modules-e-84fc1-l-Shift-U-keyboard-shortcut-retry1/trace.zip
    Usage:
        yarn playwright show-trace .ai/qa/test-results/artifacts/apps-mercato-src-modules-e-84fc1-l-Shift-U-keyboard-shortcut-retry1/trace.zip
    ────────────────────────────────────────────────────────────────────────────────────────────────
  20) apps/mercato/src/modules/example/__integration__/TC-UMES-010.spec.ts:34:3 › TC-UMES-010: DevTools panel › shows extension count badge and registered extensions 
    Test timeout of 20000ms exceeded.
    Error: expect(locator).toBeVisible() failed
    Locator: getByText('UMES DevTools')
    Expected: visible
    Error: element(s) not found
    Call log:
      - Expect "toBeVisible" with timeout 20000ms
      - waiting for getByText('UMES DevTools')
      38 |     // Open the DevTools panel
      39 |     await page.keyboard.press('Control+Shift+U')
    > 40 |     await expect(page.getByText('UMES DevTools')).toBeVisible()
         |                                                   ^
      41 |
      42 |     // Should show extension count badge (at least 1 ext from example module)
      43 |     const extBadge = page.locator('text=/\\d+ ext/')
        at /home/runner/work/open-mercato/open-mercato/apps/mercato/src/modules/example/__integration__/TC-UMES-010.spec.ts:40:51
    attachment #1: screenshot (image/png) ──────────────────────────────────────────────────────────
    .ai/qa/test-results/artifacts/apps-mercato-src-modules-e-63d00-e-and-registered-extensions/test-failed-1.png
    ────────────────────────────────────────────────────────────────────────────────────────────────
    Error Context: .ai/qa/test-results/artifacts/apps-mercato-src-modules-e-63d00-e-and-registered-extensions/error-context.md
    Retry #1 ───────────────────────────────────────────────────────────────────────────────────────
    Test timeout of 20000ms exceeded.
    Error: expect(locator).toBeVisible() failed
    Locator: getByText('UMES DevTools')
    Expected: visible
    Error: element(s) not found
    Call log:
      - Expect "toBeVisible" with timeout 20000ms
      - waiting for getByText('UMES DevTools')
      38 |     // Open the DevTools panel
      39 |     await page.keyboard.press('Control+Shift+U')
    > 40 |     await expect(page.getByText('UMES DevTools')).toBeVisible()
         |                                                   ^
      41 |
      42 |     // Should show extension count badge (at least 1 ext from example module)
      43 |     const extBadge = page.locator('text=/\\d+ ext/')
        at /home/runner/work/open-mercato/open-mercato/apps/mercato/src/modules/example/__integration__/TC-UMES-010.spec.ts:40:51
    attachment #1: screenshot (image/png) ──────────────────────────────────────────────────────────
    .ai/qa/test-results/artifacts/apps-mercato-src-modules-e-63d00-e-and-registered-extensions-retry1/test-failed-1.png
    ────────────────────────────────────────────────────────────────────────────────────────────────
    Error Context: .ai/qa/test-results/artifacts/apps-mercato-src-modules-e-63d00-e-and-registered-extensions-retry1/error-context.md
    attachment #3: trace (application/zip) ─────────────────────────────────────────────────────────
    .ai/qa/test-results/artifacts/apps-mercato-src-modules-e-63d00-e-and-registered-extensions-retry1/trace.zip
    Usage:
        yarn playwright show-trace .ai/qa/test-results/artifacts/apps-mercato-src-modules-e-63d00-e-and-registered-extensions-retry1/trace.zip
    ────────────────────────────────────────────────────────────────────────────────────────────────
  21) apps/mercato/src/modules/example/__integration__/TC-UMES-010.spec.ts:52:3 › TC-UMES-010: DevTools panel › switches between tabs 
    Test timeout of 20000ms exceeded.
    Error: expect(locator).toBeVisible() failed
    Locator: getByText('UMES DevTools')
    Expected: visible
    Error: element(s) not found
    Call log:
      - Expect "toBeVisible" with timeout 20000ms
      - waiting for getByText('UMES DevTools')
      55 |
      56 |     await page.keyboard.press('Control+Shift+U')
    > 57 |     await expect(page.getByText('UMES DevTools')).toBeVisible()
         |                                                   ^
      58 |
      59 |     // Click through all tabs and verify they render
      60 |     const tabNames = ['Conflicts', 'Timing', 'Interceptors', 'Events']
        at /home/runner/work/open-mercato/open-mercato/apps/mercato/src/modules/example/__integration__/TC-UMES-010.spec.ts:57:51
    attachment #1: screenshot (image/png) ──────────────────────────────────────────────────────────
    .ai/qa/test-results/artifacts/apps-mercato-src-modules-e-683f8-panel-switches-between-tabs/test-failed-1.png
    ────────────────────────────────────────────────────────────────────────────────────────────────
    Error Context: .ai/qa/test-results/artifacts/apps-mercato-src-modules-e-683f8-panel-switches-between-tabs/error-context.md
    Retry #1 ───────────────────────────────────────────────────────────────────────────────────────
    Test timeout of 20000ms exceeded.
    Error: expect(locator).toBeVisible() failed
    Locator: getByText('UMES DevTools')
    Expected: visible
    Error: element(s) not found
    Call log:
      - Expect "toBeVisible" with timeout 20000ms
      - waiting for getByText('UMES DevTools')
      55 |
      56 |     await page.keyboard.press('Control+Shift+U')
    > 57 |     await expect(page.getByText('UMES DevTools')).toBeVisible()
         |                                                   ^
      58 |
      59 |     // Click through all tabs and verify they render
      60 |     const tabNames = ['Conflicts', 'Timing', 'Interceptors', 'Events']
        at /home/runner/work/open-mercato/open-mercato/apps/mercato/src/modules/example/__integration__/TC-UMES-010.spec.ts:57:51
    attachment #1: screenshot (image/png) ──────────────────────────────────────────────────────────
    .ai/qa/test-results/artifacts/apps-mercato-src-modules-e-683f8-panel-switches-between-tabs-retry1/test-failed-1.png
    ────────────────────────────────────────────────────────────────────────────────────────────────
    Error Context: .ai/qa/test-results/artifacts/apps-mercato-src-modules-e-683f8-panel-switches-between-tabs-retry1/error-context.md
    attachment #3: trace (application/zip) ─────────────────────────────────────────────────────────
    .ai/qa/test-results/artifacts/apps-mercato-src-modules-e-683f8-panel-switches-between-tabs-retry1/trace.zip
    Usage:
        yarn playwright show-trace .ai/qa/test-results/artifacts/apps-mercato-src-modules-e-683f8-panel-switches-between-tabs-retry1/trace.zip
    ────────────────────────────────────────────────────────────────────────────────────────────────
  22) apps/mercato/src/modules/example/__integration__/TC-UMES-010.spec.ts:70:3 › TC-UMES-010: DevTools panel › refresh button updates data 
    Test timeout of 20000ms exceeded.
    Error: expect(locator).toBeVisible() failed
    Locator: getByText('UMES DevTools')
    Expected: visible
    Error: element(s) not found
    Call log:
      - Expect "toBeVisible" with timeout 20000ms
      - waiting for getByText('UMES DevTools')
      73 |
      74 |     await page.keyboard.press('Control+Shift+U')
    > 75 |     await expect(page.getByText('UMES DevTools')).toBeVisible()
         |                                                   ^
      76 |
      77 |     // Click the Refresh button inside the DevTools panel (scoped to avoid collision with page-level Refresh)
      78 |     const devToolsPanel = page.locator('.fixed.inset-y-0.right-0')
        at /home/runner/work/open-mercato/open-mercato/apps/mercato/src/modules/example/__integration__/TC-UMES-010.spec.ts:75:51
    attachment #1: screenshot (image/png) ──────────────────────────────────────────────────────────
    .ai/qa/test-results/artifacts/apps-mercato-src-modules-e-7b057-refresh-button-updates-data/test-failed-1.png
    ────────────────────────────────────────────────────────────────────────────────────────────────
    Error Context: .ai/qa/test-results/artifacts/apps-mercato-src-modules-e-7b057-refresh-button-updates-data/error-context.md
    Retry #1 ───────────────────────────────────────────────────────────────────────────────────────
    Test timeout of 20000ms exceeded.
    Error: expect(locator).toBeVisible() failed
    Locator: getByText('UMES DevTools')
    Expected: visible
    Error: element(s) not found
    Call log:
      - Expect "toBeVisible" with timeout 20000ms
      - waiting for getByText('UMES DevTools')
      73 |
      74 |     await page.keyboard.press('Control+Shift+U')
    > 75 |     await expect(page.getByText('UMES DevTools')).toBeVisible()
         |                                                   ^
      76 |
      77 |     // Click the Refresh button inside the DevTools panel (scoped to avoid collision with page-level Refresh)
      78 |     const devToolsPanel = page.locator('.fixed.inset-y-0.right-0')
        at /home/runner/work/open-mercato/open-mercato/apps/mercato/src/modules/example/__integration__/TC-UMES-010.spec.ts:75:51
    attachment #1: screenshot (image/png) ──────────────────────────────────────────────────────────
    .ai/qa/test-results/artifacts/apps-mercato-src-modules-e-7b057-refresh-button-updates-data-retry1/test-failed-1.png
    ────────────────────────────────────────────────────────────────────────────────────────────────
    Error Context: .ai/qa/test-results/artifacts/apps-mercato-src-modules-e-7b057-refresh-button-updates-data-retry1/error-context.md
    attachment #3: trace (application/zip) ─────────────────────────────────────────────────────────
    .ai/qa/test-results/artifacts/apps-mercato-src-modules-e-7b057-refresh-button-updates-data-retry1/trace.zip
    Usage:
        yarn playwright show-trace .ai/qa/test-results/artifacts/apps-mercato-src-modules-e-7b057-refresh-button-updates-data-retry1/trace.zip
    ────────────────────────────────────────────────────────────────────────────────────────────────
  23) apps/mercato/src/modules/example/__integration__/TC-UMES-010.spec.ts:87:3 › TC-UMES-010: DevTools panel › close button dismisses the panel 
    Test timeout of 20000ms exceeded.
    Error: expect(locator).toBeVisible() failed
    Locator: getByText('UMES DevTools')
    Expected: visible
    Error: element(s) not found
    Call log:
      - Expect "toBeVisible" with timeout 20000ms
      - waiting for getByText('UMES DevTools')
      90 |
      91 |     await page.keyboard.press('Control+Shift+U')
    > 92 |     await expect(page.getByText('UMES DevTools')).toBeVisible()
         |                                                   ^
      93 |
      94 |     // Click the close button (×)
      95 |     await page.getByRole('button', { name: 'Close DevTools' }).click()
        at /home/runner/work/open-mercato/open-mercato/apps/mercato/src/modules/example/__integration__/TC-UMES-010.spec.ts:92:51
    attachment #1: screenshot (image/png) ──────────────────────────────────────────────────────────
    .ai/qa/test-results/artifacts/apps-mercato-src-modules-e-929ff--button-dismisses-the-panel/test-failed-1.png
    ────────────────────────────────────────────────────────────────────────────────────────────────
    Error Context: .ai/qa/test-results/artifacts/apps-mercato-src-modules-e-929ff--button-dismisses-the-panel/error-context.md
    Retry #1 ───────────────────────────────────────────────────────────────────────────────────────
    Test timeout of 20000ms exceeded.
    Error: expect(locator).toBeVisible() failed
    Locator: getByText('UMES DevTools')
    Expected: visible
    Error: element(s) not found
    Call log:
      - Expect "toBeVisible" with timeout 20000ms
      - waiting for getByText('UMES DevTools')
      90 |
      91 |     await page.keyboard.press('Control+Shift+U')
    > 92 |     await expect(page.getByText('UMES DevTools')).toBeVisible()
         |                                                   ^
      93 |
      94 |     // Click the close button (×)
      95 |     await page.getByRole('button', { name: 'Close DevTools' }).click()
        at /home/runner/work/open-mercato/open-mercato/apps/mercato/src/modules/example/__integration__/TC-UMES-010.spec.ts:92:51
    attachment #1: screenshot (image/png) ──────────────────────────────────────────────────────────
    .ai/qa/test-results/artifacts/apps-mercato-src-modules-e-929ff--button-dismisses-the-panel-retry1/test-failed-1.png
    ────────────────────────────────────────────────────────────────────────────────────────────────
    Error Context: .ai/qa/test-results/artifacts/apps-mercato-src-modules-e-929ff--button-dismisses-the-panel-retry1/error-context.md
    attachment #3: trace (application/zip) ─────────────────────────────────────────────────────────
    .ai/qa/test-results/artifacts/apps-mercato-src-modules-e-929ff--button-dismisses-the-panel-retry1/trace.zip
    Usage:
        yarn playwright show-trace .ai/qa/test-results/artifacts/apps-mercato-src-modules-e-929ff--button-dismisses-the-panel-retry1/trace.zip
    ────────────────────────────────────────────────────────────────────────────────────────────────
  24) apps/mercato/src/modules/example/__integration__/TC-UMES-010.spec.ts:99:3 › TC-UMES-010: DevTools panel › conflicts tab shows no conflicts message when clean 
    Test timeout of 20000ms exceeded.
    Error: locator.click: Test timeout of 20000ms exceeded.
    Call log:
      - waiting for getByRole('button', { name: 'Conflicts' })
      102 |
      103 |     await page.keyboard.press('Control+Shift+U')
    > 104 |     await page.getByRole('button', { name: 'Conflicts' }).click()
          |                                                           ^
      105 |
      106 |     // With the default module setup, there should be no conflicts
      107 |     await expect(page.getByText('No conflicts detected')).toBeVisible()
        at /home/runner/work/open-mercato/open-mercato/apps/mercato/src/modules/example/__integration__/TC-UMES-010.spec.ts:104:59
    attachment #1: screenshot (image/png) ──────────────────────────────────────────────────────────
    .ai/qa/test-results/artifacts/apps-mercato-src-modules-e-65c22-onflicts-message-when-clean/test-failed-1.png
    ────────────────────────────────────────────────────────────────────────────────────────────────
    Error Context: .ai/qa/test-results/artifacts/apps-mercato-src-modules-e-65c22-onflicts-message-when-clean/error-context.md
    Retry #1 ───────────────────────────────────────────────────────────────────────────────────────
    Test timeout of 20000ms exceeded.
    Error: locator.click: Test timeout of 20000ms exceeded.
    Call log:
      - waiting for getByRole('button', { name: 'Conflicts' })
      102 |
      103 |     await page.keyboard.press('Control+Shift+U')
    > 104 |     await page.getByRole('button', { name: 'Conflicts' }).click()
          |                                                           ^
      105 |
      106 |     // With the default module setup, there should be no conflicts
      107 |     await expect(page.getByText('No conflicts detected')).toBeVisible()
        at /home/runner/work/open-mercato/open-mercato/apps/mercato/src/modules/example/__integration__/TC-UMES-010.spec.ts:104:59
    attachment #1: screenshot (image/png) ──────────────────────────────────────────────────────────
    .ai/qa/test-results/artifacts/apps-mercato-src-modules-e-65c22-onflicts-message-when-clean-retry1/test-failed-1.png
    ────────────────────────────────────────────────────────────────────────────────────────────────
    Error Context: .ai/qa/test-results/artifacts/apps-mercato-src-modules-e-65c22-onflicts-message-when-clean-retry1/error-context.md
    attachment #3: trace (application/zip) ─────────────────────────────────────────────────────────
    .ai/qa/test-results/artifacts/apps-mercato-src-modules-e-65c22-onflicts-message-when-clean-retry1/trace.zip
    Usage:
        yarn playwright show-trace .ai/qa/test-results/artifacts/apps-mercato-src-modules-e-65c22-onflicts-message-when-clean-retry1/trace.zip
    ────────────────────────────────────────────────────────────────────────────────────────────────
  25) apps/mercato/src/modules/example/__integration__/TC-UMES-010.spec.ts:110:3 › TC-UMES-010: DevTools panel › timing tab shows enricher timing data after API call 
    Test timeout of 20000ms exceeded.
    Error: expect(locator).toBeVisible() failed
    Locator: getByText('UMES DevTools')
    Expected: visible
    Error: element(s) not found
    Call log:
      - Expect "toBeVisible" with timeout 20000ms
      - waiting for getByText('UMES DevTools')
      114 |
      115 |     await page.keyboard.press('Control+Shift+U')
    > 116 |     await expect(page.getByText('UMES DevTools')).toBeVisible()
          |                                                   ^
      117 |
      118 |     const devToolsPanel = page.locator('.fixed.inset-y-0.right-0')
      119 |     await devToolsPanel.getByRole('button', { name: 'Timing' }).click()
        at /home/runner/work/open-mercato/open-mercato/apps/mercato/src/modules/example/__integration__/TC-UMES-010.spec.ts:116:51
    attachment #1: screenshot (image/png) ──────────────────────────────────────────────────────────
    .ai/qa/test-results/artifacts/apps-mercato-src-modules-e-49b68--timing-data-after-API-call/test-failed-1.png
    ────────────────────────────────────────────────────────────────────────────────────────────────
    Error Context: .ai/qa/test-results/artifacts/apps-mercato-src-modules-e-49b68--timing-data-after-API-call/error-context.md
    Retry #1 ───────────────────────────────────────────────────────────────────────────────────────
    Test timeout of 20000ms exceeded.
    Error: expect(locator).toBeVisible() failed
    Locator: getByText('UMES DevTools')
    Expected: visible
    Error: element(s) not found
    Call log:
      - Expect "toBeVisible" with timeout 20000ms
      - waiting for getByText('UMES DevTools')
      114 |
      115 |     await page.keyboard.press('Control+Shift+U')
    > 116 |     await expect(page.getByText('UMES DevTools')).toBeVisible()
          |                                                   ^
      117 |
      118 |     const devToolsPanel = page.locator('.fixed.inset-y-0.right-0')
      119 |     await devToolsPanel.getByRole('button', { name: 'Timing' }).click()
        at /home/runner/work/open-mercato/open-mercato/apps/mercato/src/modules/example/__integration__/TC-UMES-010.spec.ts:116:51
    attachment #1: screenshot (image/png) ──────────────────────────────────────────────────────────
    .ai/qa/test-results/artifacts/apps-mercato-src-modules-e-49b68--timing-data-after-API-call-retry1/test-failed-1.png
    ────────────────────────────────────────────────────────────────────────────────────────────────
    Error Context: .ai/qa/test-results/artifacts/apps-mercato-src-modules-e-49b68--timing-data-after-API-call-retry1/error-context.md
    attachment #3: trace (application/zip) ─────────────────────────────────────────────────────────
    .ai/qa/test-results/artifacts/apps-mercato-src-modules-e-49b68--timing-data-after-API-call-retry1/trace.zip
    Usage:
        yarn playwright show-trace .ai/qa/test-results/artifacts/apps-mercato-src-modules-e-49b68--timing-data-after-API-call-retry1/trace.zip
    ────────────────────────────────────────────────────────────────────────────────────────────────
  26) apps/mercato/src/modules/example/__integration__/TC-UMES-010.spec.ts:133:3 › TC-UMES-010: DevTools panel › shows footer with toggle hint 
    Test timeout of 20000ms exceeded.
    Error: expect(locator).toBeVisible() failed
    Locator: getByText('Ctrl+Shift+U to toggle')
    Expected: visible
    Error: element(s) not found
    Call log:
      - Expect "toBeVisible" with timeout 20000ms
      - waiting for getByText('Ctrl+Shift+U to toggle')
      136 |
      137 |     await page.keyboard.press('Control+Shift+U')
    > 138 |     await expect(page.getByText('Ctrl+Shift+U to toggle')).toBeVisible()
          |                                                            ^
      139 |     await expect(page.getByText('Dev mode only')).toBeVisible()
      140 |   })
      141 | })
        at /home/runner/work/open-mercato/open-mercato/apps/mercato/src/modules/example/__integration__/TC-UMES-010.spec.ts:138:60
    attachment #1: screenshot (image/png) ──────────────────────────────────────────────────────────
    .ai/qa/test-results/artifacts/apps-mercato-src-modules-e-66d12-ows-footer-with-toggle-hint/test-failed-1.png
    ────────────────────────────────────────────────────────────────────────────────────────────────
    Error Context: .ai/qa/test-results/artifacts/apps-mercato-src-modules-e-66d12-ows-footer-with-toggle-hint/error-context.md
    Retry #1 ───────────────────────────────────────────────────────────────────────────────────────
    Test timeout of 20000ms exceeded.
    Error: expect(locator).toBeVisible() failed
    Locator: getByText('Ctrl+Shift+U to toggle')
[coverage] Playwright run failed: Command failed: npx playwright test --config .ai/qa/tests/playwright.config.ts (exit 1).
[coverage] Continuing to generate coverage report from collected V8 data...
[coverage] Generating code coverage report...
npm warn exec The following package was not found and will be installed: c8@11.0.0
=============================== Coverage summary ===============================
Statements   : 53.1% ( 49246/92725 )
Branches     : 54.35% ( 1777/3269 )
Functions    : 27.48% ( 854/3107 )
Lines        : 53.1% ( 49246/92725 )
================================================================================
[coverage] Coverage totals:
💥 Failed: Command failed: npx playwright test --config .ai/qa/tests/playwright.config.ts (exit 1).
  lines: 49246/92725 (53.1%)
  statements: 49246/92725 (53.1%)
  functions: 854/3107 (27.48%)
  branches: 1777/3269 (54.35%)
[coverage] Integration test results:
  status: failed
  passed: 304
  failed: 96
  flaky: 0
  skipped: 10
  total: 410
[coverage] HTML report: .ai/qa/test-results/coverage/code/index.html
[coverage] Code coverage summary: lines=53.1%, statements=53.1%, functions=27.48%, branches=54.35%
[coverage] Test run summary: passed=304, failed=96, flaky=0, skipped=10, total=410
[coverage] Use --json for machine-readable output or --keep-raw-v8 to keep raw process coverage files.
Error: Process completed with exit code 1.